Archive member included to satisfy reference by file (symbol)

c:/program files (x86)/gnu arm embedded toolchain/9 2020-q2-update/bin/../lib/gcc/arm-none-eabi/9.3.1/../../../../arm-none-eabi/lib/thumb/v7e-m+fp/hard\libc_nano.a(lib_a-ctype_.o)
                              _build/nrf52832_xxaa/nrf_log_str_formatter.c.o (_ctype_)
c:/program files (x86)/gnu arm embedded toolchain/9 2020-q2-update/bin/../lib/gcc/arm-none-eabi/9.3.1/../../../../arm-none-eabi/lib/thumb/v7e-m+fp/hard\libc_nano.a(lib_a-exit.o)
                              c:/program files (x86)/gnu arm embedded toolchain/9 2020-q2-update/bin/../lib/gcc/arm-none-eabi/9.3.1/../../../../arm-none-eabi/lib/thumb/v7e-m+fp/hard/crt0.o (exit)
c:/program files (x86)/gnu arm embedded toolchain/9 2020-q2-update/bin/../lib/gcc/arm-none-eabi/9.3.1/../../../../arm-none-eabi/lib/thumb/v7e-m+fp/hard\libc_nano.a(lib_a-impure.o)
                              c:/program files (x86)/gnu arm embedded toolchain/9 2020-q2-update/bin/../lib/gcc/arm-none-eabi/9.3.1/../../../../arm-none-eabi/lib/thumb/v7e-m+fp/hard\libc_nano.a(lib_a-exit.o) (_global_impure_ptr)
c:/program files (x86)/gnu arm embedded toolchain/9 2020-q2-update/bin/../lib/gcc/arm-none-eabi/9.3.1/../../../../arm-none-eabi/lib/thumb/v7e-m+fp/hard\libc_nano.a(lib_a-init.o)
                              c:/program files (x86)/gnu arm embedded toolchain/9 2020-q2-update/bin/../lib/gcc/arm-none-eabi/9.3.1/../../../../arm-none-eabi/lib/thumb/v7e-m+fp/hard/crt0.o (__libc_init_array)
c:/program files (x86)/gnu arm embedded toolchain/9 2020-q2-update/bin/../lib/gcc/arm-none-eabi/9.3.1/../../../../arm-none-eabi/lib/thumb/v7e-m+fp/hard\libc_nano.a(lib_a-memcpy-stub.o)
                              _build/nrf52832_xxaa/nrf_log_frontend.c.o (memcpy)
c:/program files (x86)/gnu arm embedded toolchain/9 2020-q2-update/bin/../lib/gcc/arm-none-eabi/9.3.1/../../../../arm-none-eabi/lib/thumb/v7e-m+fp/hard\libc_nano.a(lib_a-memset.o)
                              c:/program files (x86)/gnu arm embedded toolchain/9 2020-q2-update/bin/../lib/gcc/arm-none-eabi/9.3.1/../../../../arm-none-eabi/lib/thumb/v7e-m+fp/hard/crt0.o (memset)
c:/program files (x86)/gnu arm embedded toolchain/9 2020-q2-update/bin/../lib/gcc/arm-none-eabi/9.3.1/../../../../arm-none-eabi/lib/thumb/v7e-m+fp/hard\libc_nano.a(lib_a-strlen.o)
                              _build/nrf52832_xxaa/nrf_log_frontend.c.o (strlen)
c:/program files (x86)/gnu arm embedded toolchain/9 2020-q2-update/bin/../lib/gcc/arm-none-eabi/9.3.1/../../../../arm-none-eabi/lib/thumb/v7e-m+fp/hard\libnosys.a(_exit.o)
                              c:/program files (x86)/gnu arm embedded toolchain/9 2020-q2-update/bin/../lib/gcc/arm-none-eabi/9.3.1/../../../../arm-none-eabi/lib/thumb/v7e-m+fp/hard\libc_nano.a(lib_a-exit.o) (_exit)

Allocating common symbols
Common symbol       size              file

nrf_drv_uart_use_easy_dma
                    0x1               _build/nrf52832_xxaa/nrf_drv_uart.c.o

Discarded input sections

 .text          0x00000000        0x0 c:/program files (x86)/gnu arm embedded toolchain/9 2020-q2-update/bin/../lib/gcc/arm-none-eabi/9.3.1/thumb/v7e-m+fp/hard/crti.o
 .data          0x00000000        0x0 c:/program files (x86)/gnu arm embedded toolchain/9 2020-q2-update/bin/../lib/gcc/arm-none-eabi/9.3.1/thumb/v7e-m+fp/hard/crti.o
 .bss           0x00000000        0x0 c:/program files (x86)/gnu arm embedded toolchain/9 2020-q2-update/bin/../lib/gcc/arm-none-eabi/9.3.1/thumb/v7e-m+fp/hard/crti.o
 .data          0x00000000        0x4 c:/program files (x86)/gnu arm embedded toolchain/9 2020-q2-update/bin/../lib/gcc/arm-none-eabi/9.3.1/thumb/v7e-m+fp/hard/crtbegin.o
 .data          0x00000000        0x0 c:/program files (x86)/gnu arm embedded toolchain/9 2020-q2-update/bin/../lib/gcc/arm-none-eabi/9.3.1/../../../../arm-none-eabi/lib/thumb/v7e-m+fp/hard/crt0.o
 .bss           0x00000000        0x0 c:/program files (x86)/gnu arm embedded toolchain/9 2020-q2-update/bin/../lib/gcc/arm-none-eabi/9.3.1/../../../../arm-none-eabi/lib/thumb/v7e-m+fp/hard/crt0.o
 .ARM.extab     0x00000000        0x0 c:/program files (x86)/gnu arm embedded toolchain/9 2020-q2-update/bin/../lib/gcc/arm-none-eabi/9.3.1/../../../../arm-none-eabi/lib/thumb/v7e-m+fp/hard/crt0.o
 .data          0x00000000        0x0 _build/nrf52832_xxaa/gcc_startup_nrf52.S.o
 .bss           0x00000000        0x0 _build/nrf52832_xxaa/gcc_startup_nrf52.S.o
 .group         0x00000000        0xc _build/nrf52832_xxaa/nrf_log_backend_rtt.c.o
 .group         0x00000000        0xc _build/nrf52832_xxaa/nrf_log_backend_rtt.c.o
 .group         0x00000000        0xc _build/nrf52832_xxaa/nrf_log_backend_rtt.c.o
 .group         0x00000000        0xc _build/nrf52832_xxaa/nrf_log_backend_rtt.c.o
 .group         0x00000000        0xc _build/nrf52832_xxaa/nrf_log_backend_rtt.c.o
 .group         0x00000000        0xc _build/nrf52832_xxaa/nrf_log_backend_rtt.c.o
[...]
Memory Configuration

Name             Origin             Length             Attributes
FLASH            0x00000000         0x00080000         xr
RAM              0x20000000         0x00010000         xrw
*default*        0x00000000         0xffffffff

Linker script and memory map


.text           0x00000000     0x4234
 *(.isr_vector)
 .isr_vector    0x00000000      0x200 _build/nrf52832_xxaa/gcc_startup_nrf52.S.o
                0x00000000                __isr_vector
 *(.text*)
 .text          0x00000200       0x40 c:/program files (x86)/gnu arm embedded toolchain/9 2020-q2-update/bin/../lib/gcc/arm-none-eabi/9.3.1/thumb/v7e-m+fp/hard/crtbegin.o
 .text          0x00000240       0x7c c:/program files (x86)/gnu arm embedded toolchain/9 2020-q2-update/bin/../lib/gcc/arm-none-eabi/9.3.1/../../../../arm-none-eabi/lib/thumb/v7e-m+fp/hard/crt0.o
                0x00000240                _stack_init
                0x00000248                _start
                0x00000248                _mainCRTStartup
 .text          0x000002bc       0x3c _build/nrf52832_xxaa/gcc_startup_nrf52.S.o
                0x000002bc                Reset_Handler
                0x000002e4                NMI_Handler
                0x000002e6                HardFault_Handler
                0x000002e8                MemoryManagement_Handler
                0x000002ea                BusFault_Handler
                0x000002ec                UsageFault_Handler
                0x000002ee                SVC_Handler
                0x000002f0                DebugMon_Handler
                0x000002f2                PendSV_Handler
                0x000002f4                SysTick_Handler
                0x000002f6                QDEC_IRQHandler
                0x000002f6                TIMER3_IRQHandler
                0x000002f6                FPU_IRQHandler
                0x000002f6                TEMP_IRQHandler
                0x000002f6                RADIO_IRQHandler
                0x000002f6                TIMER4_IRQHandler
                0x000002f6                I2S_IRQHandler
                0x000002f6                SWI4_EGU4_IRQHandler
                0x000002f6                SPIM0_SPIS0_TWIM0_TWIS0_SPI0_TWI0_IRQHandler
                0x000002f6                PWM1_IRQHandler
                0x000002f6                ECB_IRQHandler
                0x000002f6                SPIM1_SPIS1_TWIM1_TWIS1_SPI1_TWI1_IRQHandler
                0x000002f6                Default_Handler
                0x000002f6                SAADC_IRQHandler
                0x000002f6                CCM_AAR_IRQHandler
                0x000002f6                WDT_IRQHandler
                0x000002f6                PDM_IRQHandler
                0x000002f6                SWI5_EGU5_IRQHandler
                0x000002f6                RNG_IRQHandler
                0x000002f6                RTC2_IRQHandler
                0x000002f6                PWM0_IRQHandler
                0x000002f6                SWI3_EGU3_IRQHandler
                0x000002f6                SWI1_EGU1_IRQHandler
                0x000002f6                SPIM2_SPIS2_SPI2_IRQHandler
                0x000002f6                NFCT_IRQHandler
                0x000002f6                SWI2_EGU2_IRQHandler
                0x000002f6                MWU_IRQHandler
                0x000002f6                PWM2_IRQHandler
                0x000002f6                COMP_LPCOMP_IRQHandler
 .text.nrf_log_backend_serial_put
                0x000002f8       0xd8 _build/nrf52832_xxaa/nrf_log_backend_serial.c.o
                0x000002f8                nrf_log_backend_serial_put
 .text.uart_evt_handler
                0x000003d0        0xc _build/nrf52832_xxaa/nrf_log_backend_uart.c.o
 .text.nrf_log_backend_uart_flush
                0x000003dc        0x4 _build/nrf52832_xxaa/nrf_log_backend_uart.c.o
 .text.nrf_log_backend_uart_put
                0x000003e0       0x20 _build/nrf52832_xxaa/nrf_log_backend_uart.c.o
 .text.serial_tx
                0x00000400       0x4c _build/nrf52832_xxaa/nrf_log_backend_uart.c.o
 .text.nrf_log_backend_uart_panic_set
                0x0000044c       0x7c _build/nrf52832_xxaa/nrf_log_backend_uart.c.o
 .text.nrf_log_backend_uart_init
                0x000004c8       0x68 _build/nrf52832_xxaa/nrf_log_backend_uart.c.o
                0x000004c8                nrf_log_backend_uart_init
 .text.nrf_log_default_backends_init
                0x00000530       0x20 _build/nrf52832_xxaa/nrf_log_default_backends.c.o
                0x00000530                nrf_log_default_backends_init
 .text.nrf_log_init
                0x00000550       0x40 _build/nrf52832_xxaa/nrf_log_frontend.c.o
                0x00000550                nrf_log_init
 .text.nrf_log_module_name_get
                0x00000590       0x48 _build/nrf52832_xxaa/nrf_log_frontend.c.o
                0x00000590                nrf_log_module_name_get
 .text.nrf_log_color_id_get
                0x000005d8       0x2c _build/nrf52832_xxaa/nrf_log_frontend.c.o
                0x000005d8                nrf_log_color_id_get
 .text.nrf_log_frontend_dequeue
                0x00000604      0x26c _build/nrf52832_xxaa/nrf_log_frontend.c.o
                0x00000604                nrf_log_frontend_dequeue
 .text.nrf_log_frontend_std_0
                0x00000870      0x198 _build/nrf52832_xxaa/nrf_log_frontend.c.o
                0x00000870                nrf_log_frontend_std_0
 .text.nrf_log_frontend_std_1
                0x00000a08      0x1a4 _build/nrf52832_xxaa/nrf_log_frontend.c.o
                0x00000a08                nrf_log_frontend_std_1
 .text.nrf_log_backend_add
                0x00000bac       0x5c _build/nrf52832_xxaa/nrf_log_frontend.c.o
                0x00000bac                nrf_log_backend_add
 .text.nrf_log_panic
                0x00000c08       0x2c _build/nrf52832_xxaa/nrf_log_frontend.c.o
                0x00000c08                nrf_log_panic
 .text.prefix_process
                0x00000c34       0x80 _build/nrf52832_xxaa/nrf_log_str_formatter.c.o
 .text.nrf_log_std_entry_process
                0x00000cb4       0xf0 _build/nrf52832_xxaa/nrf_log_str_formatter.c.o
                0x00000cb4                nrf_log_std_entry_process
 .text.nrf_log_hexdump_entry_process
                0x00000da4       0xfc _build/nrf52832_xxaa/nrf_log_str_formatter.c.o
                0x00000da4                nrf_log_hexdump_entry_process
 .text.bsp_board_init
                0x00000ea0       0x48 _build/nrf52832_xxaa/boards.c.o
                0x00000ea0                bsp_board_init
 .text.app_error_handler_bare
                0x00000ee8       0x20 _build/nrf52832_xxaa/app_error.c.o
                0x00000ee8                app_error_handler_bare
 .text.app_error_fault_handler
                0x00000f08       0x70 _build/nrf52832_xxaa/app_error_weak.c.o
                0x00000f08                app_error_fault_handler
 .text.app_util_critical_region_enter
                0x00000f78       0x10 _build/nrf52832_xxaa/app_util_platform.c.o
                0x00000f78                app_util_critical_region_enter
 .text.app_util_critical_region_exit
                0x00000f88       0x14 _build/nrf52832_xxaa/app_util_platform.c.o
                0x00000f88                app_util_critical_region_exit
 .text.nrf_atomic_u32_fetch_store
                0x00000f9c       0x1c _build/nrf52832_xxaa/nrf_atomic.c.o
                0x00000f9c                nrf_atomic_u32_fetch_store
 .text.nrf_atomic_u32_add
                0x00000fb8       0x1c _build/nrf52832_xxaa/nrf_atomic.c.o
                0x00000fb8                nrf_atomic_u32_add
 .text.nrf_atomic_u32_sub
                0x00000fd4       0x1c _build/nrf52832_xxaa/nrf_atomic.c.o
                0x00000fd4                nrf_atomic_u32_sub
 .text.nrf_atomic_flag_set
                0x00000ff0       0x20 _build/nrf52832_xxaa/nrf_atomic.c.o
                0x00000ff0                nrf_atomic_flag_set
 .text.nrf_atomic_flag_clear_fetch
                0x00001010       0x20 _build/nrf52832_xxaa/nrf_atomic.c.o
                0x00001010                nrf_atomic_flag_clear_fetch
 .text.nrf_balloc_init
                0x00001030       0x38 _build/nrf52832_xxaa/nrf_balloc.c.o
                0x00001030                nrf_balloc_init
 .text.nrf_balloc_alloc
                0x00001068       0x4c _build/nrf52832_xxaa/nrf_balloc.c.o
                0x00001068                nrf_balloc_alloc
 .text.nrf_balloc_free
                0x000010b4       0x2c _build/nrf52832_xxaa/nrf_balloc.c.o
                0x000010b4                nrf_balloc_free
 .text.RTC1_IRQHandler
                0x000010e0       0xa0 _build/nrf52832_xxaa/app_timer.c.o
                0x000010e0                RTC1_IRQHandler
 .text.SWI0_EGU0_IRQHandler
                0x00001180      0x3e0 _build/nrf52832_xxaa/app_timer.c.o
                0x00001180                SWI0_EGU0_IRQHandler
 .text.app_timer_init
                0x00001560       0xa8 _build/nrf52832_xxaa/app_timer.c.o
                0x00001560                app_timer_init
 .text.app_timer_create
                0x00001608       0x24 _build/nrf52832_xxaa/app_timer.c.o
                0x00001608                app_timer_create
 .text.app_timer_start
                0x0000162c       0xa4 _build/nrf52832_xxaa/app_timer.c.o
                0x0000162c                app_timer_start
 .text.nrf_fprintf_buffer_flush
                0x000016d0       0x18 _build/nrf52832_xxaa/nrf_fprintf.c.o
                0x000016d0                nrf_fprintf_buffer_flush
 .text.nrf_fprintf
                0x000016e8       0x20 _build/nrf52832_xxaa/nrf_fprintf.c.o
                0x000016e8                nrf_fprintf
 .text.unsigned_print
                0x00001708      0x14c _build/nrf52832_xxaa/nrf_fprintf_format.c.o
 .text.nrf_fprintf_fmt
                0x00001854      0x5cc _build/nrf52832_xxaa/nrf_fprintf_format.c.o
                0x00001854                nrf_fprintf_fmt
 .text.nrf_memobj_pool_init
                0x00001e20        0x4 _build/nrf52832_xxaa/nrf_memobj.c.o
                0x00001e20                nrf_memobj_pool_init
 .text.nrf_memobj_alloc
                0x00001e24       0x94 _build/nrf52832_xxaa/nrf_memobj.c.o
                0x00001e24                nrf_memobj_alloc
 .text.nrf_memobj_get
                0x00001eb8        0x8 _build/nrf52832_xxaa/nrf_memobj.c.o
                0x00001eb8                nrf_memobj_get
 .text.nrf_memobj_put
                0x00001ec0       0x58 _build/nrf52832_xxaa/nrf_memobj.c.o
                0x00001ec0                nrf_memobj_put
 .text.nrf_memobj_write
                0x00001f18       0x68 _build/nrf52832_xxaa/nrf_memobj.c.o
                0x00001f18                nrf_memobj_write
 .text.nrf_memobj_read
                0x00001f80       0x68 _build/nrf52832_xxaa/nrf_memobj.c.o
                0x00001f80                nrf_memobj_read
 .text.nrf_ringbuf_init
                0x00001fe8       0x1c _build/nrf52832_xxaa/nrf_ringbuf.c.o
                0x00001fe8                nrf_ringbuf_init
 .text.nrf_drv_ppi_init
                0x00002004       0x14 _build/nrf52832_xxaa/nrf_drv_ppi.c.o
                0x00002004                nrf_drv_ppi_init
 .text.uarte_evt_handler
                0x00002018       0x34 _build/nrf52832_xxaa/nrf_drv_uart.c.o
 .text.uart_evt_handler
                0x0000204c       0x34 _build/nrf52832_xxaa/nrf_drv_uart.c.o
 .text.nrf_drv_uart_init
                0x00002080       0x80 _build/nrf52832_xxaa/nrf_drv_uart.c.o
                0x00002080                nrf_drv_uart_init
 .text.clock_irq_handler
                0x00002100       0x44 _build/nrf52832_xxaa/nrf_drv_clock.c.o
 .text.nrf_drv_clock_init
                0x00002144       0x38 _build/nrf52832_xxaa/nrf_drv_clock.c.o
                0x00002144                nrf_drv_clock_init
 .text.nrf_drv_clock_lfclk_request
                0x0000217c       0x5c _build/nrf52832_xxaa/nrf_drv_clock.c.o
                0x0000217c                nrf_drv_clock_lfclk_request
 .text.nrfx_clock_init
                0x000021d8       0x18 _build/nrf52832_xxaa/nrfx_clock.c.o
                0x000021d8                nrfx_clock_init
 .text.nrfx_clock_enable
                0x000021f0       0x24 _build/nrf52832_xxaa/nrfx_clock.c.o
                0x000021f0                nrfx_clock_enable
 .text.nrfx_clock_lfclk_start
                0x00002214       0x60 _build/nrf52832_xxaa/nrfx_clock.c.o
                0x00002214                nrfx_clock_lfclk_start
 .text.POWER_CLOCK_IRQHandler
                0x00002274       0x6c _build/nrf52832_xxaa/nrfx_clock.c.o
                0x00002274                POWER_CLOCK_IRQHandler
 .text.RTC0_IRQHandler
                0x000022e0       0xb0 _build/nrf52832_xxaa/nrfx_rtc.c.o
                0x000022e0                RTC0_IRQHandler
 .text.nrfx_gpiote_init
                0x00002390       0x90 _build/nrf52832_xxaa/nrfx_gpiote.c.o
                0x00002390                nrfx_gpiote_init
 .text.nrfx_gpiote_out_init
                0x00002420      0x110 _build/nrf52832_xxaa/nrfx_gpiote.c.o
                0x00002420                nrfx_gpiote_out_init
 .text.nrfx_gpiote_out_toggle
                0x00002530       0x20 _build/nrf52832_xxaa/nrfx_gpiote.c.o
                0x00002530                nrfx_gpiote_out_toggle
 .text.nrfx_gpiote_out_task_enable
                0x00002550       0x24 _build/nrf52832_xxaa/nrfx_gpiote.c.o
                0x00002550                nrfx_gpiote_out_task_enable
 .text.nrfx_gpiote_out_task_addr_get
                0x00002574       0x1c _build/nrf52832_xxaa/nrfx_gpiote.c.o
                0x00002574                nrfx_gpiote_out_task_addr_get
 .text.nrfx_gpiote_in_init
                0x00002590      0x140 _build/nrf52832_xxaa/nrfx_gpiote.c.o
                0x00002590                nrfx_gpiote_in_init
 .text.nrfx_gpiote_in_event_enable
                0x000026d0       0xbc _build/nrf52832_xxaa/nrfx_gpiote.c.o
                0x000026d0                nrfx_gpiote_in_event_enable
 .text.GPIOTE_IRQHandler
                0x0000278c      0x300 _build/nrf52832_xxaa/nrfx_gpiote.c.o
                0x0000278c                GPIOTE_IRQHandler
 .text.nrfx_ppi_channel_alloc
                0x00002a8c       0x68 _build/nrf52832_xxaa/nrfx_ppi.c.o
                0x00002a8c                nrfx_ppi_channel_alloc
 .text.nrfx_ppi_channel_assign
                0x00002af4       0x4c _build/nrf52832_xxaa/nrfx_ppi.c.o
                0x00002af4                nrfx_ppi_channel_assign
 .text.nrfx_ppi_channel_enable
                0x00002b40       0x2c _build/nrf52832_xxaa/nrfx_ppi.c.o
                0x00002b40                nrfx_ppi_channel_enable
 .text.nrfx_timer_init
                0x00002b6c       0xf0 _build/nrf52832_xxaa/nrfx_timer.c.o
                0x00002b6c                nrfx_timer_init
 .text.nrfx_timer_enable
                0x00002c5c       0x1c _build/nrf52832_xxaa/nrfx_timer.c.o
                0x00002c5c                nrfx_timer_enable
 .text.nrfx_timer_pause
                0x00002c78        0x8 _build/nrf52832_xxaa/nrfx_timer.c.o
                0x00002c78                nrfx_timer_pause
 .text.nrfx_timer_extended_compare
                0x00002c80       0x60 _build/nrf52832_xxaa/nrfx_timer.c.o
                0x00002c80                nrfx_timer_extended_compare
 .text.TIMER0_IRQHandler
                0x00002ce0       0x58 _build/nrf52832_xxaa/nrfx_timer.c.o
                0x00002ce0                TIMER0_IRQHandler
 .text.TIMER1_IRQHandler
                0x00002d38       0x58 _build/nrf52832_xxaa/nrfx_timer.c.o
                0x00002d38                TIMER1_IRQHandler
 .text.TIMER2_IRQHandler
                0x00002d90       0x58 _build/nrf52832_xxaa/nrfx_timer.c.o
                0x00002d90                TIMER2_IRQHandler
 .text.UARTE0_UART0_IRQHandler
                0x00002de8        0xc _build/nrf52832_xxaa/nrfx_prs.c.o
                0x00002de8                UARTE0_UART0_IRQHandler
 .text.nrfx_prs_acquire
                0x00002df4       0x3c _build/nrf52832_xxaa/nrfx_prs.c.o
                0x00002df4                nrfx_prs_acquire
 .text.nrfx_prs_release
                0x00002e30       0x18 _build/nrf52832_xxaa/nrfx_prs.c.o
                0x00002e30                nrfx_prs_release
 .text.nrfx_uart_0_irq_handler
                0x00002e48      0x1c4 _build/nrf52832_xxaa/nrfx_uart.c.o
                0x00002e48                nrfx_uart_0_irq_handler
 .text.nrfx_uart_init
                0x0000300c      0x19c _build/nrf52832_xxaa/nrfx_uart.c.o
                0x0000300c                nrfx_uart_init
 .text.nrfx_uart_uninit
                0x000031a8       0xcc _build/nrf52832_xxaa/nrfx_uart.c.o
                0x000031a8                nrfx_uart_uninit
 .text.nrfx_uart_tx
                0x00003274       0xd0 _build/nrf52832_xxaa/nrfx_uart.c.o
                0x00003274                nrfx_uart_tx
 .text.nrfx_uarte_0_irq_handler
                0x00003344      0x168 _build/nrf52832_xxaa/nrfx_uarte.c.o
                0x00003344                nrfx_uarte_0_irq_handler
 .text.nrfx_uarte_init
                0x000034ac      0x1d4 _build/nrf52832_xxaa/nrfx_uarte.c.o
                0x000034ac                nrfx_uarte_init
 .text.nrfx_uarte_uninit
                0x00003680      0x108 _build/nrf52832_xxaa/nrfx_uarte.c.o
                0x00003680                nrfx_uarte_uninit
 .text.nrfx_uarte_tx
                0x00003788       0xb4 _build/nrf52832_xxaa/nrfx_uarte.c.o
                0x00003788                nrfx_uarte_tx
 .text.gpiote_evt_handler
                0x0000383c        0x4 _build/nrf52832_xxaa/main.c.o
 .text.repeated_timer_handler
                0x00003840        0x8 _build/nrf52832_xxaa/main.c.o
 .text.timer0_event_handler
                0x00003848       0x60 _build/nrf52832_xxaa/main.c.o
 .text.startup.main
                0x000038a8      0x200 _build/nrf52832_xxaa/main.c.o
                0x000038a8                main
 .text.SystemInit
                0x00003aa8      0x3b4 _build/nrf52832_xxaa/system_nrf52.c.o
                0x00003aa8                SystemInit
 .text.exit     0x00003e5c       0x28 c:/program files (x86)/gnu arm embedded toolchain/9 2020-q2-update/bin/../lib/gcc/arm-none-eabi/9.3.1/../../../../arm-none-eabi/lib/thumb/v7e-m+fp/hard\libc_nano.a(lib_a-exit.o)
                0x00003e5c                exit
 .text.__libc_init_array
                0x00003e84       0x48 c:/program files (x86)/gnu arm embedded toolchain/9 2020-q2-update/bin/../lib/gcc/arm-none-eabi/9.3.1/../../../../arm-none-eabi/lib/thumb/v7e-m+fp/hard\libc_nano.a(lib_a-init.o)
                0x00003e84                __libc_init_array
 .text.memcpy   0x00003ecc       0x1c c:/program files (x86)/gnu arm embedded toolchain/9 2020-q2-update/bin/../lib/gcc/arm-none-eabi/9.3.1/../../../../arm-none-eabi/lib/thumb/v7e-m+fp/hard\libc_nano.a(lib_a-memcpy-stub.o)
                0x00003ecc                memcpy
 .text.memset   0x00003ee8       0x10 c:/program files (x86)/gnu arm embedded toolchain/9 2020-q2-update/bin/../lib/gcc/arm-none-eabi/9.3.1/../../../../arm-none-eabi/lib/thumb/v7e-m+fp/hard\libc_nano.a(lib_a-memset.o)
                0x00003ee8                memset
 .text          0x00003ef8       0x10 c:/program files (x86)/gnu arm embedded toolchain/9 2020-q2-update/bin/../lib/gcc/arm-none-eabi/9.3.1/../../../../arm-none-eabi/lib/thumb/v7e-m+fp/hard\libc_nano.a(lib_a-strlen.o)
                0x00003ef8                strlen
 .text._exit    0x00003f08        0x4 c:/program files (x86)/gnu arm embedded toolchain/9 2020-q2-update/bin/../lib/gcc/arm-none-eabi/9.3.1/../../../../arm-none-eabi/lib/thumb/v7e-m+fp/hard\libnosys.a(_exit.o)
                0x00003f08                _exit
 *(.init)
 .init          0x00003f0c        0x4 c:/program files (x86)/gnu arm embedded toolchain/9 2020-q2-update/bin/../lib/gcc/arm-none-eabi/9.3.1/thumb/v7e-m+fp/hard/crti.o
                0x00003f0c                _init
 .init          0x00003f10        0x8 c:/program files (x86)/gnu arm embedded toolchain/9 2020-q2-update/bin/../lib/gcc/arm-none-eabi/9.3.1/thumb/v7e-m+fp/hard/crtn.o
 *(.fini)
 .fini          0x00003f18        0x4 c:/program files (x86)/gnu arm embedded toolchain/9 2020-q2-update/bin/../lib/gcc/arm-none-eabi/9.3.1/thumb/v7e-m+fp/hard/crti.o
                0x00003f18                _fini
 .fini          0x00003f1c        0x8 c:/program files (x86)/gnu arm embedded toolchain/9 2020-q2-update/bin/../lib/gcc/arm-none-eabi/9.3.1/thumb/v7e-m+fp/hard/crtn.o
 *crtbegin.o(.ctors)
 *crtbegin?.o(.ctors)
 *(EXCLUDE_FILE(*crtend.o *crtend?.o) .ctors)
 *(SORT_BY_NAME(.ctors.*))
 *(.ctors)
 *crtbegin.o(.dtors)
 *crtbegin?.o(.dtors)
 *(EXCLUDE_FILE(*crtend.o *crtend?.o) .dtors)
 *(SORT_BY_NAME(.dtors.*))
 *(.dtors)
 *(.rodata*)
 .rodata        0x00003f24       0x20 _build/nrf52832_xxaa/nrf_log_backend_uart.c.o
 .rodata.nrf_log_backend_uart_api
                0x00003f44        0xc _build/nrf52832_xxaa/nrf_log_backend_uart.c.o
                0x00003f44                nrf_log_backend_uart_api
 .rodata.str1.4
                0x00003f50       0x11 _build/nrf52832_xxaa/nrf_log_default_backends.c.o
 *fill*         0x00003f61        0x3 
 .rodata.nrf_log_frontend_dequeue.str1.4
                0x00003f64       0x11 _build/nrf52832_xxaa/nrf_log_frontend.c.o
 *fill*         0x00003f75        0x3 
 .rodata.str1.4
                0x00003f78        0x4 _build/nrf52832_xxaa/nrf_log_frontend.c.o
 .rodata.m_log_push_ringbuf
                0x00003f7c        0xc _build/nrf52832_xxaa/nrf_log_frontend.c.o
 .rodata.prefix_process.str1.4
                0x00003f88       0x36 _build/nrf52832_xxaa/nrf_log_str_formatter.c.o
 *fill*         0x00003fbe        0x2 
 .rodata.nrf_log_std_entry_process.str1.4
                0x00003fc0        0x3 _build/nrf52832_xxaa/nrf_log_str_formatter.c.o
 *fill*         0x00003fc3        0x1 
 .rodata.nrf_log_hexdump_entry_process.str1.4
                0x00003fc4       0x13 _build/nrf52832_xxaa/nrf_log_str_formatter.c.o
                                 0x16 (size before relaxing)
 *fill*         0x00003fd7        0x1 
 .rodata.str1.4
                0x00003fd8       0x56 _build/nrf52832_xxaa/nrf_log_str_formatter.c.o
 *fill*         0x0000402e        0x2 
 .rodata.m_colors
                0x00004030       0x24 _build/nrf52832_xxaa/nrf_log_str_formatter.c.o
 .rodata.severity_names
                0x00004054       0x14 _build/nrf52832_xxaa/nrf_log_str_formatter.c.o
 .rodata.app_error_fault_handler.str1.4
                0x00004068       0x19 _build/nrf52832_xxaa/app_error_weak.c.o
 *fill*         0x00004081        0xf 
 .rodata.delay_machine_code.8426
                0x00004090        0x6 _build/nrf52832_xxaa/app_timer.c.o
 *fill*         0x00004096        0x2 
 .rodata._aV2C.7510
                0x00004098       0x10 _build/nrf52832_xxaa/nrf_fprintf_format.c.o
 .rodata.str1.4
                0x000040a8        0x6 _build/nrf52832_xxaa/nrf_drv_clock.c.o
 *fill*         0x000040ae        0x2 
 .rodata.str1.4
                0x000040b0        0x6 _build/nrf52832_xxaa/nrfx_clock.c.o
 *fill*         0x000040b6        0x2 
 .rodata.str1.4
                0x000040b8        0x4 _build/nrf52832_xxaa/nrfx_rtc.c.o
 .rodata.str1.4
                0x000040bc        0x7 _build/nrf52832_xxaa/nrfx_gpiote.c.o
 *fill*         0x000040c3        0x1 
 .rodata.str1.4
                0x000040c4        0x4 _build/nrf52832_xxaa/nrfx_ppi.c.o
 .rodata.str1.4
                0x000040c8        0x6 _build/nrf52832_xxaa/nrfx_timer.c.o
 *fill*         0x000040ce        0x2 
 .rodata.str1.4
                0x000040d0        0x4 _build/nrf52832_xxaa/nrfx_prs.c.o
 .rodata.str1.4
                0x000040d4        0x5 _build/nrf52832_xxaa/nrfx_uart.c.o
 *fill*         0x000040d9        0x3 
 .rodata.str1.4
                0x000040dc        0x6 _build/nrf52832_xxaa/nrfx_uarte.c.o
 *fill*         0x000040e2        0x2 
 .rodata.main.str1.4
                0x000040e4       0x34 _build/nrf52832_xxaa/main.c.o
 .rodata        0x00004118        0x3 _build/nrf52832_xxaa/main.c.o
 *fill*         0x0000411b        0x1 
 .rodata.m_repeated_timer_id
                0x0000411c        0x4 _build/nrf52832_xxaa/main.c.o
 .rodata.m_timer0
                0x00004120        0x8 _build/nrf52832_xxaa/main.c.o
 .rodata._ctype_
                0x00004128      0x101 c:/program files (x86)/gnu arm embedded toolchain/9 2020-q2-update/bin/../lib/gcc/arm-none-eabi/9.3.1/../../../../arm-none-eabi/lib/thumb/v7e-m+fp/hard\libc_nano.a(lib_a-ctype_.o)
                0x00004128                _ctype_
 *fill*         0x00004229        0x3 
 .rodata._global_impure_ptr
                0x0000422c        0x4 c:/program files (x86)/gnu arm embedded toolchain/9 2020-q2-update/bin/../lib/gcc/arm-none-eabi/9.3.1/../../../../arm-none-eabi/lib/thumb/v7e-m+fp/hard\libc_nano.a(lib_a-impure.o)
                0x0000422c                _global_impure_ptr
 *(.eh_frame*)
 .eh_frame      0x00004230        0x0 c:/program files (x86)/gnu arm embedded toolchain/9 2020-q2-update/bin/../lib/gcc/arm-none-eabi/9.3.1/thumb/v7e-m+fp/hard/crtbegin.o
 .eh_frame      0x00004230        0x4 c:/program files (x86)/gnu arm embedded toolchain/9 2020-q2-update/bin/../lib/gcc/arm-none-eabi/9.3.1/thumb/v7e-m+fp/hard/crtend.o

.glue_7         0x00004234        0x0
 .glue_7        0x00004234        0x0 linker stubs

.glue_7t        0x00004234        0x0
 .glue_7t       0x00004234        0x0 linker stubs

.vfp11_veneer   0x00004234        0x0
 .vfp11_veneer  0x00004234        0x0 linker stubs

.v4_bx          0x00004234        0x0
 .v4_bx         0x00004234        0x0 linker stubs

.iplt           0x00004234        0x0
 .iplt          0x00004234        0x0 c:/program files (x86)/gnu arm embedded toolchain/9 2020-q2-update/bin/../lib/gcc/arm-none-eabi/9.3.1/thumb/v7e-m+fp/hard/crtbegin.o

.mem_section_dummy_rom

.log_const_data
                0x00004234       0x50
                0x00004234                PROVIDE (__start_log_const_data = .)
 *(SORT_BY_NAME(.log_const_data*))
 .log_const_data_CLOCK
                0x00004234        0x8 _build/nrf52832_xxaa/nrfx_clock.c.o
                0x00004234                m_nrf_log_CLOCK_logs_data_const
 .log_const_data_GPIOTE
                0x0000423c        0x8 _build/nrf52832_xxaa/nrfx_gpiote.c.o
                0x0000423c                m_nrf_log_GPIOTE_logs_data_const
 .log_const_data_PPI
                0x00004244        0x8 _build/nrf52832_xxaa/nrfx_ppi.c.o
                0x00004244                m_nrf_log_PPI_logs_data_const
 .log_const_data_PRS
                0x0000424c        0x8 _build/nrf52832_xxaa/nrfx_prs.c.o
                0x0000424c                m_nrf_log_PRS_logs_data_const
 .log_const_data_RTC
                0x00004254        0x8 _build/nrf52832_xxaa/nrfx_rtc.c.o
                0x00004254                m_nrf_log_RTC_logs_data_const
 .log_const_data_TIMER
                0x0000425c        0x8 _build/nrf52832_xxaa/nrfx_timer.c.o
                0x0000425c                m_nrf_log_TIMER_logs_data_const
 .log_const_data_UART
                0x00004264        0x8 _build/nrf52832_xxaa/nrfx_uart.c.o
                0x00004264                m_nrf_log_UART_logs_data_const
 .log_const_data_UARTE
                0x0000426c        0x8 _build/nrf52832_xxaa/nrfx_uarte.c.o
                0x0000426c                m_nrf_log_UARTE_logs_data_const
 .log_const_data_app
                0x00004274        0x8 _build/nrf52832_xxaa/nrf_log_frontend.c.o
                0x00004274                m_nrf_log_app_logs_data_const
 .log_const_data_clock
                0x0000427c        0x8 _build/nrf52832_xxaa/nrf_drv_clock.c.o
                0x0000427c                m_nrf_log_clock_logs_data_const
                0x00004284                PROVIDE (__stop_log_const_data = .)

.log_backends   0x00004284       0x10
                [!provide]                PROVIDE (__start_log_backends = .)
 *(SORT_BY_NAME(.log_backends*))
 .log_backends  0x00004284       0x10 _build/nrf52832_xxaa/nrf_log_default_backends.c.o
                [!provide]                PROVIDE (__stop_log_backends = .)

.nrf_balloc     0x00004294       0x14
                [!provide]                PROVIDE (__start_nrf_balloc = .)
 *(.nrf_balloc)
 .nrf_balloc    0x00004294       0x14 _build/nrf52832_xxaa/nrf_log_frontend.c.o
                0x00004294                log_mempool
                [!provide]                PROVIDE (__stop_nrf_balloc = .)

.ARM.extab
 *(.ARM.extab* .gnu.linkonce.armextab.*)
                0x000042a8                __exidx_start = .

.ARM.exidx      0x000042a8        0x8
 *(.ARM.exidx* .gnu.linkonce.armexidx.*)
 .ARM.exidx     0x000042a8        0x8 c:/program files (x86)/gnu arm embedded toolchain/9 2020-q2-update/bin/../lib/gcc/arm-none-eabi/9.3.1/../../../../arm-none-eabi/lib/thumb/v7e-m+fp/hard/crt0.o
                                 0x10 (size before relaxing)
                0x000042b0                __exidx_end = .
                0x000042b0                __etext = .

.rel.dyn        0x000042b0        0x0
 .rel.iplt      0x000042b0        0x0 c:/program files (x86)/gnu arm embedded toolchain/9 2020-q2-update/bin/../lib/gcc/arm-none-eabi/9.3.1/thumb/v7e-m+fp/hard/crtbegin.o

.data           0x20000000       0x88 load address 0x000042b0
                0x20000000                __data_start__ = .
 *(vtable)
 *(.data*)
 .data.m_uart   0x20000000       0x14 _build/nrf52832_xxaa/nrf_log_backend_uart.c.o
                0x20000000                m_uart
 .data.log_backend_cb_uart_log_backend
                0x20000014        0x8 _build/nrf52832_xxaa/nrf_log_default_backends.c.o
 .data.SystemCoreClock
                0x2000001c        0x4 _build/nrf52832_xxaa/system_nrf52.c.o
                0x2000001c                SystemCoreClock
 .data.impure_data
                0x20000020       0x60 c:/program files (x86)/gnu arm embedded toolchain/9 2020-q2-update/bin/../lib/gcc/arm-none-eabi/9.3.1/../../../../arm-none-eabi/lib/thumb/v7e-m+fp/hard\libc_nano.a(lib_a-impure.o)
                0x20000080                . = ALIGN (0x4)
                0x20000080                PROVIDE (__preinit_array_start = .)
 *(.preinit_array)
                0x20000080                PROVIDE (__preinit_array_end = .)
                0x20000080                . = ALIGN (0x4)
                0x20000080                PROVIDE (__init_array_start = .)
 *(SORT_BY_NAME(.init_array.*))
 *(.init_array)
 .init_array    0x20000080        0x4 c:/program files (x86)/gnu arm embedded toolchain/9 2020-q2-update/bin/../lib/gcc/arm-none-eabi/9.3.1/thumb/v7e-m+fp/hard/crtbegin.o
                0x20000084                PROVIDE (__init_array_end = .)
                0x20000084                . = ALIGN (0x4)
                [!provide]                PROVIDE (__fini_array_start = .)
 *(SORT_BY_NAME(.fini_array.*))
 *(.fini_array)
 .fini_array    0x20000084        0x4 c:/program files (x86)/gnu arm embedded toolchain/9 2020-q2-update/bin/../lib/gcc/arm-none-eabi/9.3.1/thumb/v7e-m+fp/hard/crtbegin.o
                [!provide]                PROVIDE (__fini_array_end = .)
 *(.jcr*)
                0x20000088                . = ALIGN (0x4)
                0x20000088                __data_end__ = .
LOAD c:/program files (x86)/gnu arm embedded toolchain/9 2020-q2-update/bin/../lib/gcc/arm-none-eabi/9.3.1/thumb/v7e-m+fp/hard/crti.o
LOAD c:/program files (x86)/gnu arm embedded toolchain/9 2020-q2-update/bin/../lib/gcc/arm-none-eabi/9.3.1/thumb/v7e-m+fp/hard/crtbegin.o
LOAD c:/program files (x86)/gnu arm embedded toolchain/9 2020-q2-update/bin/../lib/gcc/arm-none-eabi/9.3.1/../../../../arm-none-eabi/lib/thumb/v7e-m+fp/hard/crt0.o
LOAD _build/nrf52832_xxaa/gcc_startup_nrf52.S.o
LOAD _build/nrf52832_xxaa/nrf_log_backend_rtt.c.o
LOAD _build/nrf52832_xxaa/nrf_log_backend_serial.c.o
LOAD _build/nrf52832_xxaa/nrf_log_backend_uart.c.o
LOAD _build/nrf52832_xxaa/nrf_log_default_backends.c.o
LOAD _build/nrf52832_xxaa/nrf_log_frontend.c.o
LOAD _build/nrf52832_xxaa/nrf_log_str_formatter.c.o
LOAD _build/nrf52832_xxaa/boards.c.o
LOAD _build/nrf52832_xxaa/app_error.c.o
LOAD _build/nrf52832_xxaa/app_error_handler_gcc.c.o
LOAD _build/nrf52832_xxaa/app_error_weak.c.o
LOAD _build/nrf52832_xxaa/app_fifo.c.o
LOAD _build/nrf52832_xxaa/app_uart_fifo.c.o
LOAD _build/nrf52832_xxaa/app_util_platform.c.o
LOAD _build/nrf52832_xxaa/nrf_assert.c.o
LOAD _build/nrf52832_xxaa/nrf_atomic.c.o
LOAD _build/nrf52832_xxaa/nrf_balloc.c.o
LOAD _build/nrf52832_xxaa/app_timer.c.o
LOAD _build/nrf52832_xxaa/nrf_fprintf.c.o
LOAD _build/nrf52832_xxaa/nrf_fprintf_format.c.o
LOAD _build/nrf52832_xxaa/nrf_memobj.c.o
LOAD _build/nrf52832_xxaa/nrf_ringbuf.c.o
LOAD _build/nrf52832_xxaa/nrf_strerror.c.o
LOAD _build/nrf52832_xxaa/nrf_drv_ppi.c.o
LOAD _build/nrf52832_xxaa/nrf_drv_uart.c.o
LOAD _build/nrf52832_xxaa/nrf_drv_clock.c.o
LOAD _build/nrf52832_xxaa/nrf_nvic.c.o
LOAD _build/nrf52832_xxaa/nrf_soc.c.o
LOAD _build/nrf52832_xxaa/nrfx_atomic.c.o
LOAD _build/nrf52832_xxaa/nrfx_clock.c.o
LOAD _build/nrf52832_xxaa/nrfx_rtc.c.o
LOAD _build/nrf52832_xxaa/nrfx_gpiote.c.o
LOAD _build/nrf52832_xxaa/nrfx_ppi.c.o
LOAD _build/nrf52832_xxaa/nrfx_timer.c.o
LOAD _build/nrf52832_xxaa/nrfx_prs.c.o
LOAD _build/nrf52832_xxaa/nrfx_uart.c.o
LOAD _build/nrf52832_xxaa/nrfx_uarte.c.o
LOAD _build/nrf52832_xxaa/main.c.o
LOAD _build/nrf52832_xxaa/system_nrf52.c.o
LOAD c:/program files (x86)/gnu arm embedded toolchain/9 2020-q2-update/bin/../lib/gcc/arm-none-eabi/9.3.1/../../../../arm-none-eabi/lib/thumb/v7e-m+fp/hard\libc_nano.a
LOAD c:/program files (x86)/gnu arm embedded toolchain/9 2020-q2-update/bin/../lib/gcc/arm-none-eabi/9.3.1/../../../../arm-none-eabi/lib/thumb/v7e-m+fp/hard\libnosys.a
LOAD c:/program files (x86)/gnu arm embedded toolchain/9 2020-q2-update/bin/../lib/gcc/arm-none-eabi/9.3.1/../../../../arm-none-eabi/lib/thumb/v7e-m+fp/hard\libm.a
START GROUP
LOAD c:/program files (x86)/gnu arm embedded toolchain/9 2020-q2-update/bin/../lib/gcc/arm-none-eabi/9.3.1/thumb/v7e-m+fp/hard\libgcc.a
LOAD c:/program files (x86)/gnu arm embedded toolchain/9 2020-q2-update/bin/../lib/gcc/arm-none-eabi/9.3.1/../../../../arm-none-eabi/lib/thumb/v7e-m+fp/hard\libg_nano.a
LOAD c:/program files (x86)/gnu arm embedded toolchain/9 2020-q2-update/bin/../lib/gcc/arm-none-eabi/9.3.1/../../../../arm-none-eabi/lib/thumb/v7e-m+fp/hard\libc_nano.a
END GROUP
START GROUP
LOAD c:/program files (x86)/gnu arm embedded toolchain/9 2020-q2-update/bin/../lib/gcc/arm-none-eabi/9.3.1/thumb/v7e-m+fp/hard\libgcc.a
LOAD c:/program files (x86)/gnu arm embedded toolchain/9 2020-q2-update/bin/../lib/gcc/arm-none-eabi/9.3.1/../../../../arm-none-eabi/lib/thumb/v7e-m+fp/hard\libc_nano.a
END GROUP
LOAD c:/program files (x86)/gnu arm embedded toolchain/9 2020-q2-update/bin/../lib/gcc/arm-none-eabi/9.3.1/thumb/v7e-m+fp/hard/crtend.o
LOAD c:/program files (x86)/gnu arm embedded toolchain/9 2020-q2-update/bin/../lib/gcc/arm-none-eabi/9.3.1/thumb/v7e-m+fp/hard/crtn.o
START GROUP
LOAD c:/program files (x86)/gnu arm embedded toolchain/9 2020-q2-update/bin/../lib/gcc/arm-none-eabi/9.3.1/thumb/v7e-m+fp/hard\libgcc.a
LOAD c:/program files (x86)/gnu arm embedded toolchain/9 2020-q2-update/bin/../lib/gcc/arm-none-eabi/9.3.1/../../../../arm-none-eabi/lib/thumb/v7e-m+fp/hard\libc.a
LOAD c:/program files (x86)/gnu arm embedded toolchain/9 2020-q2-update/bin/../lib/gcc/arm-none-eabi/9.3.1/../../../../arm-none-eabi/lib/thumb/v7e-m+fp/hard\libnosys.a
END GROUP

.igot.plt       0x20000088        0x0 load address 0x00004338
 .igot.plt      0x20000088        0x0 c:/program files (x86)/gnu arm embedded toolchain/9 2020-q2-update/bin/../lib/gcc/arm-none-eabi/9.3.1/thumb/v7e-m+fp/hard/crtbegin.o
                0x20000088                . = ALIGN (0x4)

.mem_section_dummy_ram

.log_dynamic_data
                0x20000088        0x0
                0x20000088                PROVIDE (__start_log_dynamic_data = .)
 *(SORT_BY_NAME(.log_dynamic_data*))
                [!provide]                PROVIDE (__stop_log_dynamic_data = .)

.log_filter_data
                0x20000088        0x0
                [!provide]                PROVIDE (__start_log_filter_data = .)
 *(SORT_BY_NAME(.log_filter_data*))
                [!provide]                PROVIDE (__stop_log_filter_data = .)

.bss            0x20000088      0x854 load address 0x00004338
                0x20000088                . = ALIGN (0x4)
                0x20000088                __bss_start__ = .
 *(.bss*)
 .bss           0x20000088       0x1c c:/program files (x86)/gnu arm embedded toolchain/9 2020-q2-update/bin/../lib/gcc/arm-none-eabi/9.3.1/thumb/v7e-m+fp/hard/crtbegin.o
 .bss.m_async_mode
                0x200000a4        0x1 _build/nrf52832_xxaa/nrf_log_backend_uart.c.o
 *fill*         0x200000a5        0x3 
 .bss.m_string_buff
                0x200000a8       0x40 _build/nrf52832_xxaa/nrf_log_backend_uart.c.o
 .bss.m_xfer_done
                0x200000e8        0x1 _build/nrf52832_xxaa/nrf_log_backend_uart.c.o
 *fill*         0x200000e9        0x3 
 .bss.log_mempool_nrf_balloc_cb
                0x200000ec        0x8 _build/nrf52832_xxaa/nrf_log_frontend.c.o
 .bss.log_mempool_nrf_balloc_pool_mem
                0x200000f4       0xc0 _build/nrf52832_xxaa/nrf_log_frontend.c.o
 .bss.log_mempool_nrf_balloc_pool_stack
                0x200001b4        0x8 _build/nrf52832_xxaa/nrf_log_frontend.c.o
 *fill*         0x200001bc        0x4 
 .bss.m_log_data
                0x200001c0      0x424 _build/nrf52832_xxaa/nrf_log_frontend.c.o
 .bss.m_log_push_ringbuf_buf
                0x200005e4       0x80 _build/nrf52832_xxaa/nrf_log_frontend.c.o
 .bss.m_log_push_ringbuf_cb
                0x20000664       0x18 _build/nrf52832_xxaa/nrf_log_frontend.c.o
 .bss.m_in_critical_region
                0x2000067c        0x4 _build/nrf52832_xxaa/app_util_platform.c.o
 .bss.m_op_queue
                0x20000680      0x10c _build/nrf52832_xxaa/app_timer.c.o
 .bss.m_rtc1_reset
                0x2000078c        0x1 _build/nrf52832_xxaa/app_timer.c.o
 .bss.m_rtc1_running
                0x2000078d        0x1 _build/nrf52832_xxaa/app_timer.c.o
 *fill*         0x2000078e        0x2 
 .bss.m_ticks_elapsed
                0x20000790        0x8 _build/nrf52832_xxaa/app_timer.c.o
 .bss.m_ticks_elapsed_q_read_ind
                0x20000798        0x1 _build/nrf52832_xxaa/app_timer.c.o
 .bss.m_ticks_elapsed_q_write_ind
                0x20000799        0x1 _build/nrf52832_xxaa/app_timer.c.o
 *fill*         0x2000079a        0x2 
 .bss.m_ticks_latest
                0x2000079c        0x4 _build/nrf52832_xxaa/app_timer.c.o
 .bss.mp_timer_id_head
                0x200007a0        0x4 _build/nrf52832_xxaa/app_timer.c.o
 .bss.m_drv_state
                0x200007a4        0x1 _build/nrf52832_xxaa/nrf_drv_ppi.c.o
 *fill*         0x200007a5        0x3 
 .bss.m_contexts
                0x200007a8        0x4 _build/nrf52832_xxaa/nrf_drv_uart.c.o
 .bss.m_handlers
                0x200007ac        0x4 _build/nrf52832_xxaa/nrf_drv_uart.c.o
 .bss.m_clock_cb
                0x200007b0       0x14 _build/nrf52832_xxaa/nrf_drv_clock.c.o
 .bss.m_clock_cb
                0x200007c4        0x8 _build/nrf52832_xxaa/nrfx_clock.c.o
 .bss.m_handlers
                0x200007cc        0x4 _build/nrf52832_xxaa/nrfx_rtc.c.o
 .bss.m_cb      0x200007d0       0x4c _build/nrf52832_xxaa/nrfx_gpiote.c.o
 .bss.m_channels_allocated
                0x2000081c        0x4 _build/nrf52832_xxaa/nrfx_ppi.c.o
 .bss.m_cb      0x20000820       0x24 _build/nrf52832_xxaa/nrfx_timer.c.o
 .bss.m_prs_box_4
                0x20000844        0x8 _build/nrf52832_xxaa/nrfx_prs.c.o
 *fill*         0x2000084c        0x4 
 .bss.m_cb      0x20000850       0x2c _build/nrf52832_xxaa/nrfx_uart.c.o
 *fill*         0x2000087c        0x4 
 .bss.m_cb      0x20000880       0x24 _build/nrf52832_xxaa/nrfx_uarte.c.o
 .bss.b_counter
                0x200008a4        0x4 _build/nrf52832_xxaa/main.c.o
 .bss.buffer    0x200008a8        0x4 _build/nrf52832_xxaa/main.c.o
 .bss.c_counter
                0x200008ac        0x4 _build/nrf52832_xxaa/main.c.o
 .bss.m_counter
                0x200008b0        0x4 _build/nrf52832_xxaa/main.c.o
 .bss.m_repeated_timer_id_data
                0x200008b4       0x20 _build/nrf52832_xxaa/main.c.o
 .bss.ppi_channel3
                0x200008d4        0x1 _build/nrf52832_xxaa/main.c.o
 *(COMMON)
 *fill*         0x200008d5        0x3 
 COMMON         0x200008d8        0x1 _build/nrf52832_xxaa/nrf_drv_uart.c.o
                0x200008d8                nrf_drv_uart_use_easy_dma
                0x200008dc                . = ALIGN (0x4)
 *fill*         0x200008d9        0x3 
                0x200008dc                __bss_end__ = .

.heap           0x200008e0     0x2000
                0x200008e0                __HeapBase = .
                0x200008e0                __end__ = .
                [!provide]                PROVIDE (end = .)
 *(.heap*)
 .heap          0x200008e0     0x2000 _build/nrf52832_xxaa/gcc_startup_nrf52.S.o
                0x200028e0                __HeapLimit = .

.stack_dummy    0x200008e0     0x2000
 *(.stack*)
 .stack         0x200008e0     0x2000 _build/nrf52832_xxaa/gcc_startup_nrf52.S.o
                0x20010000                __StackTop = (ORIGIN (RAM) + LENGTH (RAM))
                0x2000e000                __StackLimit = (__StackTop - SIZEOF (.stack_dummy))
                0x20010000                PROVIDE (__stack = __StackTop)
                0x00000001                ASSERT ((__StackLimit >= __HeapLimit), region RAM overflowed with stack)
                0x00000088                DataInitFlashUsed = (__bss_start__ - __data_start__)
                0x000042b0                CodeFlashUsed = (__etext - ORIGIN (FLASH))
                0x00004338                TotalFlashUsed = (CodeFlashUsed + DataInitFlashUsed)
                0x00000001                ASSERT ((TotalFlashUsed <= LENGTH (FLASH)), region FLASH overflowed with .data and user data)
OUTPUT(_build/nrf52832_xxaa.out elf32-littlearm)
LOAD linker stubs

.ARM.attributes
                0x00000000       0x30
 .ARM.attributes
                0x00000000       0x1e c:/program files (x86)/gnu arm embedded toolchain/9 2020-q2-update/bin/../lib/gcc/arm-none-eabi/9.3.1/thumb/v7e-m+fp/hard/crti.o
 .ARM.attributes
                0x0000001e       0x34 c:/program files (x86)/gnu arm embedded toolchain/9 2020-q2-update/bin/../lib/gcc/arm-none-eabi/9.3.1/thumb/v7e-m+fp/hard/crtbegin.o
 .ARM.attributes
                0x00000052       0x1c c:/program files (x86)/gnu arm embedded toolchain/9 2020-q2-update/bin/../lib/gcc/arm-none-eabi/9.3.1/../../../../arm-none-eabi/lib/thumb/v7e-m+fp/hard/crt0.o
 .ARM.attributes
                0x0000006e       0x20 _build/nrf52832_xxaa/gcc_startup_nrf52.S.o
 .ARM.attributes
                0x0000008e       0x34 _build/nrf52832_xxaa/nrf_log_backend_serial.c.o
 .ARM.attributes
                0x000000c2       0x34 _build/nrf52832_xxaa/nrf_log_backend_uart.c.o
 .ARM.attributes
                0x000000f6       0x34 _build/nrf52832_xxaa/nrf_log_default_backends.c.o
 .ARM.attributes
                0x0000012a       0x34 _build/nrf52832_xxaa/nrf_log_frontend.c.o
 .ARM.attributes
                0x0000015e       0x34 _build/nrf52832_xxaa/nrf_log_str_formatter.c.o
 .ARM.attributes
                0x00000192       0x34 _build/nrf52832_xxaa/boards.c.o
 .ARM.attributes
                0x000001c6       0x34 _build/nrf52832_xxaa/app_error.c.o
 .ARM.attributes
                0x000001fa       0x34 _build/nrf52832_xxaa/app_error_weak.c.o
 .ARM.attributes
                0x0000022e       0x34 _build/nrf52832_xxaa/app_util_platform.c.o
 .ARM.attributes
                0x00000262       0x34 _build/nrf52832_xxaa/nrf_atomic.c.o
 .ARM.attributes
                0x00000296       0x34 _build/nrf52832_xxaa/nrf_balloc.c.o
 .ARM.attributes
                0x000002ca       0x34 _build/nrf52832_xxaa/app_timer.c.o
 .ARM.attributes
                0x000002fe       0x34 _build/nrf52832_xxaa/nrf_fprintf.c.o
 .ARM.attributes
                0x00000332       0x34 _build/nrf52832_xxaa/nrf_fprintf_format.c.o
 .ARM.attributes
                0x00000366       0x34 _build/nrf52832_xxaa/nrf_memobj.c.o
 .ARM.attributes
                0x0000039a       0x34 _build/nrf52832_xxaa/nrf_ringbuf.c.o
 .ARM.attributes
                0x000003ce       0x34 _build/nrf52832_xxaa/nrf_drv_ppi.c.o
 .ARM.attributes
                0x00000402       0x34 _build/nrf52832_xxaa/nrf_drv_uart.c.o
 .ARM.attributes
                0x00000436       0x34 _build/nrf52832_xxaa/nrf_drv_clock.c.o
 .ARM.attributes
                0x0000046a       0x34 _build/nrf52832_xxaa/nrfx_clock.c.o
 .ARM.attributes
                0x0000049e       0x34 _build/nrf52832_xxaa/nrfx_rtc.c.o
 .ARM.attributes
                0x000004d2       0x34 _build/nrf52832_xxaa/nrfx_gpiote.c.o
 .ARM.attributes
                0x00000506       0x34 _build/nrf52832_xxaa/nrfx_ppi.c.o
 .ARM.attributes
                0x0000053a       0x34 _build/nrf52832_xxaa/nrfx_timer.c.o
 .ARM.attributes
                0x0000056e       0x34 _build/nrf52832_xxaa/nrfx_prs.c.o
 .ARM.attributes
                0x000005a2       0x34 _build/nrf52832_xxaa/nrfx_uart.c.o
 .ARM.attributes
                0x000005d6       0x34 _build/nrf52832_xxaa/nrfx_uarte.c.o
 .ARM.attributes
                0x0000060a       0x34 _build/nrf52832_xxaa/main.c.o
 .ARM.attributes
                0x0000063e       0x34 _build/nrf52832_xxaa/system_nrf52.c.o
 .ARM.attributes
                0x00000672       0x32 c:/program files (x86)/gnu arm embedded toolchain/9 2020-q2-update/bin/../lib/gcc/arm-none-eabi/9.3.1/../../../../arm-none-eabi/lib/thumb/v7e-m+fp/hard\libc_nano.a(lib_a-ctype_.o)
 .ARM.attributes
                0x000006a4       0x34 c:/program files (x86)/gnu arm embedded toolchain/9 2020-q2-update/bin/../lib/gcc/arm-none-eabi/9.3.1/../../../../arm-none-eabi/lib/thumb/v7e-m+fp/hard\libc_nano.a(lib_a-exit.o)
 .ARM.attributes
                0x000006d8       0x32 c:/program files (x86)/gnu arm embedded toolchain/9 2020-q2-update/bin/../lib/gcc/arm-none-eabi/9.3.1/../../../../arm-none-eabi/lib/thumb/v7e-m+fp/hard\libc_nano.a(lib_a-impure.o)
 .ARM.attributes
                0x0000070a       0x34 c:/program files (x86)/gnu arm embedded toolchain/9 2020-q2-update/bin/../lib/gcc/arm-none-eabi/9.3.1/../../../../arm-none-eabi/lib/thumb/v7e-m+fp/hard\libc_nano.a(lib_a-init.o)
 .ARM.attributes
                0x0000073e       0x34 c:/program files (x86)/gnu arm embedded toolchain/9 2020-q2-update/bin/../lib/gcc/arm-none-eabi/9.3.1/../../../../arm-none-eabi/lib/thumb/v7e-m+fp/hard\libc_nano.a(lib_a-memcpy-stub.o)
 .ARM.attributes
                0x00000772       0x34 c:/program files (x86)/gnu arm embedded toolchain/9 2020-q2-update/bin/../lib/gcc/arm-none-eabi/9.3.1/../../../../arm-none-eabi/lib/thumb/v7e-m+fp/hard\libc_nano.a(lib_a-memset.o)
 .ARM.attributes
                0x000007a6       0x17 c:/program files (x86)/gnu arm embedded toolchain/9 2020-q2-update/bin/../lib/gcc/arm-none-eabi/9.3.1/../../../../arm-none-eabi/lib/thumb/v7e-m+fp/hard\libc_nano.a(lib_a-strlen.o)
 .ARM.attributes
                0x000007bd       0x34 c:/program files (x86)/gnu arm embedded toolchain/9 2020-q2-update/bin/../lib/gcc/arm-none-eabi/9.3.1/../../../../arm-none-eabi/lib/thumb/v7e-m+fp/hard\libnosys.a(_exit.o)
 .ARM.attributes
                0x000007f1       0x32 c:/program files (x86)/gnu arm embedded toolchain/9 2020-q2-update/bin/../lib/gcc/arm-none-eabi/9.3.1/thumb/v7e-m+fp/hard/crtend.o
 .ARM.attributes
                0x00000823       0x1e c:/program files (x86)/gnu arm embedded toolchain/9 2020-q2-update/bin/../lib/gcc/arm-none-eabi/9.3.1/thumb/v7e-m+fp/hard/crtn.o

.comment        0x00000000       0x4c
 .comment       0x00000000       0x4c _build/nrf52832_xxaa/nrf_log_backend_serial.c.o
                                 0x4d (size before relaxing)
 .comment       0x0000004c       0x4d _build/nrf52832_xxaa/nrf_log_backend_uart.c.o
 .comment       0x0000004c       0x4d _build/nrf52832_xxaa/nrf_log_default_backends.c.o
 .comment       0x0000004c       0x4d _build/nrf52832_xxaa/nrf_log_frontend.c.o
 .comment       0x0000004c       0x4d _build/nrf52832_xxaa/nrf_log_str_formatter.c.o
 .comment       0x0000004c       0x4d _build/nrf52832_xxaa/boards.c.o
 .comment       0x0000004c       0x4d _build/nrf52832_xxaa/app_error.c.o
 .comment       0x0000004c       0x4d _build/nrf52832_xxaa/app_error_weak.c.o
 .comment       0x0000004c       0x4d _build/nrf52832_xxaa/app_util_platform.c.o
 .comment       0x0000004c       0x4d _build/nrf52832_xxaa/nrf_atomic.c.o
 .comment       0x0000004c       0x4d _build/nrf52832_xxaa/nrf_balloc.c.o
 .comment       0x0000004c       0x4d _build/nrf52832_xxaa/app_timer.c.o
 .comment       0x0000004c       0x4d _build/nrf52832_xxaa/nrf_fprintf.c.o
 .comment       0x0000004c       0x4d _build/nrf52832_xxaa/nrf_fprintf_format.c.o
 .comment       0x0000004c       0x4d _build/nrf52832_xxaa/nrf_memobj.c.o
 .comment       0x0000004c       0x4d _build/nrf52832_xxaa/nrf_ringbuf.c.o
 .comment       0x0000004c       0x4d _build/nrf52832_xxaa/nrf_drv_ppi.c.o
 .comment       0x0000004c       0x4d _build/nrf52832_xxaa/nrf_drv_uart.c.o
 .comment       0x0000004c       0x4d _build/nrf52832_xxaa/nrf_drv_clock.c.o
 .comment       0x0000004c       0x4d _build/nrf52832_xxaa/nrfx_clock.c.o
 .comment       0x0000004c       0x4d _build/nrf52832_xxaa/nrfx_rtc.c.o
 .comment       0x0000004c       0x4d _build/nrf52832_xxaa/nrfx_gpiote.c.o
 .comment       0x0000004c       0x4d _build/nrf52832_xxaa/nrfx_ppi.c.o
 .comment       0x0000004c       0x4d _build/nrf52832_xxaa/nrfx_timer.c.o
 .comment       0x0000004c       0x4d _build/nrf52832_xxaa/nrfx_prs.c.o
 .comment       0x0000004c       0x4d _build/nrf52832_xxaa/nrfx_uart.c.o
 .comment       0x0000004c       0x4d _build/nrf52832_xxaa/nrfx_uarte.c.o
 .comment       0x0000004c       0x4d _build/nrf52832_xxaa/main.c.o
 .comment       0x0000004c       0x4d _build/nrf52832_xxaa/system_nrf52.c.o

.debug_line     0x00000000    0x1c126
 .debug_line    0x00000000       0x8a _build/nrf52832_xxaa/gcc_startup_nrf52.S.o
 .debug_line    0x0000008a      0x909 _build/nrf52832_xxaa/nrf_log_backend_serial.c.o
 .debug_line    0x00000993      0xc42 _build/nrf52832_xxaa/nrf_log_backend_uart.c.o
 .debug_line    0x000015d5      0x7e0 _build/nrf52832_xxaa/nrf_log_default_backends.c.o
 .debug_line    0x00001db5     0x2c57 _build/nrf52832_xxaa/nrf_log_frontend.c.o
 .debug_line    0x00004a0c      0xa40 _build/nrf52832_xxaa/nrf_log_str_formatter.c.o
 .debug_line    0x0000544c      0xd9a _build/nrf52832_xxaa/boards.c.o
 .debug_line    0x000061e6      0x600 _build/nrf52832_xxaa/app_error.c.o
 .debug_line    0x000067e6      0x8cc _build/nrf52832_xxaa/app_error_weak.c.o
 .debug_line    0x000070b2      0x6c0 _build/nrf52832_xxaa/app_util_platform.c.o
 .debug_line    0x00007772      0x91a _build/nrf52832_xxaa/nrf_atomic.c.o
 .debug_line    0x0000808c      0x935 _build/nrf52832_xxaa/nrf_balloc.c.o
 .debug_line    0x000089c1     0x175e _build/nrf52832_xxaa/app_timer.c.o
 .debug_line    0x0000a11f      0x5d6 _build/nrf52832_xxaa/nrf_fprintf.c.o
 .debug_line    0x0000a6f5      0xfb0 _build/nrf52832_xxaa/nrf_fprintf_format.c.o
 .debug_line    0x0000b6a5      0xbc7 _build/nrf52832_xxaa/nrf_memobj.c.o
 .debug_line    0x0000c26c      0xa1b _build/nrf52832_xxaa/nrf_ringbuf.c.o
 .debug_line    0x0000cc87      0x7d9 _build/nrf52832_xxaa/nrf_drv_ppi.c.o
 .debug_line    0x0000d460      0x8ba _build/nrf52832_xxaa/nrf_drv_uart.c.o
 .debug_line    0x0000dd1a      0xe13 _build/nrf52832_xxaa/nrf_drv_clock.c.o
 .debug_line    0x0000eb2d     0x1006 _build/nrf52832_xxaa/nrfx_clock.c.o
 .debug_line    0x0000fb33     0x12a9 _build/nrf52832_xxaa/nrfx_rtc.c.o
 .debug_line    0x00010ddc     0x2ab7 _build/nrf52832_xxaa/nrfx_gpiote.c.o
 .debug_line    0x00013893     0x12d2 _build/nrf52832_xxaa/nrfx_ppi.c.o
 .debug_line    0x00014b65     0x1609 _build/nrf52832_xxaa/nrfx_timer.c.o
 .debug_line    0x0001616e      0x9a4 _build/nrf52832_xxaa/nrfx_prs.c.o
 .debug_line    0x00016b12     0x1e96 _build/nrf52832_xxaa/nrfx_uart.c.o
 .debug_line    0x000189a8     0x1d72 _build/nrf52832_xxaa/nrfx_uarte.c.o
 .debug_line    0x0001a71a     0x10a2 _build/nrf52832_xxaa/main.c.o
 .debug_line    0x0001b7bc      0x96a _build/nrf52832_xxaa/system_nrf52.c.o

.debug_info     0x00000000    0x33d0d
 .debug_info    0x00000000       0x26 _build/nrf52832_xxaa/gcc_startup_nrf52.S.o
 .debug_info    0x00000026     0x11f6 _build/nrf52832_xxaa/nrf_log_backend_serial.c.o
 .debug_info    0x0000121c     0x1c4c _build/nrf52832_xxaa/nrf_log_backend_uart.c.o
 .debug_info    0x00002e68      0xd48 _build/nrf52832_xxaa/nrf_log_default_backends.c.o
 .debug_info    0x00003bb0     0x45d7 _build/nrf52832_xxaa/nrf_log_frontend.c.o
 .debug_info    0x00008187     0x13db _build/nrf52832_xxaa/nrf_log_str_formatter.c.o
 .debug_info    0x00009562     0x16f2 _build/nrf52832_xxaa/boards.c.o
 .debug_info    0x0000ac54      0xbac _build/nrf52832_xxaa/app_error.c.o
 .debug_info    0x0000b800      0xfd5 _build/nrf52832_xxaa/app_error_weak.c.o
 .debug_info    0x0000c7d5     0x10bb _build/nrf52832_xxaa/app_util_platform.c.o
 .debug_info    0x0000d890     0x13e4 _build/nrf52832_xxaa/nrf_atomic.c.o
 .debug_info    0x0000ec74      0xe40 _build/nrf52832_xxaa/nrf_balloc.c.o
 .debug_info    0x0000fab4     0x2976 _build/nrf52832_xxaa/app_timer.c.o
 .debug_info    0x0001242a      0xb51 _build/nrf52832_xxaa/nrf_fprintf.c.o
 .debug_info    0x00012f7b     0x157d _build/nrf52832_xxaa/nrf_fprintf_format.c.o
 .debug_info    0x000144f8     0x15ca _build/nrf52832_xxaa/nrf_memobj.c.o
 .debug_info    0x00015ac2      0xf3a _build/nrf52832_xxaa/nrf_ringbuf.c.o
 .debug_info    0x000169fc      0xa21 _build/nrf52832_xxaa/nrf_drv_ppi.c.o
 .debug_info    0x0001741d     0x1a96 _build/nrf52832_xxaa/nrf_drv_uart.c.o
 .debug_info    0x00018eb3     0x16ac _build/nrf52832_xxaa/nrf_drv_clock.c.o
 .debug_info    0x0001a55f     0x1df8 _build/nrf52832_xxaa/nrfx_clock.c.o
 .debug_info    0x0001c357     0x2465 _build/nrf52832_xxaa/nrfx_rtc.c.o
 .debug_info    0x0001e7bc     0x436d _build/nrf52832_xxaa/nrfx_gpiote.c.o
 .debug_info    0x00022b29     0x1e8a _build/nrf52832_xxaa/nrfx_ppi.c.o
 .debug_info    0x000249b3     0x2969 _build/nrf52832_xxaa/nrfx_timer.c.o
 .debug_info    0x0002731c     0x11aa _build/nrf52832_xxaa/nrfx_prs.c.o
 .debug_info    0x000284c6     0x40b0 _build/nrf52832_xxaa/nrfx_uart.c.o
 .debug_info    0x0002c576     0x3fe2 _build/nrf52832_xxaa/nrfx_uarte.c.o
 .debug_info    0x00030558     0x253e _build/nrf52832_xxaa/main.c.o
 .debug_info    0x00032a96     0x1277 _build/nrf52832_xxaa/system_nrf52.c.o

.debug_abbrev   0x00000000     0x71ba
 .debug_abbrev  0x00000000       0x14 _build/nrf52832_xxaa/gcc_startup_nrf52.S.o
 .debug_abbrev  0x00000014      0x2cc _build/nrf52832_xxaa/nrf_log_backend_serial.c.o
 .debug_abbrev  0x000002e0      0x41d _build/nrf52832_xxaa/nrf_log_backend_uart.c.o
 .debug_abbrev  0x000006fd      0x294 _build/nrf52832_xxaa/nrf_log_default_backends.c.o
 .debug_abbrev  0x00000991      0x615 _build/nrf52832_xxaa/nrf_log_frontend.c.o
 .debug_abbrev  0x00000fa6      0x320 _build/nrf52832_xxaa/nrf_log_str_formatter.c.o
 .debug_abbrev  0x000012c6      0x440 _build/nrf52832_xxaa/boards.c.o
 .debug_abbrev  0x00001706      0x276 _build/nrf52832_xxaa/app_error.c.o
 .debug_abbrev  0x0000197c      0x2e9 _build/nrf52832_xxaa/app_error_weak.c.o
 .debug_abbrev  0x00001c65      0x37f _build/nrf52832_xxaa/app_util_platform.c.o
 .debug_abbrev  0x00001fe4      0x378 _build/nrf52832_xxaa/nrf_atomic.c.o
 .debug_abbrev  0x0000235c      0x343 _build/nrf52832_xxaa/nrf_balloc.c.o
 .debug_abbrev  0x0000269f      0x528 _build/nrf52832_xxaa/app_timer.c.o
 .debug_abbrev  0x00002bc7      0x27d _build/nrf52832_xxaa/nrf_fprintf.c.o
 .debug_abbrev  0x00002e44      0x3fa _build/nrf52832_xxaa/nrf_fprintf_format.c.o
 .debug_abbrev  0x0000323e      0x397 _build/nrf52832_xxaa/nrf_memobj.c.o
 .debug_abbrev  0x000035d5      0x2b2 _build/nrf52832_xxaa/nrf_ringbuf.c.o
 .debug_abbrev  0x00003887      0x244 _build/nrf52832_xxaa/nrf_drv_ppi.c.o
 .debug_abbrev  0x00003acb      0x2da _build/nrf52832_xxaa/nrf_drv_uart.c.o
 .debug_abbrev  0x00003da5      0x535 _build/nrf52832_xxaa/nrf_drv_clock.c.o
 .debug_abbrev  0x000042da      0x543 _build/nrf52832_xxaa/nrfx_clock.c.o
 .debug_abbrev  0x0000481d      0x565 _build/nrf52832_xxaa/nrfx_rtc.c.o
 .debug_abbrev  0x00004d82      0x5c8 _build/nrf52832_xxaa/nrfx_gpiote.c.o
 .debug_abbrev  0x0000534a      0x47d _build/nrf52832_xxaa/nrfx_ppi.c.o
 .debug_abbrev  0x000057c7      0x502 _build/nrf52832_xxaa/nrfx_timer.c.o
 .debug_abbrev  0x00005cc9      0x35b _build/nrf52832_xxaa/nrfx_prs.c.o
 .debug_abbrev  0x00006024      0x576 _build/nrf52832_xxaa/nrfx_uart.c.o
 .debug_abbrev  0x0000659a      0x54a _build/nrf52832_xxaa/nrfx_uarte.c.o
 .debug_abbrev  0x00006ae4      0x4b0 _build/nrf52832_xxaa/main.c.o
 .debug_abbrev  0x00006f94      0x226 _build/nrf52832_xxaa/system_nrf52.c.o

.debug_aranges  0x00000000      0xa10
 .debug_aranges
                0x00000000       0x20 _build/nrf52832_xxaa/gcc_startup_nrf52.S.o
 .debug_aranges
                0x00000020       0x20 _build/nrf52832_xxaa/nrf_log_backend_serial.c.o
 .debug_aranges
                0x00000040       0x48 _build/nrf52832_xxaa/nrf_log_backend_uart.c.o
 .debug_aranges
                0x00000088       0x20 _build/nrf52832_xxaa/nrf_log_default_backends.c.o
 .debug_aranges
                0x000000a8       0xb8 _build/nrf52832_xxaa/nrf_log_frontend.c.o
 .debug_aranges
                0x00000160       0x38 _build/nrf52832_xxaa/nrf_log_str_formatter.c.o
 .debug_aranges
                0x00000198       0x78 _build/nrf52832_xxaa/boards.c.o
 .debug_aranges
                0x00000210       0x28 _build/nrf52832_xxaa/app_error.c.o
 .debug_aranges
                0x00000238       0x20 _build/nrf52832_xxaa/app_error_weak.c.o
 .debug_aranges
                0x00000258       0x48 _build/nrf52832_xxaa/app_util_platform.c.o
 .debug_aranges
                0x000002a0       0xb0 _build/nrf52832_xxaa/nrf_atomic.c.o
 .debug_aranges
                0x00000350       0x30 _build/nrf52832_xxaa/nrf_balloc.c.o
 .debug_aranges
                0x00000380       0x70 _build/nrf52832_xxaa/app_timer.c.o
 .debug_aranges
                0x000003f0       0x28 _build/nrf52832_xxaa/nrf_fprintf.c.o
 .debug_aranges
                0x00000418       0x28 _build/nrf52832_xxaa/nrf_fprintf_format.c.o
 .debug_aranges
                0x00000440       0x50 _build/nrf52832_xxaa/nrf_memobj.c.o
 .debug_aranges
                0x00000490       0x50 _build/nrf52832_xxaa/nrf_ringbuf.c.o
 .debug_aranges
                0x000004e0       0x28 _build/nrf52832_xxaa/nrf_drv_ppi.c.o
 .debug_aranges
                0x00000508       0x30 _build/nrf52832_xxaa/nrf_drv_uart.c.o
 .debug_aranges
                0x00000538       0x80 _build/nrf52832_xxaa/nrf_drv_clock.c.o
 .debug_aranges
                0x000005b8       0x78 _build/nrf52832_xxaa/nrfx_clock.c.o
 .debug_aranges
                0x00000630       0x78 _build/nrf52832_xxaa/nrfx_rtc.c.o
 .debug_aranges
                0x000006a8       0xd8 _build/nrf52832_xxaa/nrfx_gpiote.c.o
 .debug_aranges
                0x00000780       0x80 _build/nrf52832_xxaa/nrfx_ppi.c.o
 .debug_aranges
                0x00000800       0xa0 _build/nrf52832_xxaa/nrfx_timer.c.o
 .debug_aranges
                0x000008a0       0x30 _build/nrf52832_xxaa/nrfx_prs.c.o
 .debug_aranges
                0x000008d0       0x78 _build/nrf52832_xxaa/nrfx_uart.c.o
 .debug_aranges
                0x00000948       0x68 _build/nrf52832_xxaa/nrfx_uarte.c.o
 .debug_aranges
                0x000009b0       0x38 _build/nrf52832_xxaa/main.c.o
 .debug_aranges
                0x000009e8       0x28 _build/nrf52832_xxaa/system_nrf52.c.o

.debug_str      0x00000000    0x7fa84
 .debug_str     0x00000000       0x6b _build/nrf52832_xxaa/gcc_startup_nrf52.S.o
 .debug_str     0x0000006b    0x6df99 _build/nrf52832_xxaa/nrf_log_backend_serial.c.o
                              0x6f1dc (size before relaxing)
 .debug_str     0x0006e004     0x4958 _build/nrf52832_xxaa/nrf_log_backend_uart.c.o
                              0x735fe (size before relaxing)
 .debug_str     0x0007295c      0x120 _build/nrf52832_xxaa/nrf_log_default_backends.c.o
                              0x6ef93 (size before relaxing)
 .debug_str     0x00072a7c     0x136a _build/nrf52832_xxaa/nrf_log_frontend.c.o
                              0x7043e (size before relaxing)
 .debug_str     0x00073de6      0x6aa _build/nrf52832_xxaa/nrf_log_str_formatter.c.o
                              0x6f6fe (size before relaxing)
 .debug_str     0x00074490     0x11c7 _build/nrf52832_xxaa/boards.c.o
                              0x6fb5e (size before relaxing)
 .debug_str     0x00075657       0xf8 _build/nrf52832_xxaa/app_error.c.o
                              0x60a4c (size before relaxing)
 .debug_str     0x0007574f       0xdd _build/nrf52832_xxaa/app_error_weak.c.o
                              0x6f65c (size before relaxing)
 .debug_str     0x0007582c      0x3c4 _build/nrf52832_xxaa/app_util_platform.c.o
                              0x61259 (size before relaxing)
 .debug_str     0x00075bf0      0x6bd _build/nrf52832_xxaa/nrf_atomic.c.o
                              0x6b030 (size before relaxing)
 .debug_str     0x000762ad      0x168 _build/nrf52832_xxaa/nrf_balloc.c.o
                              0x6ef81 (size before relaxing)
 .debug_str     0x00076415      0xbfd _build/nrf52832_xxaa/app_timer.c.o
                              0x6ff46 (size before relaxing)
 .debug_str     0x00077012      0x148 _build/nrf52832_xxaa/nrf_fprintf.c.o
                              0x6ac89 (size before relaxing)
 .debug_str     0x0007715a      0x515 _build/nrf52832_xxaa/nrf_fprintf_format.c.o
                              0x6b172 (size before relaxing)
 .debug_str     0x0007766f      0x1a9 _build/nrf52832_xxaa/nrf_memobj.c.o
                              0x6d345 (size before relaxing)
 .debug_str     0x00077818       0xe0 _build/nrf52832_xxaa/nrf_ringbuf.c.o
                              0x6ba37 (size before relaxing)
 .debug_str     0x000778f8      0x700 _build/nrf52832_xxaa/nrf_drv_ppi.c.o
                              0x6f01c (size before relaxing)
 .debug_str     0x00077ff8      0x474 _build/nrf52832_xxaa/nrf_drv_uart.c.o
                              0x6fdc7 (size before relaxing)
 .debug_str     0x0007846c      0x953 _build/nrf52832_xxaa/nrf_drv_clock.c.o
                              0x721cf (size before relaxing)
 .debug_str     0x00078dbf      0x89b _build/nrf52832_xxaa/nrfx_clock.c.o
                              0x7292e (size before relaxing)
 .debug_str     0x0007965a      0x903 _build/nrf52832_xxaa/nrfx_rtc.c.o
                              0x72a9c (size before relaxing)
 .debug_str     0x00079f5d     0x15d1 _build/nrf52832_xxaa/nrfx_gpiote.c.o
                              0x73b30 (size before relaxing)
 .debug_str     0x0007b52e      0x634 _build/nrf52832_xxaa/nrfx_ppi.c.o
                              0x723ab (size before relaxing)
 .debug_str     0x0007bb62     0x1009 _build/nrf52832_xxaa/nrfx_timer.c.o
                              0x7317a (size before relaxing)
 .debug_str     0x0007cb6b      0x34a _build/nrf52832_xxaa/nrfx_prs.c.o
                              0x72034 (size before relaxing)
 .debug_str     0x0007ceb5      0x6ab _build/nrf52832_xxaa/nrfx_uart.c.o
                              0x731ca (size before relaxing)
 .debug_str     0x0007d560      0x96e _build/nrf52832_xxaa/nrfx_uarte.c.o
                              0x73652 (size before relaxing)
 .debug_str     0x0007dece     0x1877 _build/nrf52832_xxaa/main.c.o
                              0x78039 (size before relaxing)
 .debug_str     0x0007f745      0x33f _build/nrf52832_xxaa/system_nrf52.c.o
                              0x5c53c (size before relaxing)

.debug_loc      0x00000000    0x14e2a
 .debug_loc     0x00000000      0x186 _build/nrf52832_xxaa/nrf_log_backend_serial.c.o
 .debug_loc     0x00000186      0x334 _build/nrf52832_xxaa/nrf_log_backend_uart.c.o
 .debug_loc     0x000004ba       0x17 _build/nrf52832_xxaa/nrf_log_default_backends.c.o
 .debug_loc     0x000004d1     0x4d6c _build/nrf52832_xxaa/nrf_log_frontend.c.o
 .debug_loc     0x0000523d      0x486 _build/nrf52832_xxaa/nrf_log_str_formatter.c.o
 .debug_loc     0x000056c3      0x903 _build/nrf52832_xxaa/boards.c.o
 .debug_loc     0x00005fc6       0xc8 _build/nrf52832_xxaa/app_error.c.o
 .debug_loc     0x0000608e       0x6f _build/nrf52832_xxaa/app_error_weak.c.o
 .debug_loc     0x000060fd      0x11a _build/nrf52832_xxaa/app_util_platform.c.o
 .debug_loc     0x00006217      0x587 _build/nrf52832_xxaa/nrf_atomic.c.o
 .debug_loc     0x0000679e      0x285 _build/nrf52832_xxaa/nrf_balloc.c.o
 .debug_loc     0x00006a23     0x145a _build/nrf52832_xxaa/app_timer.c.o
 .debug_loc     0x00007e7d       0x54 _build/nrf52832_xxaa/nrf_fprintf.c.o
 .debug_loc     0x00007ed1     0x104a _build/nrf52832_xxaa/nrf_fprintf_format.c.o
 .debug_loc     0x00008f1b     0x100c _build/nrf52832_xxaa/nrf_memobj.c.o
 .debug_loc     0x00009f27      0x66a _build/nrf52832_xxaa/nrf_ringbuf.c.o
 .debug_loc     0x0000a591      0x1d6 _build/nrf52832_xxaa/nrf_drv_uart.c.o
 .debug_loc     0x0000a767      0x370 _build/nrf52832_xxaa/nrf_drv_clock.c.o
 .debug_loc     0x0000aad7      0x341 _build/nrf52832_xxaa/nrfx_clock.c.o
 .debug_loc     0x0000ae18      0xf98 _build/nrf52832_xxaa/nrfx_rtc.c.o
 .debug_loc     0x0000bdb0     0x30ac _build/nrf52832_xxaa/nrfx_gpiote.c.o
 .debug_loc     0x0000ee5c      0xbfe _build/nrf52832_xxaa/nrfx_ppi.c.o
 .debug_loc     0x0000fa5a     0x108f _build/nrf52832_xxaa/nrfx_timer.c.o
 .debug_loc     0x00010ae9      0x10e _build/nrf52832_xxaa/nrfx_prs.c.o
 .debug_loc     0x00010bf7     0x1edc _build/nrf52832_xxaa/nrfx_uart.c.o
 .debug_loc     0x00012ad3     0x1ec2 _build/nrf52832_xxaa/nrfx_uarte.c.o
 .debug_loc     0x00014995      0x495 _build/nrf52832_xxaa/main.c.o

.debug_ranges   0x00000000     0x5a98
 .debug_ranges  0x00000000       0x28 _build/nrf52832_xxaa/nrf_log_backend_serial.c.o
 .debug_ranges  0x00000028      0x110 _build/nrf52832_xxaa/nrf_log_backend_uart.c.o
 .debug_ranges  0x00000138       0x10 _build/nrf52832_xxaa/nrf_log_default_backends.c.o
 .debug_ranges  0x00000148      0xb00 _build/nrf52832_xxaa/nrf_log_frontend.c.o
 .debug_ranges  0x00000c48       0xa8 _build/nrf52832_xxaa/nrf_log_str_formatter.c.o
 .debug_ranges  0x00000cf0      0x5e8 _build/nrf52832_xxaa/boards.c.o
 .debug_ranges  0x000012d8       0x18 _build/nrf52832_xxaa/app_error.c.o
 .debug_ranges  0x000012f0       0x28 _build/nrf52832_xxaa/app_error_weak.c.o
 .debug_ranges  0x00001318       0x50 _build/nrf52832_xxaa/app_util_platform.c.o
 .debug_ranges  0x00001368      0x228 _build/nrf52832_xxaa/nrf_atomic.c.o
 .debug_ranges  0x00001590       0x40 _build/nrf52832_xxaa/nrf_balloc.c.o
 .debug_ranges  0x000015d0      0x668 _build/nrf52832_xxaa/app_timer.c.o
 .debug_ranges  0x00001c38       0x18 _build/nrf52832_xxaa/nrf_fprintf.c.o
 .debug_ranges  0x00001c50      0x338 _build/nrf52832_xxaa/nrf_fprintf_format.c.o
 .debug_ranges  0x00001f88       0xb8 _build/nrf52832_xxaa/nrf_memobj.c.o
 .debug_ranges  0x00002040       0x40 _build/nrf52832_xxaa/nrf_ringbuf.c.o
 .debug_ranges  0x00002080       0x18 _build/nrf52832_xxaa/nrf_drv_ppi.c.o
 .debug_ranges  0x00002098       0x20 _build/nrf52832_xxaa/nrf_drv_uart.c.o
 .debug_ranges  0x000020b8      0x160 _build/nrf52832_xxaa/nrf_drv_clock.c.o
 .debug_ranges  0x00002218      0x2d8 _build/nrf52832_xxaa/nrfx_clock.c.o
 .debug_ranges  0x000024f0      0x300 _build/nrf52832_xxaa/nrfx_rtc.c.o
 .debug_ranges  0x000027f0     0x1168 _build/nrf52832_xxaa/nrfx_gpiote.c.o
 .debug_ranges  0x00003958      0x4a0 _build/nrf52832_xxaa/nrfx_ppi.c.o
 .debug_ranges  0x00003df8      0x5f8 _build/nrf52832_xxaa/nrfx_timer.c.o
 .debug_ranges  0x000043f0       0x38 _build/nrf52832_xxaa/nrfx_prs.c.o
 .debug_ranges  0x00004428      0x968 _build/nrf52832_xxaa/nrfx_uart.c.o
 .debug_ranges  0x00004d90      0x880 _build/nrf52832_xxaa/nrfx_uarte.c.o
 .debug_ranges  0x00005610      0x280 _build/nrf52832_xxaa/main.c.o
 .debug_ranges  0x00005890      0x208 _build/nrf52832_xxaa/system_nrf52.c.o

.debug_macro    0x00000000     0x8506
 .debug_macro   0x00000000      0x371 _build/nrf52832_xxaa/nrf_log_backend_serial.c.o
 .debug_macro   0x00000371       0x16 _build/nrf52832_xxaa/nrf_log_backend_serial.c.o
 .debug_macro   0x00000387       0x22 _build/nrf52832_xxaa/nrf_log_backend_serial.c.o
 .debug_macro   0x000003a9       0x1c _build/nrf52832_xxaa/nrf_log_backend_serial.c.o
 .debug_macro   0x000003c5       0x10 _build/nrf52832_xxaa/nrf_log_backend_serial.c.o
 .debug_macro   0x000003d5       0xbe _build/nrf52832_xxaa/nrf_log_backend_serial.c.o
 .debug_macro   0x00000493       0x16 _build/nrf52832_xxaa/nrf_log_backend_serial.c.o
 .debug_macro   0x000004a9      0x129 _build/nrf52832_xxaa/nrf_log_backend_serial.c.o
 .debug_macro   0x000005d2       0x49 _build/nrf52832_xxaa/nrf_log_backend_serial.c.o
 .debug_macro   0x0000061b       0x8c _build/nrf52832_xxaa/nrf_log_backend_serial.c.o
 .debug_macro   0x000006a7       0x31 _build/nrf52832_xxaa/nrf_log_backend_serial.c.o
 .debug_macro   0x000006d8       0x55 _build/nrf52832_xxaa/nrf_log_backend_serial.c.o
 .debug_macro   0x0000072d       0x98 _build/nrf52832_xxaa/nrf_log_backend_serial.c.o
 .debug_macro   0x000007c5       0x10 _build/nrf52832_xxaa/nrf_log_backend_serial.c.o
 .debug_macro   0x000007d5       0x1d _build/nrf52832_xxaa/nrf_log_backend_serial.c.o
 .debug_macro   0x000007f2       0x2e _build/nrf52832_xxaa/nrf_log_backend_serial.c.o
 .debug_macro   0x00000820       0x1c _build/nrf52832_xxaa/nrf_log_backend_serial.c.o
 .debug_macro   0x0000083c      0x185 _build/nrf52832_xxaa/nrf_log_backend_serial.c.o
 .debug_macro   0x000009c1      0x454 _build/nrf52832_xxaa/nrf_log_backend_uart.c.o
 .debug_macro   0x00000e15      0x3b1 _build/nrf52832_xxaa/nrf_log_backend_uart.c.o
 .debug_macro   0x000011c6       0x59 _build/nrf52832_xxaa/nrf_log_backend_uart.c.o
 .debug_macro   0x0000121f      0x39f _build/nrf52832_xxaa/nrf_log_backend_uart.c.o
 .debug_macro   0x000015be      0x12b _build/nrf52832_xxaa/nrf_log_backend_uart.c.o
 .debug_macro   0x000016e9       0x5a _build/nrf52832_xxaa/nrf_log_backend_uart.c.o
 .debug_macro   0x00001743       0x1d _build/nrf52832_xxaa/nrf_log_backend_uart.c.o
 .debug_macro   0x00001760       0xac _build/nrf52832_xxaa/nrf_log_backend_uart.c.o
 .debug_macro   0x0000180c       0x64 _build/nrf52832_xxaa/nrf_log_backend_uart.c.o
 .debug_macro   0x00001870       0x20 _build/nrf52832_xxaa/nrf_log_backend_uart.c.o
 .debug_macro   0x00001890       0x10 _build/nrf52832_xxaa/nrf_log_backend_uart.c.o
 .debug_macro   0x000018a0       0x10 _build/nrf52832_xxaa/nrf_log_backend_uart.c.o
 .debug_macro   0x000018b0       0x10 _build/nrf52832_xxaa/nrf_log_backend_uart.c.o
 .debug_macro   0x000018c0       0x10 _build/nrf52832_xxaa/nrf_log_backend_uart.c.o
 .debug_macro   0x000018d0       0x10 _build/nrf52832_xxaa/nrf_log_backend_uart.c.o
 .debug_macro   0x000018e0       0x3f _build/nrf52832_xxaa/nrf_log_backend_uart.c.o
 .debug_macro   0x0000191f      0x362 _build/nrf52832_xxaa/nrf_log_default_backends.c.o
 .debug_macro   0x00001c81       0x10 _build/nrf52832_xxaa/nrf_log_default_backends.c.o
 .debug_macro   0x00001c91      0x3e3 _build/nrf52832_xxaa/nrf_log_frontend.c.o
 .debug_macro   0x00002074       0x16 _build/nrf52832_xxaa/nrf_log_frontend.c.o
 .debug_macro   0x0000208a       0x9a _build/nrf52832_xxaa/nrf_log_frontend.c.o
 .debug_macro   0x00002124       0x9e _build/nrf52832_xxaa/nrf_log_frontend.c.o
 .debug_macro   0x000021c2      0x3b3 _build/nrf52832_xxaa/nrf_log_str_formatter.c.o
 .debug_macro   0x00002575       0xa2 _build/nrf52832_xxaa/nrf_log_str_formatter.c.o
 .debug_macro   0x00002617      0x33a _build/nrf52832_xxaa/boards.c.o
 .debug_macro   0x00002951       0x26 _build/nrf52832_xxaa/boards.c.o
 .debug_macro   0x00002977       0x3f _build/nrf52832_xxaa/boards.c.o
 .debug_macro   0x000029b6       0x16 _build/nrf52832_xxaa/boards.c.o
 .debug_macro   0x000029cc       0x19 _build/nrf52832_xxaa/boards.c.o
 .debug_macro   0x000029e5       0x35 _build/nrf52832_xxaa/boards.c.o
 .debug_macro   0x00002a1a       0x7b _build/nrf52832_xxaa/boards.c.o
 .debug_macro   0x00002a95       0x16 _build/nrf52832_xxaa/boards.c.o
 .debug_macro   0x00002aab      0x118 _build/nrf52832_xxaa/boards.c.o
 .debug_macro   0x00002bc3      0x16d _build/nrf52832_xxaa/boards.c.o
 .debug_macro   0x00002d30      0x21f _build/nrf52832_xxaa/app_error.c.o
 .debug_macro   0x00002f4f       0x35 _build/nrf52832_xxaa/app_error.c.o
 .debug_macro   0x00002f84       0x97 _build/nrf52832_xxaa/app_error.c.o
 .debug_macro   0x0000301b       0xf6 _build/nrf52832_xxaa/app_error.c.o
 .debug_macro   0x00003111      0x361 _build/nrf52832_xxaa/app_error_weak.c.o
 .debug_macro   0x00003472       0x16 _build/nrf52832_xxaa/app_error_weak.c.o
 .debug_macro   0x00003488       0x92 _build/nrf52832_xxaa/app_error_weak.c.o
 .debug_macro   0x0000351a      0x235 _build/nrf52832_xxaa/app_util_platform.c.o
 .debug_macro   0x0000374f      0x22c _build/nrf52832_xxaa/nrf_atomic.c.o
 .debug_macro   0x0000397b       0x42 _build/nrf52832_xxaa/nrf_atomic.c.o
 .debug_macro   0x000039bd      0x326 _build/nrf52832_xxaa/nrf_balloc.c.o
 .debug_macro   0x00003ce3       0x10 _build/nrf52832_xxaa/nrf_balloc.c.o
 .debug_macro   0x00003cf3      0x3f0 _build/nrf52832_xxaa/app_timer.c.o
 .debug_macro   0x000040e3       0x3c _build/nrf52832_xxaa/app_timer.c.o
 .debug_macro   0x0000411f       0x45 _build/nrf52832_xxaa/app_timer.c.o
 .debug_macro   0x00004164      0x238 _build/nrf52832_xxaa/nrf_fprintf.c.o
 .debug_macro   0x0000439c       0x58 _build/nrf52832_xxaa/nrf_fprintf.c.o
 .debug_macro   0x000043f4      0x2aa _build/nrf52832_xxaa/nrf_fprintf_format.c.o
 .debug_macro   0x0000469e      0x309 _build/nrf52832_xxaa/nrf_memobj.c.o
 .debug_macro   0x000049a7      0x10e _build/nrf52832_xxaa/nrf_memobj.c.o
 .debug_macro   0x00004ab5       0x86 _build/nrf52832_xxaa/nrf_memobj.c.o
 .debug_macro   0x00004b3b       0x5b _build/nrf52832_xxaa/nrf_memobj.c.o
 .debug_macro   0x00004b96      0x2b8 _build/nrf52832_xxaa/nrf_ringbuf.c.o
 .debug_macro   0x00004e4e      0x33b _build/nrf52832_xxaa/nrf_drv_ppi.c.o
 .debug_macro   0x00005189       0x16 _build/nrf52832_xxaa/nrf_drv_ppi.c.o
 .debug_macro   0x0000519f       0x88 _build/nrf52832_xxaa/nrf_drv_ppi.c.o
 .debug_macro   0x00005227      0x363 _build/nrf52832_xxaa/nrf_drv_uart.c.o
 .debug_macro   0x0000558a      0x405 _build/nrf52832_xxaa/nrf_drv_clock.c.o
 .debug_macro   0x0000598f       0x16 _build/nrf52832_xxaa/nrf_drv_clock.c.o
 .debug_macro   0x000059a5       0x10 _build/nrf52832_xxaa/nrf_drv_clock.c.o
 .debug_macro   0x000059b5       0x37 _build/nrf52832_xxaa/nrf_drv_clock.c.o
 .debug_macro   0x000059ec      0x17f _build/nrf52832_xxaa/nrf_drv_clock.c.o
 .debug_macro   0x00005b6b      0x3ef _build/nrf52832_xxaa/nrfx_clock.c.o
 .debug_macro   0x00005f5a       0x1c _build/nrf52832_xxaa/nrfx_clock.c.o
 .debug_macro   0x00005f76       0x42 _build/nrf52832_xxaa/nrfx_clock.c.o
 .debug_macro   0x00005fb8      0x3d3 _build/nrf52832_xxaa/nrfx_rtc.c.o
 .debug_macro   0x0000638b       0x2e _build/nrf52832_xxaa/nrfx_rtc.c.o
 .debug_macro   0x000063b9       0x16 _build/nrf52832_xxaa/nrfx_rtc.c.o
 .debug_macro   0x000063cf      0x41b _build/nrf52832_xxaa/nrfx_gpiote.c.o
 .debug_macro   0x000067ea       0x17 _build/nrf52832_xxaa/nrfx_gpiote.c.o
 .debug_macro   0x00006801       0x1c _build/nrf52832_xxaa/nrfx_gpiote.c.o
 .debug_macro   0x0000681d       0x45 _build/nrf52832_xxaa/nrfx_gpiote.c.o
 .debug_macro   0x00006862       0x16 _build/nrf52832_xxaa/nrfx_gpiote.c.o
 .debug_macro   0x00006878      0x3ce _build/nrf52832_xxaa/nrfx_ppi.c.o
 .debug_macro   0x00006c46      0x3db _build/nrf52832_xxaa/nrfx_timer.c.o
 .debug_macro   0x00007021       0x22 _build/nrf52832_xxaa/nrfx_timer.c.o
 .debug_macro   0x00007043       0x10 _build/nrf52832_xxaa/nrfx_timer.c.o
 .debug_macro   0x00007053      0x3d0 _build/nrf52832_xxaa/nrfx_prs.c.o
 .debug_macro   0x00007423       0x28 _build/nrf52832_xxaa/nrfx_prs.c.o
 .debug_macro   0x0000744b      0x3eb _build/nrf52832_xxaa/nrfx_uart.c.o
 .debug_macro   0x00007836      0x409 _build/nrf52832_xxaa/nrfx_uarte.c.o
 .debug_macro   0x00007c3f      0x54f _build/nrf52832_xxaa/main.c.o
 .debug_macro   0x0000818e       0x1e _build/nrf52832_xxaa/main.c.o
 .debug_macro   0x000081ac       0x94 _build/nrf52832_xxaa/main.c.o
 .debug_macro   0x00008240       0x10 _build/nrf52832_xxaa/main.c.o
 .debug_macro   0x00008250       0xcc _build/nrf52832_xxaa/main.c.o
 .debug_macro   0x0000831c       0xac _build/nrf52832_xxaa/main.c.o
 .debug_macro   0x000083c8       0x42 _build/nrf52832_xxaa/main.c.o
 .debug_macro   0x0000840a       0xfc _build/nrf52832_xxaa/system_nrf52.c.o

.debug_frame    0x00000000     0x1c7c
 .debug_frame   0x00000000       0x40 _build/nrf52832_xxaa/nrf_log_backend_serial.c.o
 .debug_frame   0x00000040       0xbc _build/nrf52832_xxaa/nrf_log_backend_uart.c.o
 .debug_frame   0x000000fc       0x28 _build/nrf52832_xxaa/nrf_log_default_backends.c.o
 .debug_frame   0x00000124      0x2e4 _build/nrf52832_xxaa/nrf_log_frontend.c.o
 .debug_frame   0x00000408       0xac _build/nrf52832_xxaa/nrf_log_str_formatter.c.o
 .debug_frame   0x000004b4       0xdc _build/nrf52832_xxaa/boards.c.o
 .debug_frame   0x00000590       0x54 _build/nrf52832_xxaa/app_error.c.o
 .debug_frame   0x000005e4       0x28 _build/nrf52832_xxaa/app_error_weak.c.o
 .debug_frame   0x0000060c       0x70 _build/nrf52832_xxaa/app_util_platform.c.o
 .debug_frame   0x0000067c      0x228 _build/nrf52832_xxaa/nrf_atomic.c.o
 .debug_frame   0x000008a4       0x6c _build/nrf52832_xxaa/nrf_balloc.c.o
 .debug_frame   0x00000910      0x138 _build/nrf52832_xxaa/app_timer.c.o
 .debug_frame   0x00000a48       0x5c _build/nrf52832_xxaa/nrf_fprintf.c.o
 .debug_frame   0x00000aa4       0xa8 _build/nrf52832_xxaa/nrf_fprintf_format.c.o
 .debug_frame   0x00000b4c       0xe8 _build/nrf52832_xxaa/nrf_memobj.c.o
 .debug_frame   0x00000c34       0xe0 _build/nrf52832_xxaa/nrf_ringbuf.c.o
 .debug_frame   0x00000d14       0x3c _build/nrf52832_xxaa/nrf_drv_ppi.c.o
 .debug_frame   0x00000d50       0x7c _build/nrf52832_xxaa/nrf_drv_uart.c.o
 .debug_frame   0x00000dcc      0x16c _build/nrf52832_xxaa/nrf_drv_clock.c.o
 .debug_frame   0x00000f38      0x110 _build/nrf52832_xxaa/nrfx_clock.c.o
 .debug_frame   0x00001048      0x180 _build/nrf52832_xxaa/nrfx_rtc.c.o
 .debug_frame   0x000011c8      0x290 _build/nrf52832_xxaa/nrfx_gpiote.c.o
 .debug_frame   0x00001458      0x168 _build/nrf52832_xxaa/nrfx_ppi.c.o
 .debug_frame   0x000015c0      0x1e0 _build/nrf52832_xxaa/nrfx_timer.c.o
 .debug_frame   0x000017a0       0x4c _build/nrf52832_xxaa/nrfx_prs.c.o
 .debug_frame   0x000017ec      0x18c _build/nrf52832_xxaa/nrfx_uart.c.o
 .debug_frame   0x00001978      0x198 _build/nrf52832_xxaa/nrfx_uarte.c.o
 .debug_frame   0x00001b10       0x70 _build/nrf52832_xxaa/main.c.o
 .debug_frame   0x00001b80       0x40 _build/nrf52832_xxaa/system_nrf52.c.o
 .debug_frame   0x00001bc0       0x28 c:/program files (x86)/gnu arm embedded toolchain/9 2020-q2-update/bin/../lib/gcc/arm-none-eabi/9.3.1/../../../../arm-none-eabi/lib/thumb/v7e-m+fp/hard\libc_nano.a(lib_a-exit.o)
 .debug_frame   0x00001be8       0x2c c:/program files (x86)/gnu arm embedded toolchain/9 2020-q2-update/bin/../lib/gcc/arm-none-eabi/9.3.1/../../../../arm-none-eabi/lib/thumb/v7e-m+fp/hard\libc_nano.a(lib_a-init.o)
 .debug_frame   0x00001c14       0x28 c:/program files (x86)/gnu arm embedded toolchain/9 2020-q2-update/bin/../lib/gcc/arm-none-eabi/9.3.1/../../../../arm-none-eabi/lib/thumb/v7e-m+fp/hard\libc_nano.a(lib_a-memcpy-stub.o)
 .debug_frame   0x00001c3c       0x20 c:/program files (x86)/gnu arm embedded toolchain/9 2020-q2-update/bin/../lib/gcc/arm-none-eabi/9.3.1/../../../../arm-none-eabi/lib/thumb/v7e-m+fp/hard\libc_nano.a(lib_a-memset.o)
 .debug_frame   0x00001c5c       0x20 c:/program files (x86)/gnu arm embedded toolchain/9 2020-q2-update/bin/../lib/gcc/arm-none-eabi/9.3.1/../../../../arm-none-eabi/lib/thumb/v7e-m+fp/hard\libnosys.a(_exit.o)
