Archive member included to satisfy reference by file (symbol)

c:/program files (x86)/gnu arm embedded toolchain/9 2020-q2-update/bin/../lib/gcc/arm-none-eabi/9.3.1/../../../../arm-none-eabi/lib/thumb/v7e-m+fp/hard\libc_nano.a(lib_a-ctype_.o)
                              _build/nrf52832_xxaa/nrf_log_str_formatter.c.o (_ctype_)
c:/program files (x86)/gnu arm embedded toolchain/9 2020-q2-update/bin/../lib/gcc/arm-none-eabi/9.3.1/../../../../arm-none-eabi/lib/thumb/v7e-m+fp/hard\libc_nano.a(lib_a-exit.o)
                              c:/program files (x86)/gnu arm embedded toolchain/9 2020-q2-update/bin/../lib/gcc/arm-none-eabi/9.3.1/../../../../arm-none-eabi/lib/thumb/v7e-m+fp/hard/crt0.o (exit)
c:/program files (x86)/gnu arm embedded toolchain/9 2020-q2-update/bin/../lib/gcc/arm-none-eabi/9.3.1/../../../../arm-none-eabi/lib/thumb/v7e-m+fp/hard\libc_nano.a(lib_a-fprintf.o)
                              _build/nrf52832_xxaa/main.c.o (fprintf)
c:/program files (x86)/gnu arm embedded toolchain/9 2020-q2-update/bin/../lib/gcc/arm-none-eabi/9.3.1/../../../../arm-none-eabi/lib/thumb/v7e-m+fp/hard\libc_nano.a(lib_a-impure.o)
                              c:/program files (x86)/gnu arm embedded toolchain/9 2020-q2-update/bin/../lib/gcc/arm-none-eabi/9.3.1/../../../../arm-none-eabi/lib/thumb/v7e-m+fp/hard\libc_nano.a(lib_a-exit.o) (_global_impure_ptr)
c:/program files (x86)/gnu arm embedded toolchain/9 2020-q2-update/bin/../lib/gcc/arm-none-eabi/9.3.1/../../../../arm-none-eabi/lib/thumb/v7e-m+fp/hard\libc_nano.a(lib_a-init.o)
                              c:/program files (x86)/gnu arm embedded toolchain/9 2020-q2-update/bin/../lib/gcc/arm-none-eabi/9.3.1/../../../../arm-none-eabi/lib/thumb/v7e-m+fp/hard/crt0.o (__libc_init_array)
c:/program files (x86)/gnu arm embedded toolchain/9 2020-q2-update/bin/../lib/gcc/arm-none-eabi/9.3.1/../../../../arm-none-eabi/lib/thumb/v7e-m+fp/hard\libc_nano.a(lib_a-malloc.o)
                              _build/nrf52832_xxaa/cJSON.c.o (malloc)
c:/program files (x86)/gnu arm embedded toolchain/9 2020-q2-update/bin/../lib/gcc/arm-none-eabi/9.3.1/../../../../arm-none-eabi/lib/thumb/v7e-m+fp/hard\libc_nano.a(lib_a-memcpy-stub.o)
                              _build/nrf52832_xxaa/nrf_log_frontend.c.o (memcpy)
c:/program files (x86)/gnu arm embedded toolchain/9 2020-q2-update/bin/../lib/gcc/arm-none-eabi/9.3.1/../../../../arm-none-eabi/lib/thumb/v7e-m+fp/hard\libc_nano.a(lib_a-memset.o)
                              c:/program files (x86)/gnu arm embedded toolchain/9 2020-q2-update/bin/../lib/gcc/arm-none-eabi/9.3.1/../../../../arm-none-eabi/lib/thumb/v7e-m+fp/hard/crt0.o (memset)
c:/program files (x86)/gnu arm embedded toolchain/9 2020-q2-update/bin/../lib/gcc/arm-none-eabi/9.3.1/../../../../arm-none-eabi/lib/thumb/v7e-m+fp/hard\libc_nano.a(lib_a-nano-freer.o)
                              c:/program files (x86)/gnu arm embedded toolchain/9 2020-q2-update/bin/../lib/gcc/arm-none-eabi/9.3.1/../../../../arm-none-eabi/lib/thumb/v7e-m+fp/hard\libc_nano.a(lib_a-malloc.o) (_free_r)
c:/program files (x86)/gnu arm embedded toolchain/9 2020-q2-update/bin/../lib/gcc/arm-none-eabi/9.3.1/../../../../arm-none-eabi/lib/thumb/v7e-m+fp/hard\libc_nano.a(lib_a-nano-mallocr.o)
                              c:/program files (x86)/gnu arm embedded toolchain/9 2020-q2-update/bin/../lib/gcc/arm-none-eabi/9.3.1/../../../../arm-none-eabi/lib/thumb/v7e-m+fp/hard\libc_nano.a(lib_a-malloc.o) (_malloc_r)
c:/program files (x86)/gnu arm embedded toolchain/9 2020-q2-update/bin/../lib/gcc/arm-none-eabi/9.3.1/../../../../arm-none-eabi/lib/thumb/v7e-m+fp/hard\libc_nano.a(lib_a-nano-vfprintf.o)
                              c:/program files (x86)/gnu arm embedded toolchain/9 2020-q2-update/bin/../lib/gcc/arm-none-eabi/9.3.1/../../../../arm-none-eabi/lib/thumb/v7e-m+fp/hard\libc_nano.a(lib_a-fprintf.o) (_vfprintf_r)
c:/program files (x86)/gnu arm embedded toolchain/9 2020-q2-update/bin/../lib/gcc/arm-none-eabi/9.3.1/../../../../arm-none-eabi/lib/thumb/v7e-m+fp/hard\libc_nano.a(lib_a-nano-vfprintf_i.o)
                              c:/program files (x86)/gnu arm embedded toolchain/9 2020-q2-update/bin/../lib/gcc/arm-none-eabi/9.3.1/../../../../arm-none-eabi/lib/thumb/v7e-m+fp/hard\libc_nano.a(lib_a-nano-vfprintf.o) (_printf_i)
c:/program files (x86)/gnu arm embedded toolchain/9 2020-q2-update/bin/../lib/gcc/arm-none-eabi/9.3.1/../../../../arm-none-eabi/lib/thumb/v7e-m+fp/hard\libc_nano.a(lib_a-sbrkr.o)
                              c:/program files (x86)/gnu arm embedded toolchain/9 2020-q2-update/bin/../lib/gcc/arm-none-eabi/9.3.1/../../../../arm-none-eabi/lib/thumb/v7e-m+fp/hard\libc_nano.a(lib_a-nano-mallocr.o) (_sbrk_r)
c:/program files (x86)/gnu arm embedded toolchain/9 2020-q2-update/bin/../lib/gcc/arm-none-eabi/9.3.1/../../../../arm-none-eabi/lib/thumb/v7e-m+fp/hard\libc_nano.a(lib_a-sprintf.o)
                              _build/nrf52832_xxaa/cJSON.c.o (sprintf)
[...]
Memory Configuration

Name             Origin             Length             Attributes
FLASH            0x00000000         0x00080000         xr
RAM              0x20000000         0x00010000         xrw
*default*        0x00000000         0xffffffff

Linker script and memory map


.text           0x00000000     0x50c4
 *(.isr_vector)
 .isr_vector    0x00000000      0x200 _build/nrf52832_xxaa/gcc_startup_nrf52.S.o
                0x00000000                __isr_vector
 *(.text*)
 .text          0x00000200       0x40 c:/program files (x86)/gnu arm embedded toolchain/9 2020-q2-update/bin/../lib/gcc/arm-none-eabi/9.3.1/thumb/v7e-m+fp/hard/crtbegin.o
 .text          0x00000240       0x7c c:/program files (x86)/gnu arm embedded toolchain/9 2020-q2-update/bin/../lib/gcc/arm-none-eabi/9.3.1/../../../../arm-none-eabi/lib/thumb/v7e-m+fp/hard/crt0.o
                0x00000240                _stack_init
                0x00000248                _start
                0x00000248                _mainCRTStartup
 .text          0x000002bc       0x3c _build/nrf52832_xxaa/gcc_startup_nrf52.S.o
                0x000002bc                Reset_Handler
                0x000002e4                NMI_Handler
                0x000002e6                HardFault_Handler
                0x000002e8                MemoryManagement_Handler
                0x000002ea                BusFault_Handler
                0x000002ec                UsageFault_Handler
                0x000002ee                SVC_Handler
                0x000002f0                DebugMon_Handler
                0x000002f2                PendSV_Handler
                0x000002f4                SysTick_Handler
                0x000002f6                QDEC_IRQHandler
                0x000002f6                TIMER3_IRQHandler
                0x000002f6                FPU_IRQHandler
                0x000002f6                TEMP_IRQHandler
                0x000002f6                RADIO_IRQHandler
                0x000002f6                TIMER4_IRQHandler
                0x000002f6                I2S_IRQHandler
                0x000002f6                SWI4_EGU4_IRQHandler
                0x000002f6                SPIM0_SPIS0_TWIM0_TWIS0_SPI0_TWI0_IRQHandler
                0x000002f6                PWM1_IRQHandler
                0x000002f6                ECB_IRQHandler
                0x000002f6                SPIM1_SPIS1_TWIM1_TWIS1_SPI1_TWI1_IRQHandler
                0x000002f6                Default_Handler
                0x000002f6                SAADC_IRQHandler
                0x000002f6                CCM_AAR_IRQHandler
                0x000002f6                WDT_IRQHandler
                0x000002f6                PDM_IRQHandler
                0x000002f6                SWI5_EGU5_IRQHandler
                0x000002f6                RNG_IRQHandler
                0x000002f6                RTC2_IRQHandler
                0x000002f6                PWM0_IRQHandler
                0x000002f6                SWI3_EGU3_IRQHandler
                0x000002f6                SWI1_EGU1_IRQHandler
                0x000002f6                SPIM2_SPIS2_SPI2_IRQHandler
                0x000002f6                NFCT_IRQHandler
                0x000002f6                SWI2_EGU2_IRQHandler
                0x000002f6                MWU_IRQHandler
                0x000002f6                PWM2_IRQHandler
                0x000002f6                COMP_LPCOMP_IRQHandler
 .text.nrf_log_backend_serial_put
                0x000002f8       0xd8 _build/nrf52832_xxaa/nrf_log_backend_serial.c.o
                0x000002f8                nrf_log_backend_serial_put
 .text.uart_evt_handler
                0x000003d0        0xc _build/nrf52832_xxaa/nrf_log_backend_uart.c.o
 .text.nrf_log_backend_uart_flush
                0x000003dc        0x4 _build/nrf52832_xxaa/nrf_log_backend_uart.c.o
 .text.nrf_log_backend_uart_put
                0x000003e0       0x20 _build/nrf52832_xxaa/nrf_log_backend_uart.c.o
 .text.serial_tx
                0x00000400       0x4c _build/nrf52832_xxaa/nrf_log_backend_uart.c.o
 .text.nrf_log_backend_uart_panic_set
                0x0000044c       0x7c _build/nrf52832_xxaa/nrf_log_backend_uart.c.o
 .text.nrf_log_backend_uart_init
                0x000004c8       0x68 _build/nrf52832_xxaa/nrf_log_backend_uart.c.o
                0x000004c8                nrf_log_backend_uart_init
 .text.nrf_log_default_backends_init
                0x00000530       0x20 _build/nrf52832_xxaa/nrf_log_default_backends.c.o
                0x00000530                nrf_log_default_backends_init
 .text.nrf_log_init
                0x00000550       0x40 _build/nrf52832_xxaa/nrf_log_frontend.c.o
                0x00000550                nrf_log_init
 .text.nrf_log_module_name_get
                0x00000590       0x48 _build/nrf52832_xxaa/nrf_log_frontend.c.o
                0x00000590                nrf_log_module_name_get
 .text.nrf_log_color_id_get
                0x000005d8       0x2c _build/nrf52832_xxaa/nrf_log_frontend.c.o
                0x000005d8                nrf_log_color_id_get
 .text.nrf_log_frontend_dequeue
                0x00000604      0x26c _build/nrf52832_xxaa/nrf_log_frontend.c.o
                0x00000604                nrf_log_frontend_dequeue
 .text.nrf_log_frontend_std_0
                0x00000870      0x198 _build/nrf52832_xxaa/nrf_log_frontend.c.o
                0x00000870                nrf_log_frontend_std_0
 .text.nrf_log_backend_add
                0x00000a08       0x5c _build/nrf52832_xxaa/nrf_log_frontend.c.o
                0x00000a08                nrf_log_backend_add
 .text.nrf_log_panic
                0x00000a64       0x2c _build/nrf52832_xxaa/nrf_log_frontend.c.o
                0x00000a64                nrf_log_panic
 .text.prefix_process
                0x00000a90       0x80 _build/nrf52832_xxaa/nrf_log_str_formatter.c.o
 .text.nrf_log_std_entry_process
                0x00000b10       0xf0 _build/nrf52832_xxaa/nrf_log_str_formatter.c.o
                0x00000b10                nrf_log_std_entry_process
 .text.nrf_log_hexdump_entry_process
                0x00000c00       0xfc _build/nrf52832_xxaa/nrf_log_str_formatter.c.o
                0x00000c00                nrf_log_hexdump_entry_process
 .text.bsp_board_init
                0x00000cfc       0x48 _build/nrf52832_xxaa/boards.c.o
                0x00000cfc                bsp_board_init
 .text.app_error_handler_bare
                0x00000d44       0x20 _build/nrf52832_xxaa/app_error.c.o
                0x00000d44                app_error_handler_bare
 .text.app_error_fault_handler
                0x00000d64       0x70 _build/nrf52832_xxaa/app_error_weak.c.o
                0x00000d64                app_error_fault_handler
 .text.app_util_critical_region_enter
                0x00000dd4       0x10 _build/nrf52832_xxaa/app_util_platform.c.o
                0x00000dd4                app_util_critical_region_enter
 .text.app_util_critical_region_exit
                0x00000de4       0x14 _build/nrf52832_xxaa/app_util_platform.c.o
                0x00000de4                app_util_critical_region_exit
 .text.nrf_atomic_u32_fetch_store
                0x00000df8       0x1c _build/nrf52832_xxaa/nrf_atomic.c.o
                0x00000df8                nrf_atomic_u32_fetch_store
 .text.nrf_atomic_u32_add
                0x00000e14       0x1c _build/nrf52832_xxaa/nrf_atomic.c.o
                0x00000e14                nrf_atomic_u32_add
 .text.nrf_atomic_u32_sub
                0x00000e30       0x1c _build/nrf52832_xxaa/nrf_atomic.c.o
                0x00000e30                nrf_atomic_u32_sub
 .text.nrf_atomic_flag_set
                0x00000e4c       0x20 _build/nrf52832_xxaa/nrf_atomic.c.o
                0x00000e4c                nrf_atomic_flag_set
 .text.nrf_atomic_flag_clear_fetch
                0x00000e6c       0x20 _build/nrf52832_xxaa/nrf_atomic.c.o
                0x00000e6c                nrf_atomic_flag_clear_fetch
 .text.nrf_balloc_init
                0x00000e8c       0x38 _build/nrf52832_xxaa/nrf_balloc.c.o
                0x00000e8c                nrf_balloc_init
 .text.nrf_balloc_alloc
                0x00000ec4       0x4c _build/nrf52832_xxaa/nrf_balloc.c.o
                0x00000ec4                nrf_balloc_alloc
 .text.nrf_balloc_free
                0x00000f10       0x2c _build/nrf52832_xxaa/nrf_balloc.c.o
                0x00000f10                nrf_balloc_free
 .text.RTC1_IRQHandler
                0x00000f3c       0xa0 _build/nrf52832_xxaa/app_timer.c.o
                0x00000f3c                RTC1_IRQHandler
 .text.SWI0_EGU0_IRQHandler
                0x00000fdc      0x3e0 _build/nrf52832_xxaa/app_timer.c.o
                0x00000fdc                SWI0_EGU0_IRQHandler
 .text.app_timer_init
                0x000013bc       0xa8 _build/nrf52832_xxaa/app_timer.c.o
                0x000013bc                app_timer_init
 .text.app_timer_create
                0x00001464       0x24 _build/nrf52832_xxaa/app_timer.c.o
                0x00001464                app_timer_create
 .text.app_timer_start
                0x00001488       0xa4 _build/nrf52832_xxaa/app_timer.c.o
                0x00001488                app_timer_start
 .text.nrf_fprintf_buffer_flush
                0x0000152c       0x18 _build/nrf52832_xxaa/nrf_fprintf.c.o
                0x0000152c                nrf_fprintf_buffer_flush
 .text.nrf_fprintf
                0x00001544       0x20 _build/nrf52832_xxaa/nrf_fprintf.c.o
                0x00001544                nrf_fprintf
 .text.unsigned_print
                0x00001564      0x14c _build/nrf52832_xxaa/nrf_fprintf_format.c.o
 .text.nrf_fprintf_fmt
                0x000016b0      0x5cc _build/nrf52832_xxaa/nrf_fprintf_format.c.o
                0x000016b0                nrf_fprintf_fmt
 .text.parse_hex4
                0x00001c7c       0xc8 _build/nrf52832_xxaa/cJSON.c.o
 .text.parse_string.isra.0
                0x00001d44      0x224 _build/nrf52832_xxaa/cJSON.c.o
 .text.parse_value
                0x00001f68      0x31c _build/nrf52832_xxaa/cJSON.c.o
 .text.cJSON_GetErrorPtr
                0x00002284        0xc _build/nrf52832_xxaa/cJSON.c.o
                0x00002284                cJSON_GetErrorPtr
 .text.cJSON_Delete
                0x00002290       0x48 _build/nrf52832_xxaa/cJSON.c.o
                0x00002290                cJSON_Delete
 .text.cJSON_Parse
                0x000022d8       0x5c _build/nrf52832_xxaa/cJSON.c.o
                0x000022d8                cJSON_Parse
 .text.nrf_memobj_pool_init
                0x00002334        0x4 _build/nrf52832_xxaa/nrf_memobj.c.o
                0x00002334                nrf_memobj_pool_init
 .text.nrf_memobj_alloc
                0x00002338       0x94 _build/nrf52832_xxaa/nrf_memobj.c.o
                0x00002338                nrf_memobj_alloc
 .text.nrf_memobj_get
                0x000023cc        0x8 _build/nrf52832_xxaa/nrf_memobj.c.o
                0x000023cc                nrf_memobj_get
 .text.nrf_memobj_put
                0x000023d4       0x58 _build/nrf52832_xxaa/nrf_memobj.c.o
                0x000023d4                nrf_memobj_put
 .text.nrf_memobj_write
                0x0000242c       0x68 _build/nrf52832_xxaa/nrf_memobj.c.o
                0x0000242c                nrf_memobj_write
 .text.nrf_memobj_read
                0x00002494       0x68 _build/nrf52832_xxaa/nrf_memobj.c.o
                0x00002494                nrf_memobj_read
 .text.nrf_ringbuf_init
                0x000024fc       0x1c _build/nrf52832_xxaa/nrf_ringbuf.c.o
                0x000024fc                nrf_ringbuf_init
 .text.uarte_evt_handler
                0x00002518       0x34 _build/nrf52832_xxaa/nrf_drv_uart.c.o
 .text.uart_evt_handler
                0x0000254c       0x34 _build/nrf52832_xxaa/nrf_drv_uart.c.o
 .text.nrf_drv_uart_init
                0x00002580       0x80 _build/nrf52832_xxaa/nrf_drv_uart.c.o
                0x00002580                nrf_drv_uart_init
 .text.clock_irq_handler
                0x00002600       0x44 _build/nrf52832_xxaa/nrf_drv_clock.c.o
 .text.nrf_drv_clock_init
                0x00002644       0x38 _build/nrf52832_xxaa/nrf_drv_clock.c.o
                0x00002644                nrf_drv_clock_init
 .text.nrf_drv_clock_lfclk_request
                0x0000267c       0x5c _build/nrf52832_xxaa/nrf_drv_clock.c.o
                0x0000267c                nrf_drv_clock_lfclk_request
 .text.nrfx_clock_init
                0x000026d8       0x18 _build/nrf52832_xxaa/nrfx_clock.c.o
                0x000026d8                nrfx_clock_init
 .text.nrfx_clock_enable
                0x000026f0       0x24 _build/nrf52832_xxaa/nrfx_clock.c.o
                0x000026f0                nrfx_clock_enable
 .text.nrfx_clock_lfclk_start
                0x00002714       0x60 _build/nrf52832_xxaa/nrfx_clock.c.o
                0x00002714                nrfx_clock_lfclk_start
 .text.POWER_CLOCK_IRQHandler
                0x00002774       0x6c _build/nrf52832_xxaa/nrfx_clock.c.o
                0x00002774                POWER_CLOCK_IRQHandler
 .text.RTC0_IRQHandler
                0x000027e0       0xb0 _build/nrf52832_xxaa/nrfx_rtc.c.o
                0x000027e0                RTC0_IRQHandler
 .text.nrfx_gpiote_out_toggle
                0x00002890       0x20 _build/nrf52832_xxaa/nrfx_gpiote.c.o
                0x00002890                nrfx_gpiote_out_toggle
 .text.GPIOTE_IRQHandler
                0x000028b0      0x300 _build/nrf52832_xxaa/nrfx_gpiote.c.o
                0x000028b0                GPIOTE_IRQHandler
 .text.nrfx_timer_resume
                0x00002bb0        0x8 _build/nrf52832_xxaa/nrfx_timer.c.o
                0x00002bb0                nrfx_timer_resume
 .text.TIMER0_IRQHandler
                0x00002bb8       0x58 _build/nrf52832_xxaa/nrfx_timer.c.o
                0x00002bb8                TIMER0_IRQHandler
 .text.TIMER1_IRQHandler
                0x00002c10       0x58 _build/nrf52832_xxaa/nrfx_timer.c.o
                0x00002c10                TIMER1_IRQHandler
 .text.TIMER2_IRQHandler
                0x00002c68       0x58 _build/nrf52832_xxaa/nrfx_timer.c.o
                0x00002c68                TIMER2_IRQHandler
 .text.UARTE0_UART0_IRQHandler
                0x00002cc0        0xc _build/nrf52832_xxaa/nrfx_prs.c.o
                0x00002cc0                UARTE0_UART0_IRQHandler
 .text.nrfx_prs_acquire
                0x00002ccc       0x3c _build/nrf52832_xxaa/nrfx_prs.c.o
                0x00002ccc                nrfx_prs_acquire
 .text.nrfx_prs_release
                0x00002d08       0x18 _build/nrf52832_xxaa/nrfx_prs.c.o
                0x00002d08                nrfx_prs_release
 .text.nrfx_uart_0_irq_handler
                0x00002d20      0x1c4 _build/nrf52832_xxaa/nrfx_uart.c.o
                0x00002d20                nrfx_uart_0_irq_handler
 .text.nrfx_uart_init
                0x00002ee4      0x19c _build/nrf52832_xxaa/nrfx_uart.c.o
                0x00002ee4                nrfx_uart_init
 .text.nrfx_uart_uninit
                0x00003080       0xcc _build/nrf52832_xxaa/nrfx_uart.c.o
                0x00003080                nrfx_uart_uninit
 .text.nrfx_uart_tx
                0x0000314c       0xd0 _build/nrf52832_xxaa/nrfx_uart.c.o
                0x0000314c                nrfx_uart_tx
 .text.nrfx_uarte_0_irq_handler
                0x0000321c      0x168 _build/nrf52832_xxaa/nrfx_uarte.c.o
                0x0000321c                nrfx_uarte_0_irq_handler
 .text.nrfx_uarte_init
                0x00003384      0x1d4 _build/nrf52832_xxaa/nrfx_uarte.c.o
                0x00003384                nrfx_uarte_init
 .text.nrfx_uarte_uninit
                0x00003558      0x108 _build/nrf52832_xxaa/nrfx_uarte.c.o
                0x00003558                nrfx_uarte_uninit
 .text.nrfx_uarte_tx
                0x00003660       0xb4 _build/nrf52832_xxaa/nrfx_uarte.c.o
                0x00003660                nrfx_uarte_tx
 .text.repeated_timer_handler
                0x00003714       0x2c _build/nrf52832_xxaa/main.c.o
 .text.startup.main
                0x00003740      0x10c _build/nrf52832_xxaa/main.c.o
                0x00003740                main
 .text.SystemInit
                0x0000384c      0x3b4 _build/nrf52832_xxaa/system_nrf52.c.o
                0x0000384c                SystemInit
 .text.exit     0x00003c00       0x28 c:/program files (x86)/gnu arm embedded toolchain/9 2020-q2-update/bin/../lib/gcc/arm-none-eabi/9.3.1/../../../../arm-none-eabi/lib/thumb/v7e-m+fp/hard\libc_nano.a(lib_a-exit.o)
                0x00003c00                exit
 .text.fprintf  0x00003c28       0x24 c:/program files (x86)/gnu arm embedded toolchain/9 2020-q2-update/bin/../lib/gcc/arm-none-eabi/9.3.1/../../../../arm-none-eabi/lib/thumb/v7e-m+fp/hard\libc_nano.a(lib_a-fprintf.o)
                0x00003c28                fiprintf
                0x00003c28                fprintf
 .text.__libc_init_array
                0x00003c4c       0x48 c:/program files (x86)/gnu arm embedded toolchain/9 2020-q2-update/bin/../lib/gcc/arm-none-eabi/9.3.1/../../../../arm-none-eabi/lib/thumb/v7e-m+fp/hard\libc_nano.a(lib_a-init.o)
                0x00003c4c                __libc_init_array
 .text.malloc   0x00003c94       0x10 c:/program files (x86)/gnu arm embedded toolchain/9 2020-q2-update/bin/../lib/gcc/arm-none-eabi/9.3.1/../../../../arm-none-eabi/lib/thumb/v7e-m+fp/hard\libc_nano.a(lib_a-malloc.o)
                0x00003c94                malloc
 .text.free     0x00003ca4       0x10 c:/program files (x86)/gnu arm embedded toolchain/9 2020-q2-update/bin/../lib/gcc/arm-none-eabi/9.3.1/../../../../arm-none-eabi/lib/thumb/v7e-m+fp/hard\libc_nano.a(lib_a-malloc.o)
                0x00003ca4                free
 .text.memcpy   0x00003cb4       0x1c c:/program files (x86)/gnu arm embedded toolchain/9 2020-q2-update/bin/../lib/gcc/arm-none-eabi/9.3.1/../../../../arm-none-eabi/lib/thumb/v7e-m+fp/hard\libc_nano.a(lib_a-memcpy-stub.o)
                0x00003cb4                memcpy
 .text.memset   0x00003cd0       0x10 c:/program files (x86)/gnu arm embedded toolchain/9 2020-q2-update/bin/../lib/gcc/arm-none-eabi/9.3.1/../../../../arm-none-eabi/lib/thumb/v7e-m+fp/hard\libc_nano.a(lib_a-memset.o)
                0x00003cd0                memset
 .text._free_r  0x00003ce0       0xa0 c:/program files (x86)/gnu arm embedded toolchain/9 2020-q2-update/bin/../lib/gcc/arm-none-eabi/9.3.1/../../../../arm-none-eabi/lib/thumb/v7e-m+fp/hard\libc_nano.a(lib_a-nano-freer.o)
                0x00003ce0                _free_r
 .text._malloc_r
                0x00003d80       0xb4 c:/program files (x86)/gnu arm embedded toolchain/9 2020-q2-update/bin/../lib/gcc/arm-none-eabi/9.3.1/../../../../arm-none-eabi/lib/thumb/v7e-m+fp/hard\libc_nano.a(lib_a-nano-mallocr.o)
                0x00003d80                _malloc_r
 .text.__sfputc_r
                0x00003e34       0x2e c:/program files (x86)/gnu arm embedded toolchain/9 2020-q2-update/bin/../lib/gcc/arm-none-eabi/9.3.1/../../../../arm-none-eabi/lib/thumb/v7e-m+fp/hard\libc_nano.a(lib_a-nano-vfprintf.o)
 .text.__sfputs_r
                0x00003e62       0x24 c:/program files (x86)/gnu arm embedded toolchain/9 2020-q2-update/bin/../lib/gcc/arm-none-eabi/9.3.1/../../../../arm-none-eabi/lib/thumb/v7e-m+fp/hard\libc_nano.a(lib_a-nano-vfprintf.o)
                0x00003e62                __sfputs_r
 *fill*         0x00003e86        0x2 
 .text._vfprintf_r
                0x00003e88      0x260 c:/program files (x86)/gnu arm embedded toolchain/9 2020-q2-update/bin/../lib/gcc/arm-none-eabi/9.3.1/../../../../arm-none-eabi/lib/thumb/v7e-m+fp/hard\libc_nano.a(lib_a-nano-vfprintf.o)
                0x00003e88                _vfprintf_r
                0x00003e88                _vfiprintf_r
 .text._printf_common
                0x000040e8       0xda c:/program files (x86)/gnu arm embedded toolchain/9 2020-q2-update/bin/../lib/gcc/arm-none-eabi/9.3.1/../../../../arm-none-eabi/lib/thumb/v7e-m+fp/hard\libc_nano.a(lib_a-nano-vfprintf_i.o)
                0x000040e8                _printf_common
 *fill*         0x000041c2        0x2 
 .text._printf_i
                0x000041c4      0x24c c:/program files (x86)/gnu arm embedded toolchain/9 2020-q2-update/bin/../lib/gcc/arm-none-eabi/9.3.1/../../../../arm-none-eabi/lib/thumb/v7e-m+fp/hard\libc_nano.a(lib_a-nano-vfprintf_i.o)
                0x000041c4                _printf_i
 .text._sbrk_r  0x00004410       0x20 c:/program files (x86)/gnu arm embedded toolchain/9 2020-q2-update/bin/../lib/gcc/arm-none-eabi/9.3.1/../../../../arm-none-eabi/lib/thumb/v7e-m+fp/hard\libc_nano.a(lib_a-sbrkr.o)
                0x00004410                _sbrk_r
 .text          0x00004430       0x10 c:/program files (x86)/gnu arm embedded toolchain/9 2020-q2-update/bin/../lib/gcc/arm-none-eabi/9.3.1/../../../../arm-none-eabi/lib/thumb/v7e-m+fp/hard\libc_nano.a(lib_a-strlen.o)
                0x00004430                strlen
 .text.strncmp  0x00004440       0x24 c:/program files (x86)/gnu arm embedded toolchain/9 2020-q2-update/bin/../lib/gcc/arm-none-eabi/9.3.1/../../../../arm-none-eabi/lib/thumb/v7e-m+fp/hard\libc_nano.a(lib_a-strncmp.o)
                0x00004440                strncmp
 .text.__swbuf_r
                0x00004464       0xa4 c:/program files (x86)/gnu arm embedded toolchain/9 2020-q2-update/bin/../lib/gcc/arm-none-eabi/9.3.1/../../../../arm-none-eabi/lib/thumb/v7e-m+fp/hard\libc_nano.a(lib_a-wbuf.o)
                0x00004464                __swbuf_r
 .text.__swsetup_r
                0x00004508       0xdc c:/program files (x86)/gnu arm embedded toolchain/9 2020-q2-update/bin/../lib/gcc/arm-none-eabi/9.3.1/../../../../arm-none-eabi/lib/thumb/v7e-m+fp/hard\libc_nano.a(lib_a-wsetup.o)
                0x00004508                __swsetup_r
 .text.__sflush_r
                0x000045e4      0x10c c:/program files (x86)/gnu arm embedded toolchain/9 2020-q2-update/bin/../lib/gcc/arm-none-eabi/9.3.1/../../../../arm-none-eabi/lib/thumb/v7e-m+fp/hard\libc_nano.a(lib_a-fflush.o)
                0x000045e4                __sflush_r
 .text._fflush_r
                0x000046f0       0x78 c:/program files (x86)/gnu arm embedded toolchain/9 2020-q2-update/bin/../lib/gcc/arm-none-eabi/9.3.1/../../../../arm-none-eabi/lib/thumb/v7e-m+fp/hard\libc_nano.a(lib_a-fflush.o)
                0x000046f0                _fflush_r
 .text.std      0x00004768       0x48 c:/program files (x86)/gnu arm embedded toolchain/9 2020-q2-update/bin/../lib/gcc/arm-none-eabi/9.3.1/../../../../arm-none-eabi/lib/thumb/v7e-m+fp/hard\libc_nano.a(lib_a-findfp.o)
 .text._cleanup_r
                0x000047b0        0xc c:/program files (x86)/gnu arm embedded toolchain/9 2020-q2-update/bin/../lib/gcc/arm-none-eabi/9.3.1/../../../../arm-none-eabi/lib/thumb/v7e-m+fp/hard\libc_nano.a(lib_a-findfp.o)
                0x000047b0                _cleanup_r
 .text.__sfmoreglue
                0x000047bc       0x2c c:/program files (x86)/gnu arm embedded toolchain/9 2020-q2-update/bin/../lib/gcc/arm-none-eabi/9.3.1/../../../../arm-none-eabi/lib/thumb/v7e-m+fp/hard\libc_nano.a(lib_a-findfp.o)
                0x000047bc                __sfmoreglue
 .text.__sfp_lock_acquire
                0x000047e8        0xc c:/program files (x86)/gnu arm embedded toolchain/9 2020-q2-update/bin/../lib/gcc/arm-none-eabi/9.3.1/../../../../arm-none-eabi/lib/thumb/v7e-m+fp/hard\libc_nano.a(lib_a-findfp.o)
                0x000047e8                __sfp_lock_acquire
 .text.__sfp_lock_release
                0x000047f4        0xc c:/program files (x86)/gnu arm embedded toolchain/9 2020-q2-update/bin/../lib/gcc/arm-none-eabi/9.3.1/../../../../arm-none-eabi/lib/thumb/v7e-m+fp/hard\libc_nano.a(lib_a-findfp.o)
                0x000047f4                __sfp_lock_release
 .text.__sinit_lock_acquire
                0x00004800        0xc c:/program files (x86)/gnu arm embedded toolchain/9 2020-q2-update/bin/../lib/gcc/arm-none-eabi/9.3.1/../../../../arm-none-eabi/lib/thumb/v7e-m+fp/hard\libc_nano.a(lib_a-findfp.o)
                0x00004800                __sinit_lock_acquire
 .text.__sinit_lock_release
                0x0000480c        0xc c:/program files (x86)/gnu arm embedded toolchain/9 2020-q2-update/bin/../lib/gcc/arm-none-eabi/9.3.1/../../../../arm-none-eabi/lib/thumb/v7e-m+fp/hard\libc_nano.a(lib_a-findfp.o)
                0x0000480c                __sinit_lock_release
 .text.__sinit  0x00004818       0x70 c:/program files (x86)/gnu arm embedded toolchain/9 2020-q2-update/bin/../lib/gcc/arm-none-eabi/9.3.1/../../../../arm-none-eabi/lib/thumb/v7e-m+fp/hard\libc_nano.a(lib_a-findfp.o)
                0x00004818                __sinit
 .text.__sfp    0x00004888       0x8c c:/program files (x86)/gnu arm embedded toolchain/9 2020-q2-update/bin/../lib/gcc/arm-none-eabi/9.3.1/../../../../arm-none-eabi/lib/thumb/v7e-m+fp/hard\libc_nano.a(lib_a-findfp.o)
                0x00004888                __sfp
 .text._fwalk_reent
                0x00004914       0x3e c:/program files (x86)/gnu arm embedded toolchain/9 2020-q2-update/bin/../lib/gcc/arm-none-eabi/9.3.1/../../../../arm-none-eabi/lib/thumb/v7e-m+fp/hard\libc_nano.a(lib_a-fwalk.o)
                0x00004914                _fwalk_reent
 .text.__retarget_lock_init_recursive
                0x00004952        0x2 c:/program files (x86)/gnu arm embedded toolchain/9 2020-q2-update/bin/../lib/gcc/arm-none-eabi/9.3.1/../../../../arm-none-eabi/lib/thumb/v7e-m+fp/hard\libc_nano.a(lib_a-lock.o)
                0x00004952                __retarget_lock_init_recursive
 .text.__retarget_lock_acquire_recursive
                0x00004954        0x2 c:/program files (x86)/gnu arm embedded toolchain/9 2020-q2-update/bin/../lib/gcc/arm-none-eabi/9.3.1/../../../../arm-none-eabi/lib/thumb/v7e-m+fp/hard\libc_nano.a(lib_a-lock.o)
                0x00004954                __retarget_lock_acquire_recursive
 .text.__retarget_lock_release_recursive
                0x00004956        0x2 c:/program files (x86)/gnu arm embedded toolchain/9 2020-q2-update/bin/../lib/gcc/arm-none-eabi/9.3.1/../../../../arm-none-eabi/lib/thumb/v7e-m+fp/hard\libc_nano.a(lib_a-lock.o)
                0x00004956                __retarget_lock_release_recursive
 .text.__swhatbuf_r
                0x00004958       0x48 c:/program files (x86)/gnu arm embedded toolchain/9 2020-q2-update/bin/../lib/gcc/arm-none-eabi/9.3.1/../../../../arm-none-eabi/lib/thumb/v7e-m+fp/hard\libc_nano.a(lib_a-makebuf.o)
                0x00004958                __swhatbuf_r
 .text.__smakebuf_r
                0x000049a0       0x80 c:/program files (x86)/gnu arm embedded toolchain/9 2020-q2-update/bin/../lib/gcc/arm-none-eabi/9.3.1/../../../../arm-none-eabi/lib/thumb/v7e-m+fp/hard\libc_nano.a(lib_a-makebuf.o)
                0x000049a0                __smakebuf_r
 .text          0x00004a20       0xa0 c:/program files (x86)/gnu arm embedded toolchain/9 2020-q2-update/bin/../lib/gcc/arm-none-eabi/9.3.1/../../../../arm-none-eabi/lib/thumb/v7e-m+fp/hard\libc_nano.a(lib_a-memchr.o)
                0x00004a20                memchr
 .text.__malloc_lock
                0x00004ac0        0xc c:/program files (x86)/gnu arm embedded toolchain/9 2020-q2-update/bin/../lib/gcc/arm-none-eabi/9.3.1/../../../../arm-none-eabi/lib/thumb/v7e-m+fp/hard\libc_nano.a(lib_a-mlock.o)
                0x00004ac0                __malloc_lock
 .text.__malloc_unlock
                0x00004acc        0xc c:/program files (x86)/gnu arm embedded toolchain/9 2020-q2-update/bin/../lib/gcc/arm-none-eabi/9.3.1/../../../../arm-none-eabi/lib/thumb/v7e-m+fp/hard\libc_nano.a(lib_a-mlock.o)
                0x00004acc                __malloc_unlock
 .text.__sread  0x00004ad8       0x22 c:/program files (x86)/gnu arm embedded toolchain/9 2020-q2-update/bin/../lib/gcc/arm-none-eabi/9.3.1/../../../../arm-none-eabi/lib/thumb/v7e-m+fp/hard\libc_nano.a(lib_a-stdio.o)
                0x00004ad8                __sread
 .text.__swrite
                0x00004afa       0x38 c:/program files (x86)/gnu arm embedded toolchain/9 2020-q2-update/bin/../lib/gcc/arm-none-eabi/9.3.1/../../../../arm-none-eabi/lib/thumb/v7e-m+fp/hard\libc_nano.a(lib_a-stdio.o)
                0x00004afa                __swrite
 .text.__sseek  0x00004b32       0x24 c:/program files (x86)/gnu arm embedded toolchain/9 2020-q2-update/bin/../lib/gcc/arm-none-eabi/9.3.1/../../../../arm-none-eabi/lib/thumb/v7e-m+fp/hard\libc_nano.a(lib_a-stdio.o)
                0x00004b32                __sseek
 .text.__sclose
                0x00004b56        0x8 c:/program files (x86)/gnu arm embedded toolchain/9 2020-q2-update/bin/../lib/gcc/arm-none-eabi/9.3.1/../../../../arm-none-eabi/lib/thumb/v7e-m+fp/hard\libc_nano.a(lib_a-stdio.o)
                0x00004b56                __sclose
 *fill*         0x00004b5e        0x2 
 .text._write_r
                0x00004b60       0x24 c:/program files (x86)/gnu arm embedded toolchain/9 2020-q2-update/bin/../lib/gcc/arm-none-eabi/9.3.1/../../../../arm-none-eabi/lib/thumb/v7e-m+fp/hard\libc_nano.a(lib_a-writer.o)
                0x00004b60                _write_r
 .text._close_r
                0x00004b84       0x20 c:/program files (x86)/gnu arm embedded toolchain/9 2020-q2-update/bin/../lib/gcc/arm-none-eabi/9.3.1/../../../../arm-none-eabi/lib/thumb/v7e-m+fp/hard\libc_nano.a(lib_a-closer.o)
                0x00004b84                _close_r
 .text._fstat_r
                0x00004ba4       0x24 c:/program files (x86)/gnu arm embedded toolchain/9 2020-q2-update/bin/../lib/gcc/arm-none-eabi/9.3.1/../../../../arm-none-eabi/lib/thumb/v7e-m+fp/hard\libc_nano.a(lib_a-fstatr.o)
                0x00004ba4                _fstat_r
 .text._isatty_r
                0x00004bc8       0x20 c:/program files (x86)/gnu arm embedded toolchain/9 2020-q2-update/bin/../lib/gcc/arm-none-eabi/9.3.1/../../../../arm-none-eabi/lib/thumb/v7e-m+fp/hard\libc_nano.a(lib_a-isattyr.o)
                0x00004bc8                _isatty_r
 .text._lseek_r
                0x00004be8       0x24 c:/program files (x86)/gnu arm embedded toolchain/9 2020-q2-update/bin/../lib/gcc/arm-none-eabi/9.3.1/../../../../arm-none-eabi/lib/thumb/v7e-m+fp/hard\libc_nano.a(lib_a-lseekr.o)
                0x00004be8                _lseek_r
 .text._read_r  0x00004c0c       0x24 c:/program files (x86)/gnu arm embedded toolchain/9 2020-q2-update/bin/../lib/gcc/arm-none-eabi/9.3.1/../../../../arm-none-eabi/lib/thumb/v7e-m+fp/hard\libc_nano.a(lib_a-readr.o)
                0x00004c0c                _read_r
 .text._close   0x00004c30       0x10 c:/program files (x86)/gnu arm embedded toolchain/9 2020-q2-update/bin/../lib/gcc/arm-none-eabi/9.3.1/../../../../arm-none-eabi/lib/thumb/v7e-m+fp/hard\libnosys.a(close.o)
                0x00004c30                _close
 .text._fstat   0x00004c40       0x10 c:/program files (x86)/gnu arm embedded toolchain/9 2020-q2-update/bin/../lib/gcc/arm-none-eabi/9.3.1/../../../../arm-none-eabi/lib/thumb/v7e-m+fp/hard\libnosys.a(fstat.o)
                0x00004c40                _fstat
 .text._isatty  0x00004c50       0x10 c:/program files (x86)/gnu arm embedded toolchain/9 2020-q2-update/bin/../lib/gcc/arm-none-eabi/9.3.1/../../../../arm-none-eabi/lib/thumb/v7e-m+fp/hard\libnosys.a(isatty.o)
                0x00004c50                _isatty
 .text._lseek   0x00004c60       0x10 c:/program files (x86)/gnu arm embedded toolchain/9 2020-q2-update/bin/../lib/gcc/arm-none-eabi/9.3.1/../../../../arm-none-eabi/lib/thumb/v7e-m+fp/hard\libnosys.a(lseek.o)
                0x00004c60                _lseek
 .text._read    0x00004c70       0x10 c:/program files (x86)/gnu arm embedded toolchain/9 2020-q2-update/bin/../lib/gcc/arm-none-eabi/9.3.1/../../../../arm-none-eabi/lib/thumb/v7e-m+fp/hard\libnosys.a(read.o)
                0x00004c70                _read
 .text._sbrk    0x00004c80       0x1c c:/program files (x86)/gnu arm embedded toolchain/9 2020-q2-update/bin/../lib/gcc/arm-none-eabi/9.3.1/../../../../arm-none-eabi/lib/thumb/v7e-m+fp/hard\libnosys.a(sbrk.o)
                0x00004c80                _sbrk
 .text._write   0x00004c9c       0x10 c:/program files (x86)/gnu arm embedded toolchain/9 2020-q2-update/bin/../lib/gcc/arm-none-eabi/9.3.1/../../../../arm-none-eabi/lib/thumb/v7e-m+fp/hard\libnosys.a(write.o)
                0x00004c9c                _write
 .text._exit    0x00004cac        0x4 c:/program files (x86)/gnu arm embedded toolchain/9 2020-q2-update/bin/../lib/gcc/arm-none-eabi/9.3.1/../../../../arm-none-eabi/lib/thumb/v7e-m+fp/hard\libnosys.a(_exit.o)
                0x00004cac                _exit
 *(.init)
 .init          0x00004cb0        0x4 c:/program files (x86)/gnu arm embedded toolchain/9 2020-q2-update/bin/../lib/gcc/arm-none-eabi/9.3.1/thumb/v7e-m+fp/hard/crti.o
                0x00004cb0                _init
 .init          0x00004cb4        0x8 c:/program files (x86)/gnu arm embedded toolchain/9 2020-q2-update/bin/../lib/gcc/arm-none-eabi/9.3.1/thumb/v7e-m+fp/hard/crtn.o
 *(.fini)
 .fini          0x00004cbc        0x4 c:/program files (x86)/gnu arm embedded toolchain/9 2020-q2-update/bin/../lib/gcc/arm-none-eabi/9.3.1/thumb/v7e-m+fp/hard/crti.o
                0x00004cbc                _fini
 .fini          0x00004cc0        0x8 c:/program files (x86)/gnu arm embedded toolchain/9 2020-q2-update/bin/../lib/gcc/arm-none-eabi/9.3.1/thumb/v7e-m+fp/hard/crtn.o
 *crtbegin.o(.ctors)
 *crtbegin?.o(.ctors)
 *(EXCLUDE_FILE(*crtend.o *crtend?.o) .ctors)
 *(SORT_BY_NAME(.ctors.*))
 *(.ctors)
 *crtbegin.o(.dtors)
 *crtbegin?.o(.dtors)
 *(EXCLUDE_FILE(*crtend.o *crtend?.o) .dtors)
 *(SORT_BY_NAME(.dtors.*))
 *(.dtors)
 *(.rodata*)
 .rodata        0x00004cc8       0x20 _build/nrf52832_xxaa/nrf_log_backend_uart.c.o
 .rodata.nrf_log_backend_uart_api
                0x00004ce8        0xc _build/nrf52832_xxaa/nrf_log_backend_uart.c.o
                0x00004ce8                nrf_log_backend_uart_api
 .rodata.str1.4
                0x00004cf4       0x11 _build/nrf52832_xxaa/nrf_log_default_backends.c.o
 *fill*         0x00004d05        0x3 
 .rodata.nrf_log_frontend_dequeue.str1.4
                0x00004d08       0x11 _build/nrf52832_xxaa/nrf_log_frontend.c.o
 *fill*         0x00004d19        0x3 
 .rodata.str1.4
                0x00004d1c        0x4 _build/nrf52832_xxaa/nrf_log_frontend.c.o
 .rodata.m_log_push_ringbuf
                0x00004d20        0xc _build/nrf52832_xxaa/nrf_log_frontend.c.o
 .rodata.prefix_process.str1.4
                0x00004d2c       0x36 _build/nrf52832_xxaa/nrf_log_str_formatter.c.o
 *fill*         0x00004d62        0x2 
 .rodata.nrf_log_std_entry_process.str1.4
                0x00004d64        0x3 _build/nrf52832_xxaa/nrf_log_str_formatter.c.o
 *fill*         0x00004d67        0x1 
 .rodata.nrf_log_hexdump_entry_process.str1.4
                0x00004d68       0x13 _build/nrf52832_xxaa/nrf_log_str_formatter.c.o
                                 0x16 (size before relaxing)
 *fill*         0x00004d7b        0x1 
 .rodata.str1.4
                0x00004d7c       0x56 _build/nrf52832_xxaa/nrf_log_str_formatter.c.o
 *fill*         0x00004dd2        0x2 
 .rodata.m_colors
                0x00004dd4       0x24 _build/nrf52832_xxaa/nrf_log_str_formatter.c.o
 .rodata.severity_names
                0x00004df8       0x14 _build/nrf52832_xxaa/nrf_log_str_formatter.c.o
 .rodata.app_error_fault_handler.str1.4
                0x00004e0c       0x19 _build/nrf52832_xxaa/app_error_weak.c.o
 *fill*         0x00004e25        0xb 
 .rodata.delay_machine_code.8426
                0x00004e30        0x6 _build/nrf52832_xxaa/app_timer.c.o
 *fill*         0x00004e36        0x2 
 .rodata._aV2C.7510
                0x00004e38       0x10 _build/nrf52832_xxaa/nrf_fprintf_format.c.o
 .rodata.print_value.str1.4
                0x00004e48       0x15 _build/nrf52832_xxaa/cJSON.c.o
 *fill*         0x00004e5d        0x3 
 .rodata.str1.4
                0x00004e60        0xf _build/nrf52832_xxaa/nrf_libuarte_async.c.o
 *fill*         0x00004e6f        0x1 
 .rodata.str1.4
                0x00004e70        0x9 _build/nrf52832_xxaa/nrf_libuarte_drv.c.o
 *fill*         0x00004e79        0x3 
 .rodata.str1.4
                0x00004e7c        0x6 _build/nrf52832_xxaa/nrf_drv_clock.c.o
 *fill*         0x00004e82        0x2 
 .rodata.str1.4
                0x00004e84        0x6 _build/nrf52832_xxaa/nrfx_clock.c.o
 *fill*         0x00004e8a        0x2 
 .rodata.str1.4
                0x00004e8c        0x4 _build/nrf52832_xxaa/nrfx_rtc.c.o
 .rodata.str1.4
                0x00004e90        0x7 _build/nrf52832_xxaa/nrfx_gpiote.c.o
 *fill*         0x00004e97        0x1 
 .rodata.str1.4
                0x00004e98        0x4 _build/nrf52832_xxaa/nrfx_ppi.c.o
 .rodata.str1.4
                0x00004e9c        0x6 _build/nrf52832_xxaa/nrfx_timer.c.o
 *fill*         0x00004ea2        0x2 
 .rodata.str1.4
                0x00004ea4        0x4 _build/nrf52832_xxaa/nrfx_prs.c.o
 .rodata.str1.4
                0x00004ea8        0x5 _build/nrf52832_xxaa/nrfx_uart.c.o
 *fill*         0x00004ead        0x3 
 .rodata.str1.4
                0x00004eb0        0x6 _build/nrf52832_xxaa/nrfx_uarte.c.o
 *fill*         0x00004eb6        0x2 
 .rodata.main.str1.4
                0x00004eb8       0x4c _build/nrf52832_xxaa/main.c.o
 *fill*         0x00004f04        0xc 
 .rodata.delay_machine_code.8024
                0x00004f10        0x6 _build/nrf52832_xxaa/main.c.o
 *fill*         0x00004f16        0x2 
 .rodata.m_repeated_timer_id
                0x00004f18        0x4 _build/nrf52832_xxaa/main.c.o
 .rodata.m_timer0
                0x00004f1c        0x8 _build/nrf52832_xxaa/main.c.o
 .rodata._ctype_
                0x00004f24      0x101 c:/program files (x86)/gnu arm embedded toolchain/9 2020-q2-update/bin/../lib/gcc/arm-none-eabi/9.3.1/../../../../arm-none-eabi/lib/thumb/v7e-m+fp/hard\libc_nano.a(lib_a-ctype_.o)
                0x00004f24                _ctype_
 *fill*         0x00005025        0x3 
 .rodata._global_impure_ptr
                0x00005028        0x4 c:/program files (x86)/gnu arm embedded toolchain/9 2020-q2-update/bin/../lib/gcc/arm-none-eabi/9.3.1/../../../../arm-none-eabi/lib/thumb/v7e-m+fp/hard\libc_nano.a(lib_a-impure.o)
                0x00005028                _global_impure_ptr
 .rodata._vfprintf_r.str1.1
                0x0000502c       0x11 c:/program files (x86)/gnu arm embedded toolchain/9 2020-q2-update/bin/../lib/gcc/arm-none-eabi/9.3.1/../../../../arm-none-eabi/lib/thumb/v7e-m+fp/hard\libc_nano.a(lib_a-nano-vfprintf.o)
 .rodata._printf_i.str1.1
                0x0000503d       0x22 c:/program files (x86)/gnu arm embedded toolchain/9 2020-q2-update/bin/../lib/gcc/arm-none-eabi/9.3.1/../../../../arm-none-eabi/lib/thumb/v7e-m+fp/hard\libc_nano.a(lib_a-nano-vfprintf_i.o)
 *fill*         0x0000505f        0x1 
 .rodata.__sf_fake_stderr
                0x00005060       0x20 c:/program files (x86)/gnu arm embedded toolchain/9 2020-q2-update/bin/../lib/gcc/arm-none-eabi/9.3.1/../../../../arm-none-eabi/lib/thumb/v7e-m+fp/hard\libc_nano.a(lib_a-findfp.o)
                0x00005060                __sf_fake_stderr
 .rodata.__sf_fake_stdin
                0x00005080       0x20 c:/program files (x86)/gnu arm embedded toolchain/9 2020-q2-update/bin/../lib/gcc/arm-none-eabi/9.3.1/../../../../arm-none-eabi/lib/thumb/v7e-m+fp/hard\libc_nano.a(lib_a-findfp.o)
                0x00005080                __sf_fake_stdin
 .rodata.__sf_fake_stdout
                0x000050a0       0x20 c:/program files (x86)/gnu arm embedded toolchain/9 2020-q2-update/bin/../lib/gcc/arm-none-eabi/9.3.1/../../../../arm-none-eabi/lib/thumb/v7e-m+fp/hard\libc_nano.a(lib_a-findfp.o)
                0x000050a0                __sf_fake_stdout
 *(.eh_frame*)
 .eh_frame      0x000050c0        0x0 c:/program files (x86)/gnu arm embedded toolchain/9 2020-q2-update/bin/../lib/gcc/arm-none-eabi/9.3.1/thumb/v7e-m+fp/hard/crtbegin.o
 .eh_frame      0x000050c0        0x4 c:/program files (x86)/gnu arm embedded toolchain/9 2020-q2-update/bin/../lib/gcc/arm-none-eabi/9.3.1/thumb/v7e-m+fp/hard/crtend.o

.glue_7         0x000050c4        0x0
 .glue_7        0x000050c4        0x0 linker stubs

.glue_7t        0x000050c4        0x0
 .glue_7t       0x000050c4        0x0 linker stubs

.vfp11_veneer   0x000050c4        0x0
 .vfp11_veneer  0x000050c4        0x0 linker stubs

.v4_bx          0x000050c4        0x0
 .v4_bx         0x000050c4        0x0 linker stubs

.iplt           0x000050c4        0x0
 .iplt          0x000050c4        0x0 c:/program files (x86)/gnu arm embedded toolchain/9 2020-q2-update/bin/../lib/gcc/arm-none-eabi/9.3.1/thumb/v7e-m+fp/hard/crtbegin.o

.mem_section_dummy_rom

.nrf_queue      0x000050c4       0x28
                [!provide]                PROVIDE (__start_nrf_queue = .)
 *(.nrf_queue)
 .nrf_queue     0x000050c4       0x28 _build/nrf52832_xxaa/lib_uarte.c.o
                0x000050c4                m_buf_queue
                0x000050d8                libuarte_rxdata_queue
                [!provide]                PROVIDE (__stop_nrf_queue = .)

.log_const_data
                0x000050ec       0x60
                0x000050ec                PROVIDE (__start_log_const_data = .)
 *(SORT_BY_NAME(.log_const_data*))
 .log_const_data_CLOCK
                0x000050ec        0x8 _build/nrf52832_xxaa/nrfx_clock.c.o
                0x000050ec                m_nrf_log_CLOCK_logs_data_const
 .log_const_data_GPIOTE
                0x000050f4        0x8 _build/nrf52832_xxaa/nrfx_gpiote.c.o
                0x000050f4                m_nrf_log_GPIOTE_logs_data_const
 .log_const_data_PPI
                0x000050fc        0x8 _build/nrf52832_xxaa/nrfx_ppi.c.o
                0x000050fc                m_nrf_log_PPI_logs_data_const
 .log_const_data_PRS
                0x00005104        0x8 _build/nrf52832_xxaa/nrfx_prs.c.o
                0x00005104                m_nrf_log_PRS_logs_data_const
 .log_const_data_RTC
                0x0000510c        0x8 _build/nrf52832_xxaa/nrfx_rtc.c.o
                0x0000510c                m_nrf_log_RTC_logs_data_const
 .log_const_data_TIMER
                0x00005114        0x8 _build/nrf52832_xxaa/nrfx_timer.c.o
                0x00005114                m_nrf_log_TIMER_logs_data_const
 .log_const_data_UART
                0x0000511c        0x8 _build/nrf52832_xxaa/nrfx_uart.c.o
                0x0000511c                m_nrf_log_UART_logs_data_const
 .log_const_data_UARTE
                0x00005124        0x8 _build/nrf52832_xxaa/nrfx_uarte.c.o
                0x00005124                m_nrf_log_UARTE_logs_data_const
 .log_const_data_app
                0x0000512c        0x8 _build/nrf52832_xxaa/nrf_log_frontend.c.o
                0x0000512c                m_nrf_log_app_logs_data_const
 .log_const_data_clock
                0x00005134        0x8 _build/nrf52832_xxaa/nrf_drv_clock.c.o
                0x00005134                m_nrf_log_clock_logs_data_const
 .log_const_data_libUARTE
                0x0000513c        0x8 _build/nrf52832_xxaa/nrf_libuarte_drv.c.o
                0x0000513c                m_nrf_log_libUARTE_logs_data_const
 .log_const_data_libUARTE_async
                0x00005144        0x8 _build/nrf52832_xxaa/nrf_libuarte_async.c.o
                0x00005144                m_nrf_log_libUARTE_async_logs_data_const
                0x0000514c                PROVIDE (__stop_log_const_data = .)

.log_backends   0x0000514c       0x10
                [!provide]                PROVIDE (__start_log_backends = .)
 *(SORT_BY_NAME(.log_backends*))
 .log_backends  0x0000514c       0x10 _build/nrf52832_xxaa/nrf_log_default_backends.c.o
                [!provide]                PROVIDE (__stop_log_backends = .)

.nrf_balloc     0x0000515c       0x28
                [!provide]                PROVIDE (__start_nrf_balloc = .)
 *(.nrf_balloc)
 .nrf_balloc    0x0000515c       0x14 _build/nrf52832_xxaa/nrf_log_frontend.c.o
                0x0000515c                log_mempool
 .nrf_balloc    0x00005170       0x14 _build/nrf52832_xxaa/lib_uarte.c.o
                0x00005170                libuarte_rx_pool
                [!provide]                PROVIDE (__stop_nrf_balloc = .)

.ARM.extab
 *(.ARM.extab* .gnu.linkonce.armextab.*)
                0x00005184                __exidx_start = .

.ARM.exidx      0x00005184        0x8
 *(.ARM.exidx* .gnu.linkonce.armexidx.*)
 .ARM.exidx     0x00005184        0x8 c:/program files (x86)/gnu arm embedded toolchain/9 2020-q2-update/bin/../lib/gcc/arm-none-eabi/9.3.1/../../../../arm-none-eabi/lib/thumb/v7e-m+fp/hard/crt0.o
                                 0x10 (size before relaxing)
                0x0000518c                __exidx_end = .
                0x0000518c                __etext = .

.rel.dyn        0x0000518c        0x0
 .rel.iplt      0x0000518c        0x0 c:/program files (x86)/gnu arm embedded toolchain/9 2020-q2-update/bin/../lib/gcc/arm-none-eabi/9.3.1/thumb/v7e-m+fp/hard/crtbegin.o

.data           0x20000000       0x94 load address 0x0000518c
                0x20000000                __data_start__ = .
 *(vtable)
 *(.data*)
 .data.m_uart   0x20000000       0x14 _build/nrf52832_xxaa/nrf_log_backend_uart.c.o
                0x20000000                m_uart
 .data.log_backend_cb_uart_log_backend
                0x20000014        0x8 _build/nrf52832_xxaa/nrf_log_default_backends.c.o
 .data.cJSON_free
                0x2000001c        0x4 _build/nrf52832_xxaa/cJSON.c.o
 .data.cJSON_malloc
                0x20000020        0x4 _build/nrf52832_xxaa/cJSON.c.o
 .data.SystemCoreClock
                0x20000024        0x4 _build/nrf52832_xxaa/system_nrf52.c.o
                0x20000024                SystemCoreClock
 .data._impure_ptr
                0x20000028        0x4 c:/program files (x86)/gnu arm embedded toolchain/9 2020-q2-update/bin/../lib/gcc/arm-none-eabi/9.3.1/../../../../arm-none-eabi/lib/thumb/v7e-m+fp/hard\libc_nano.a(lib_a-impure.o)
                0x20000028                _impure_ptr
 .data.impure_data
                0x2000002c       0x60 c:/program files (x86)/gnu arm embedded toolchain/9 2020-q2-update/bin/../lib/gcc/arm-none-eabi/9.3.1/../../../../arm-none-eabi/lib/thumb/v7e-m+fp/hard\libc_nano.a(lib_a-impure.o)
                0x2000008c                . = ALIGN (0x4)
                0x2000008c                PROVIDE (__preinit_array_start = .)
 *(.preinit_array)
                0x2000008c                PROVIDE (__preinit_array_end = .)
                0x2000008c                . = ALIGN (0x4)
                0x2000008c                PROVIDE (__init_array_start = .)
 *(SORT_BY_NAME(.init_array.*))
 *(.init_array)
 .init_array    0x2000008c        0x4 c:/program files (x86)/gnu arm embedded toolchain/9 2020-q2-update/bin/../lib/gcc/arm-none-eabi/9.3.1/thumb/v7e-m+fp/hard/crtbegin.o
                0x20000090                PROVIDE (__init_array_end = .)
                0x20000090                . = ALIGN (0x4)
                [!provide]                PROVIDE (__fini_array_start = .)
 *(SORT_BY_NAME(.fini_array.*))
 *(.fini_array)
 .fini_array    0x20000090        0x4 c:/program files (x86)/gnu arm embedded toolchain/9 2020-q2-update/bin/../lib/gcc/arm-none-eabi/9.3.1/thumb/v7e-m+fp/hard/crtbegin.o
                [!provide]                PROVIDE (__fini_array_end = .)
 *(.jcr*)
                0x20000094                . = ALIGN (0x4)
                0x20000094                __data_end__ = .
LOAD c:/program files (x86)/gnu arm embedded toolchain/9 2020-q2-update/bin/../lib/gcc/arm-none-eabi/9.3.1/thumb/v7e-m+fp/hard/crti.o
LOAD c:/program files (x86)/gnu arm embedded toolchain/9 2020-q2-update/bin/../lib/gcc/arm-none-eabi/9.3.1/thumb/v7e-m+fp/hard/crtbegin.o
LOAD c:/program files (x86)/gnu arm embedded toolchain/9 2020-q2-update/bin/../lib/gcc/arm-none-eabi/9.3.1/../../../../arm-none-eabi/lib/thumb/v7e-m+fp/hard/crt0.o
LOAD _build/nrf52832_xxaa/gcc_startup_nrf52.S.o
LOAD _build/nrf52832_xxaa/nrf_log_backend_rtt.c.o
LOAD _build/nrf52832_xxaa/nrf_log_backend_serial.c.o
LOAD _build/nrf52832_xxaa/nrf_log_backend_uart.c.o
LOAD _build/nrf52832_xxaa/nrf_log_default_backends.c.o
LOAD _build/nrf52832_xxaa/nrf_log_frontend.c.o
LOAD _build/nrf52832_xxaa/nrf_log_str_formatter.c.o
LOAD _build/nrf52832_xxaa/boards.c.o
LOAD _build/nrf52832_xxaa/app_error.c.o
LOAD _build/nrf52832_xxaa/app_error_handler_gcc.c.o
LOAD _build/nrf52832_xxaa/app_error_weak.c.o
LOAD _build/nrf52832_xxaa/app_fifo.c.o
LOAD _build/nrf52832_xxaa/app_uart_fifo.c.o
LOAD _build/nrf52832_xxaa/app_util_platform.c.o
LOAD _build/nrf52832_xxaa/nrf_assert.c.o
LOAD _build/nrf52832_xxaa/nrf_atomic.c.o
LOAD _build/nrf52832_xxaa/nrf_balloc.c.o
LOAD _build/nrf52832_xxaa/app_timer.c.o
LOAD _build/nrf52832_xxaa/nrf_fprintf.c.o
LOAD _build/nrf52832_xxaa/nrf_fprintf_format.c.o
LOAD _build/nrf52832_xxaa/cJSON.c.o
LOAD _build/nrf52832_xxaa/nrf_libuarte_async.c.o
LOAD _build/nrf52832_xxaa/nrf_libuarte_drv.c.o
LOAD _build/nrf52832_xxaa/nrf_memobj.c.o
LOAD _build/nrf52832_xxaa/nrf_queue.c.o
LOAD _build/nrf52832_xxaa/nrf_ringbuf.c.o
LOAD _build/nrf52832_xxaa/nrf_strerror.c.o
LOAD _build/nrf52832_xxaa/nrf_drv_ppi.c.o
LOAD _build/nrf52832_xxaa/nrf_drv_uart.c.o
LOAD _build/nrf52832_xxaa/nrf_drv_clock.c.o
LOAD _build/nrf52832_xxaa/nrf_nvic.c.o
LOAD _build/nrf52832_xxaa/nrf_soc.c.o
LOAD _build/nrf52832_xxaa/nrfx_atomic.c.o
LOAD _build/nrf52832_xxaa/nrfx_clock.c.o
LOAD _build/nrf52832_xxaa/nrfx_rtc.c.o
LOAD _build/nrf52832_xxaa/nrfx_gpiote.c.o
LOAD _build/nrf52832_xxaa/nrfx_ppi.c.o
LOAD _build/nrf52832_xxaa/nrfx_timer.c.o
LOAD _build/nrf52832_xxaa/nrfx_prs.c.o
LOAD _build/nrf52832_xxaa/nrfx_uart.c.o
LOAD _build/nrf52832_xxaa/nrfx_uarte.c.o
LOAD _build/nrf52832_xxaa/main.c.o
LOAD _build/nrf52832_xxaa/lib_uarte.c.o
LOAD _build/nrf52832_xxaa/temp.c.o
LOAD _build/nrf52832_xxaa/SEGGER_RTT.c.o
LOAD _build/nrf52832_xxaa/SEGGER_RTT_Syscalls_GCC.c.o
LOAD _build/nrf52832_xxaa/SEGGER_RTT_printf.c.o
LOAD _build/nrf52832_xxaa/system_nrf52.c.o
LOAD c:/program files (x86)/gnu arm embedded toolchain/9 2020-q2-update/bin/../lib/gcc/arm-none-eabi/9.3.1/../../../../arm-none-eabi/lib/thumb/v7e-m+fp/hard\libc_nano.a
LOAD c:/program files (x86)/gnu arm embedded toolchain/9 2020-q2-update/bin/../lib/gcc/arm-none-eabi/9.3.1/../../../../arm-none-eabi/lib/thumb/v7e-m+fp/hard\libnosys.a
LOAD c:/program files (x86)/gnu arm embedded toolchain/9 2020-q2-update/bin/../lib/gcc/arm-none-eabi/9.3.1/../../../../arm-none-eabi/lib/thumb/v7e-m+fp/hard\libm.a
START GROUP
LOAD c:/program files (x86)/gnu arm embedded toolchain/9 2020-q2-update/bin/../lib/gcc/arm-none-eabi/9.3.1/thumb/v7e-m+fp/hard\libgcc.a
LOAD c:/program files (x86)/gnu arm embedded toolchain/9 2020-q2-update/bin/../lib/gcc/arm-none-eabi/9.3.1/../../../../arm-none-eabi/lib/thumb/v7e-m+fp/hard\libg_nano.a
LOAD c:/program files (x86)/gnu arm embedded toolchain/9 2020-q2-update/bin/../lib/gcc/arm-none-eabi/9.3.1/../../../../arm-none-eabi/lib/thumb/v7e-m+fp/hard\libc_nano.a
END GROUP
START GROUP
LOAD c:/program files (x86)/gnu arm embedded toolchain/9 2020-q2-update/bin/../lib/gcc/arm-none-eabi/9.3.1/thumb/v7e-m+fp/hard\libgcc.a
LOAD c:/program files (x86)/gnu arm embedded toolchain/9 2020-q2-update/bin/../lib/gcc/arm-none-eabi/9.3.1/../../../../arm-none-eabi/lib/thumb/v7e-m+fp/hard\libc_nano.a
END GROUP
LOAD c:/program files (x86)/gnu arm embedded toolchain/9 2020-q2-update/bin/../lib/gcc/arm-none-eabi/9.3.1/thumb/v7e-m+fp/hard/crtend.o
LOAD c:/program files (x86)/gnu arm embedded toolchain/9 2020-q2-update/bin/../lib/gcc/arm-none-eabi/9.3.1/thumb/v7e-m+fp/hard/crtn.o
START GROUP
LOAD c:/program files (x86)/gnu arm embedded toolchain/9 2020-q2-update/bin/../lib/gcc/arm-none-eabi/9.3.1/thumb/v7e-m+fp/hard\libgcc.a
LOAD c:/program files (x86)/gnu arm embedded toolchain/9 2020-q2-update/bin/../lib/gcc/arm-none-eabi/9.3.1/../../../../arm-none-eabi/lib/thumb/v7e-m+fp/hard\libc.a
LOAD c:/program files (x86)/gnu arm embedded toolchain/9 2020-q2-update/bin/../lib/gcc/arm-none-eabi/9.3.1/../../../../arm-none-eabi/lib/thumb/v7e-m+fp/hard\libnosys.a
END GROUP

.igot.plt       0x20000094        0x0 load address 0x00005220
 .igot.plt      0x20000094        0x0 c:/program files (x86)/gnu arm embedded toolchain/9 2020-q2-update/bin/../lib/gcc/arm-none-eabi/9.3.1/thumb/v7e-m+fp/hard/crtbegin.o
                0x20000094                . = ALIGN (0x4)

.mem_section_dummy_ram

.log_dynamic_data
                0x20000094        0x0
                0x20000094                PROVIDE (__start_log_dynamic_data = .)
 *(SORT_BY_NAME(.log_dynamic_data*))
                [!provide]                PROVIDE (__stop_log_dynamic_data = .)

.log_filter_data
                0x20000094        0x0
                [!provide]                PROVIDE (__start_log_filter_data = .)
 *(SORT_BY_NAME(.log_filter_data*))
                [!provide]                PROVIDE (__stop_log_filter_data = .)

.bss            0x20000098      0xbe0 load address 0x00005228
                0x20000098                . = ALIGN (0x4)
                0x20000098                __bss_start__ = .
 *(.bss*)
 .bss           0x20000098       0x1c c:/program files (x86)/gnu arm embedded toolchain/9 2020-q2-update/bin/../lib/gcc/arm-none-eabi/9.3.1/thumb/v7e-m+fp/hard/crtbegin.o
 .bss.m_async_mode
                0x200000b4        0x1 _build/nrf52832_xxaa/nrf_log_backend_uart.c.o
 *fill*         0x200000b5        0x3 
 .bss.m_string_buff
                0x200000b8       0x40 _build/nrf52832_xxaa/nrf_log_backend_uart.c.o
 .bss.m_xfer_done
                0x200000f8        0x1 _build/nrf52832_xxaa/nrf_log_backend_uart.c.o
 *fill*         0x200000f9        0x3 
 .bss.log_mempool_nrf_balloc_cb
                0x200000fc        0x8 _build/nrf52832_xxaa/nrf_log_frontend.c.o
 .bss.log_mempool_nrf_balloc_pool_mem
                0x20000104       0xc0 _build/nrf52832_xxaa/nrf_log_frontend.c.o
 .bss.log_mempool_nrf_balloc_pool_stack
                0x200001c4        0x8 _build/nrf52832_xxaa/nrf_log_frontend.c.o
 *fill*         0x200001cc        0x4 
 .bss.m_log_data
                0x200001d0      0x424 _build/nrf52832_xxaa/nrf_log_frontend.c.o
 .bss.m_log_push_ringbuf_buf
                0x200005f4       0x80 _build/nrf52832_xxaa/nrf_log_frontend.c.o
 .bss.m_log_push_ringbuf_cb
                0x20000674       0x18 _build/nrf52832_xxaa/nrf_log_frontend.c.o
 .bss.m_in_critical_region
                0x2000068c        0x4 _build/nrf52832_xxaa/app_util_platform.c.o
 .bss.m_op_queue
                0x20000690      0x10c _build/nrf52832_xxaa/app_timer.c.o
 .bss.m_rtc1_reset
                0x2000079c        0x1 _build/nrf52832_xxaa/app_timer.c.o
 .bss.m_rtc1_running
                0x2000079d        0x1 _build/nrf52832_xxaa/app_timer.c.o
 *fill*         0x2000079e        0x2 
 .bss.m_ticks_elapsed
                0x200007a0        0x8 _build/nrf52832_xxaa/app_timer.c.o
 .bss.m_ticks_elapsed_q_read_ind
                0x200007a8        0x1 _build/nrf52832_xxaa/app_timer.c.o
 .bss.m_ticks_elapsed_q_write_ind
                0x200007a9        0x1 _build/nrf52832_xxaa/app_timer.c.o
 *fill*         0x200007aa        0x2 
 .bss.m_ticks_latest
                0x200007ac        0x4 _build/nrf52832_xxaa/app_timer.c.o
 .bss.mp_timer_id_head
                0x200007b0        0x4 _build/nrf52832_xxaa/app_timer.c.o
 .bss.ep        0x200007b4        0x4 _build/nrf52832_xxaa/cJSON.c.o
 .bss.m_contexts
                0x200007b8        0x4 _build/nrf52832_xxaa/nrf_drv_uart.c.o
 .bss.m_handlers
                0x200007bc        0x4 _build/nrf52832_xxaa/nrf_drv_uart.c.o
 .bss.m_clock_cb
                0x200007c0       0x14 _build/nrf52832_xxaa/nrf_drv_clock.c.o
 .bss.m_clock_cb
                0x200007d4        0x8 _build/nrf52832_xxaa/nrfx_clock.c.o
 .bss.m_handlers
                0x200007dc        0x4 _build/nrf52832_xxaa/nrfx_rtc.c.o
 .bss.m_cb      0x200007e0       0x4c _build/nrf52832_xxaa/nrfx_gpiote.c.o
 .bss.m_cb      0x2000082c       0x24 _build/nrf52832_xxaa/nrfx_timer.c.o
 .bss.m_prs_box_4
                0x20000850        0x8 _build/nrf52832_xxaa/nrfx_prs.c.o
 .bss.m_cb      0x20000858       0x2c _build/nrf52832_xxaa/nrfx_uart.c.o
 *fill*         0x20000884        0x4 
 .bss.m_cb      0x20000888       0x24 _build/nrf52832_xxaa/nrfx_uarte.c.o
 .bss.m_repeated_timer_id_data
                0x200008ac       0x20 _build/nrf52832_xxaa/main.c.o
 .bss.m_simple_timer_state
                0x200008cc        0x1 _build/nrf52832_xxaa/main.c.o
 *fill*         0x200008cd        0x3 
 .bss.libuarte_rx_pool_nrf_balloc_cb
                0x200008d0        0x8 _build/nrf52832_xxaa/lib_uarte.c.o
 .bss.libuarte_rx_pool_nrf_balloc_pool_mem
                0x200008d8      0x300 _build/nrf52832_xxaa/lib_uarte.c.o
 .bss.libuarte_rx_pool_nrf_balloc_pool_stack
                0x20000bd8        0x3 _build/nrf52832_xxaa/lib_uarte.c.o
 *fill*         0x20000bdb        0x1 
 .bss.libuarte_rxdata_queue_nrf_queue_buffer
                0x20000bdc       0x10 _build/nrf52832_xxaa/lib_uarte.c.o
 .bss.libuarte_rxdata_queue_nrf_queue_cb
                0x20000bec        0xc _build/nrf52832_xxaa/lib_uarte.c.o
 .bss.m_buf_queue_nrf_queue_buffer
                0x20000bf8       0x58 _build/nrf52832_xxaa/lib_uarte.c.o
 .bss.m_buf_queue_nrf_queue_cb
                0x20000c50        0xc _build/nrf52832_xxaa/lib_uarte.c.o
 .bss.__malloc_free_list
                0x20000c5c        0x4 c:/program files (x86)/gnu arm embedded toolchain/9 2020-q2-update/bin/../lib/gcc/arm-none-eabi/9.3.1/../../../../arm-none-eabi/lib/thumb/v7e-m+fp/hard\libc_nano.a(lib_a-nano-mallocr.o)
                0x20000c5c                __malloc_free_list
 .bss.__malloc_sbrk_start
                0x20000c60        0x4 c:/program files (x86)/gnu arm embedded toolchain/9 2020-q2-update/bin/../lib/gcc/arm-none-eabi/9.3.1/../../../../arm-none-eabi/lib/thumb/v7e-m+fp/hard\libc_nano.a(lib_a-nano-mallocr.o)
                0x20000c60                __malloc_sbrk_start
 .bss.heap_end.5507
                0x20000c64        0x4 c:/program files (x86)/gnu arm embedded toolchain/9 2020-q2-update/bin/../lib/gcc/arm-none-eabi/9.3.1/../../../../arm-none-eabi/lib/thumb/v7e-m+fp/hard\libnosys.a(sbrk.o)
 *(COMMON)
 COMMON         0x20000c68        0x1 _build/nrf52832_xxaa/nrf_drv_uart.c.o
                0x20000c68                nrf_drv_uart_use_easy_dma
 COMMON         0x20000c69        0x9 c:/program files (x86)/gnu arm embedded toolchain/9 2020-q2-update/bin/../lib/gcc/arm-none-eabi/9.3.1/../../../../arm-none-eabi/lib/thumb/v7e-m+fp/hard\libc_nano.a(lib_a-lock.o)
                0x20000c69                __lock___atexit_recursive_mutex
                0x20000c6a                __lock___arc4random_mutex
                0x20000c6b                __lock___env_recursive_mutex
                0x20000c6c                __lock___sinit_recursive_mutex
                0x20000c6d                __lock___malloc_recursive_mutex
                0x20000c6e                __lock___at_quick_exit_mutex
                0x20000c6f                __lock___dd_hash_mutex
                0x20000c70                __lock___tz_mutex
                0x20000c71                __lock___sfp_recursive_mutex
 *fill*         0x20000c72        0x2 
 COMMON         0x20000c74        0x4 c:/program files (x86)/gnu arm embedded toolchain/9 2020-q2-update/bin/../lib/gcc/arm-none-eabi/9.3.1/../../../../arm-none-eabi/lib/thumb/v7e-m+fp/hard\libc_nano.a(lib_a-reent.o)
                0x20000c74                errno
                0x20000c78                . = ALIGN (0x4)
                0x20000c78                __bss_end__ = .

.heap           0x20000c78     0x2000
                0x20000c78                __HeapBase = .
                0x20000c78                __end__ = .
                0x20000c78                PROVIDE (end = .)
 *(.heap*)
 .heap          0x20000c78     0x2000 _build/nrf52832_xxaa/gcc_startup_nrf52.S.o
                0x20002c78                __HeapLimit = .

.stack_dummy    0x20000c78     0x2000
 *(.stack*)
 .stack         0x20000c78     0x2000 _build/nrf52832_xxaa/gcc_startup_nrf52.S.o
                0x20010000                __StackTop = (ORIGIN (RAM) + LENGTH (RAM))
                0x2000e000                __StackLimit = (__StackTop - SIZEOF (.stack_dummy))
                0x20010000                PROVIDE (__stack = __StackTop)
                0x00000001                ASSERT ((__StackLimit >= __HeapLimit), region RAM overflowed with stack)
                0x00000098                DataInitFlashUsed = (__bss_start__ - __data_start__)
                0x0000518c                CodeFlashUsed = (__etext - ORIGIN (FLASH))
                0x00005224                TotalFlashUsed = (CodeFlashUsed + DataInitFlashUsed)
                0x00000001                ASSERT ((TotalFlashUsed <= LENGTH (FLASH)), region FLASH overflowed with .data and user data)
OUTPUT(_build/nrf52832_xxaa.out elf32-littlearm)
LOAD linker stubs

.ARM.attributes
                0x00000000       0x30
 .ARM.attributes
                0x00000000       0x1e c:/program files (x86)/gnu arm embedded toolchain/9 2020-q2-update/bin/../lib/gcc/arm-none-eabi/9.3.1/thumb/v7e-m+fp/hard/crti.o
 .ARM.attributes
                0x0000001e       0x34 c:/program files (x86)/gnu arm embedded toolchain/9 2020-q2-update/bin/../lib/gcc/arm-none-eabi/9.3.1/thumb/v7e-m+fp/hard/crtbegin.o
 .ARM.attributes
                0x00000052       0x1c c:/program files (x86)/gnu arm embedded toolchain/9 2020-q2-update/bin/../lib/gcc/arm-none-eabi/9.3.1/../../../../arm-none-eabi/lib/thumb/v7e-m+fp/hard/crt0.o
 .ARM.attributes
                0x0000006e       0x20 _build/nrf52832_xxaa/gcc_startup_nrf52.S.o
 .ARM.attributes
                0x0000008e       0x34 _build/nrf52832_xxaa/nrf_log_backend_serial.c.o
 .ARM.attributes
                0x000000c2       0x34 _build/nrf52832_xxaa/nrf_log_backend_uart.c.o
 .ARM.attributes
                0x000000f6       0x34 _build/nrf52832_xxaa/nrf_log_default_backends.c.o
 .ARM.attributes
                0x0000012a       0x34 _build/nrf52832_xxaa/nrf_log_frontend.c.o
 .ARM.attributes
                0x0000015e       0x34 _build/nrf52832_xxaa/nrf_log_str_formatter.c.o
 .ARM.attributes
                0x00000192       0x34 _build/nrf52832_xxaa/boards.c.o
 .ARM.attributes
                0x000001c6       0x34 _build/nrf52832_xxaa/app_error.c.o
 .ARM.attributes
                0x000001fa       0x34 _build/nrf52832_xxaa/app_error_weak.c.o
 .ARM.attributes
                0x0000022e       0x34 _build/nrf52832_xxaa/app_util_platform.c.o
 .ARM.attributes
                0x00000262       0x34 _build/nrf52832_xxaa/nrf_atomic.c.o
 .ARM.attributes
                0x00000296       0x34 _build/nrf52832_xxaa/nrf_balloc.c.o
 .ARM.attributes
                0x000002ca       0x34 _build/nrf52832_xxaa/app_timer.c.o
 .ARM.attributes
                0x000002fe       0x34 _build/nrf52832_xxaa/nrf_fprintf.c.o
 .ARM.attributes
                0x00000332       0x34 _build/nrf52832_xxaa/nrf_fprintf_format.c.o
 .ARM.attributes
                0x00000366       0x34 _build/nrf52832_xxaa/cJSON.c.o
 .ARM.attributes
                0x0000039a       0x34 _build/nrf52832_xxaa/nrf_libuarte_async.c.o
 .ARM.attributes
                0x000003ce       0x34 _build/nrf52832_xxaa/nrf_libuarte_drv.c.o
 .ARM.attributes
                0x00000402       0x34 _build/nrf52832_xxaa/nrf_memobj.c.o
 .ARM.attributes
                0x00000436       0x34 _build/nrf52832_xxaa/nrf_ringbuf.c.o
 .ARM.attributes
                0x0000046a       0x34 _build/nrf52832_xxaa/nrf_drv_uart.c.o
 .ARM.attributes
                0x0000049e       0x34 _build/nrf52832_xxaa/nrf_drv_clock.c.o
 .ARM.attributes
                0x000004d2       0x34 _build/nrf52832_xxaa/nrfx_clock.c.o
 .ARM.attributes
                0x00000506       0x34 _build/nrf52832_xxaa/nrfx_rtc.c.o
 .ARM.attributes
                0x0000053a       0x34 _build/nrf52832_xxaa/nrfx_gpiote.c.o
 .ARM.attributes
                0x0000056e       0x34 _build/nrf52832_xxaa/nrfx_ppi.c.o
 .ARM.attributes
                0x000005a2       0x34 _build/nrf52832_xxaa/nrfx_timer.c.o
 .ARM.attributes
                0x000005d6       0x34 _build/nrf52832_xxaa/nrfx_prs.c.o
 .ARM.attributes
                0x0000060a       0x34 _build/nrf52832_xxaa/nrfx_uart.c.o
 .ARM.attributes
                0x0000063e       0x34 _build/nrf52832_xxaa/nrfx_uarte.c.o
 .ARM.attributes
                0x00000672       0x34 _build/nrf52832_xxaa/main.c.o
 .ARM.attributes
                0x000006a6       0x34 _build/nrf52832_xxaa/lib_uarte.c.o
 .ARM.attributes
                0x000006da       0x34 _build/nrf52832_xxaa/system_nrf52.c.o
 .ARM.attributes
                0x0000070e       0x32 c:/program files (x86)/gnu arm embedded toolchain/9 2020-q2-update/bin/../lib/gcc/arm-none-eabi/9.3.1/../../../../arm-none-eabi/lib/thumb/v7e-m+fp/hard\libc_nano.a(lib_a-ctype_.o)
 .ARM.attributes
                0x00000740       0x34 c:/program files (x86)/gnu arm embedded toolchain/9 2020-q2-update/bin/../lib/gcc/arm-none-eabi/9.3.1/../../../../arm-none-eabi/lib/thumb/v7e-m+fp/hard\libc_nano.a(lib_a-exit.o)
 .ARM.attributes
                0x00000774       0x34 c:/program files (x86)/gnu arm embedded toolchain/9 2020-q2-update/bin/../lib/gcc/arm-none-eabi/9.3.1/../../../../arm-none-eabi/lib/thumb/v7e-m+fp/hard\libc_nano.a(lib_a-fprintf.o)
 .ARM.attributes
                0x000007a8       0x32 c:/program files (x86)/gnu arm embedded toolchain/9 2020-q2-update/bin/../lib/gcc/arm-none-eabi/9.3.1/../../../../arm-none-eabi/lib/thumb/v7e-m+fp/hard\libc_nano.a(lib_a-impure.o)
 .ARM.attributes
                0x000007da       0x34 c:/program files (x86)/gnu arm embedded toolchain/9 2020-q2-update/bin/../lib/gcc/arm-none-eabi/9.3.1/../../../../arm-none-eabi/lib/thumb/v7e-m+fp/hard\libc_nano.a(lib_a-init.o)
 .ARM.attributes
                0x0000080e       0x34 c:/program files (x86)/gnu arm embedded toolchain/9 2020-q2-update/bin/../lib/gcc/arm-none-eabi/9.3.1/../../../../arm-none-eabi/lib/thumb/v7e-m+fp/hard\libc_nano.a(lib_a-malloc.o)
 .ARM.attributes
                0x00000842       0x34 c:/program files (x86)/gnu arm embedded toolchain/9 2020-q2-update/bin/../lib/gcc/arm-none-eabi/9.3.1/../../../../arm-none-eabi/lib/thumb/v7e-m+fp/hard\libc_nano.a(lib_a-memcpy-stub.o)
 .ARM.attributes
                0x00000876       0x34 c:/program files (x86)/gnu arm embedded toolchain/9 2020-q2-update/bin/../lib/gcc/arm-none-eabi/9.3.1/../../../../arm-none-eabi/lib/thumb/v7e-m+fp/hard\libc_nano.a(lib_a-memset.o)
 .ARM.attributes
                0x000008aa       0x34 c:/program files (x86)/gnu arm embedded toolchain/9 2020-q2-update/bin/../lib/gcc/arm-none-eabi/9.3.1/../../../../arm-none-eabi/lib/thumb/v7e-m+fp/hard\libc_nano.a(lib_a-nano-freer.o)
 .ARM.attributes
                0x000008de       0x34 c:/program files (x86)/gnu arm embedded toolchain/9 2020-q2-update/bin/../lib/gcc/arm-none-eabi/9.3.1/../../../../arm-none-eabi/lib/thumb/v7e-m+fp/hard\libc_nano.a(lib_a-nano-mallocr.o)
 .ARM.attributes
                0x00000912       0x34 c:/program files (x86)/gnu arm embedded toolchain/9 2020-q2-update/bin/../lib/gcc/arm-none-eabi/9.3.1/../../../../arm-none-eabi/lib/thumb/v7e-m+fp/hard\libc_nano.a(lib_a-nano-vfprintf.o)
 .ARM.attributes
                0x00000946       0x34 c:/program files (x86)/gnu arm embedded toolchain/9 2020-q2-update/bin/../lib/gcc/arm-none-eabi/9.3.1/../../../../arm-none-eabi/lib/thumb/v7e-m+fp/hard\libc_nano.a(lib_a-nano-vfprintf_i.o)
 .ARM.attributes
                0x0000097a       0x34 c:/program files (x86)/gnu arm embedded toolchain/9 2020-q2-update/bin/../lib/gcc/arm-none-eabi/9.3.1/../../../../arm-none-eabi/lib/thumb/v7e-m+fp/hard\libc_nano.a(lib_a-sbrkr.o)
 .ARM.attributes
                0x000009ae       0x17 c:/program files (x86)/gnu arm embedded toolchain/9 2020-q2-update/bin/../lib/gcc/arm-none-eabi/9.3.1/../../../../arm-none-eabi/lib/thumb/v7e-m+fp/hard\libc_nano.a(lib_a-strlen.o)
 .ARM.attributes
                0x000009c5       0x34 c:/program files (x86)/gnu arm embedded toolchain/9 2020-q2-update/bin/../lib/gcc/arm-none-eabi/9.3.1/../../../../arm-none-eabi/lib/thumb/v7e-m+fp/hard\libc_nano.a(lib_a-strncmp.o)
 .ARM.attributes
                0x000009f9       0x34 c:/program files (x86)/gnu arm embedded toolchain/9 2020-q2-update/bin/../lib/gcc/arm-none-eabi/9.3.1/../../../../arm-none-eabi/lib/thumb/v7e-m+fp/hard\libc_nano.a(lib_a-wbuf.o)
 .ARM.attributes
                0x00000a2d       0x34 c:/program files (x86)/gnu arm embedded toolchain/9 2020-q2-update/bin/../lib/gcc/arm-none-eabi/9.3.1/../../../../arm-none-eabi/lib/thumb/v7e-m+fp/hard\libc_nano.a(lib_a-wsetup.o)
 .ARM.attributes
                0x00000a61       0x34 c:/program files (x86)/gnu arm embedded toolchain/9 2020-q2-update/bin/../lib/gcc/arm-none-eabi/9.3.1/../../../../arm-none-eabi/lib/thumb/v7e-m+fp/hard\libc_nano.a(lib_a-fflush.o)
 .ARM.attributes
                0x00000a95       0x34 c:/program files (x86)/gnu arm embedded toolchain/9 2020-q2-update/bin/../lib/gcc/arm-none-eabi/9.3.1/../../../../arm-none-eabi/lib/thumb/v7e-m+fp/hard\libc_nano.a(lib_a-findfp.o)
 .ARM.attributes
                0x00000ac9       0x34 c:/program files (x86)/gnu arm embedded toolchain/9 2020-q2-update/bin/../lib/gcc/arm-none-eabi/9.3.1/../../../../arm-none-eabi/lib/thumb/v7e-m+fp/hard\libc_nano.a(lib_a-fwalk.o)
 .ARM.attributes
                0x00000afd       0x34 c:/program files (x86)/gnu arm embedded toolchain/9 2020-q2-update/bin/../lib/gcc/arm-none-eabi/9.3.1/../../../../arm-none-eabi/lib/thumb/v7e-m+fp/hard\libc_nano.a(lib_a-lock.o)
 .ARM.attributes
                0x00000b31       0x34 c:/program files (x86)/gnu arm embedded toolchain/9 2020-q2-update/bin/../lib/gcc/arm-none-eabi/9.3.1/../../../../arm-none-eabi/lib/thumb/v7e-m+fp/hard\libc_nano.a(lib_a-makebuf.o)
 .ARM.attributes
                0x00000b65       0x1c c:/program files (x86)/gnu arm embedded toolchain/9 2020-q2-update/bin/../lib/gcc/arm-none-eabi/9.3.1/../../../../arm-none-eabi/lib/thumb/v7e-m+fp/hard\libc_nano.a(lib_a-memchr.o)
 .ARM.attributes
                0x00000b81       0x34 c:/program files (x86)/gnu arm embedded toolchain/9 2020-q2-update/bin/../lib/gcc/arm-none-eabi/9.3.1/../../../../arm-none-eabi/lib/thumb/v7e-m+fp/hard\libc_nano.a(lib_a-mlock.o)
 .ARM.attributes
                0x00000bb5       0x34 c:/program files (x86)/gnu arm embedded toolchain/9 2020-q2-update/bin/../lib/gcc/arm-none-eabi/9.3.1/../../../../arm-none-eabi/lib/thumb/v7e-m+fp/hard\libc_nano.a(lib_a-reent.o)
 .ARM.attributes
                0x00000be9       0x34 c:/program files (x86)/gnu arm embedded toolchain/9 2020-q2-update/bin/../lib/gcc/arm-none-eabi/9.3.1/../../../../arm-none-eabi/lib/thumb/v7e-m+fp/hard\libc_nano.a(lib_a-stdio.o)
 .ARM.attributes
                0x00000c1d       0x34 c:/program files (x86)/gnu arm embedded toolchain/9 2020-q2-update/bin/../lib/gcc/arm-none-eabi/9.3.1/../../../../arm-none-eabi/lib/thumb/v7e-m+fp/hard\libc_nano.a(lib_a-writer.o)
 .ARM.attributes
                0x00000c51       0x34 c:/program files (x86)/gnu arm embedded toolchain/9 2020-q2-update/bin/../lib/gcc/arm-none-eabi/9.3.1/../../../../arm-none-eabi/lib/thumb/v7e-m+fp/hard\libc_nano.a(lib_a-closer.o)
 .ARM.attributes
                0x00000c85       0x34 c:/program files (x86)/gnu arm embedded toolchain/9 2020-q2-update/bin/../lib/gcc/arm-none-eabi/9.3.1/../../../../arm-none-eabi/lib/thumb/v7e-m+fp/hard\libc_nano.a(lib_a-fstatr.o)
 .ARM.attributes
                0x00000cb9       0x34 c:/program files (x86)/gnu arm embedded toolchain/9 2020-q2-update/bin/../lib/gcc/arm-none-eabi/9.3.1/../../../../arm-none-eabi/lib/thumb/v7e-m+fp/hard\libc_nano.a(lib_a-isattyr.o)
 .ARM.attributes
                0x00000ced       0x34 c:/program files (x86)/gnu arm embedded toolchain/9 2020-q2-update/bin/../lib/gcc/arm-none-eabi/9.3.1/../../../../arm-none-eabi/lib/thumb/v7e-m+fp/hard\libc_nano.a(lib_a-lseekr.o)
 .ARM.attributes
                0x00000d21       0x34 c:/program files (x86)/gnu arm embedded toolchain/9 2020-q2-update/bin/../lib/gcc/arm-none-eabi/9.3.1/../../../../arm-none-eabi/lib/thumb/v7e-m+fp/hard\libc_nano.a(lib_a-readr.o)
 .ARM.attributes
                0x00000d55       0x34 c:/program files (x86)/gnu arm embedded toolchain/9 2020-q2-update/bin/../lib/gcc/arm-none-eabi/9.3.1/../../../../arm-none-eabi/lib/thumb/v7e-m+fp/hard\libnosys.a(close.o)
 .ARM.attributes
                0x00000d89       0x34 c:/program files (x86)/gnu arm embedded toolchain/9 2020-q2-update/bin/../lib/gcc/arm-none-eabi/9.3.1/../../../../arm-none-eabi/lib/thumb/v7e-m+fp/hard\libnosys.a(fstat.o)
 .ARM.attributes
                0x00000dbd       0x34 c:/program files (x86)/gnu arm embedded toolchain/9 2020-q2-update/bin/../lib/gcc/arm-none-eabi/9.3.1/../../../../arm-none-eabi/lib/thumb/v7e-m+fp/hard\libnosys.a(isatty.o)
 .ARM.attributes
                0x00000df1       0x34 c:/program files (x86)/gnu arm embedded toolchain/9 2020-q2-update/bin/../lib/gcc/arm-none-eabi/9.3.1/../../../../arm-none-eabi/lib/thumb/v7e-m+fp/hard\libnosys.a(lseek.o)
 .ARM.attributes
                0x00000e25       0x34 c:/program files (x86)/gnu arm embedded toolchain/9 2020-q2-update/bin/../lib/gcc/arm-none-eabi/9.3.1/../../../../arm-none-eabi/lib/thumb/v7e-m+fp/hard\libnosys.a(read.o)
 .ARM.attributes
                0x00000e59       0x34 c:/program files (x86)/gnu arm embedded toolchain/9 2020-q2-update/bin/../lib/gcc/arm-none-eabi/9.3.1/../../../../arm-none-eabi/lib/thumb/v7e-m+fp/hard\libnosys.a(sbrk.o)
 .ARM.attributes
                0x00000e8d       0x34 c:/program files (x86)/gnu arm embedded toolchain/9 2020-q2-update/bin/../lib/gcc/arm-none-eabi/9.3.1/../../../../arm-none-eabi/lib/thumb/v7e-m+fp/hard\libnosys.a(write.o)
 .ARM.attributes
                0x00000ec1       0x34 c:/program files (x86)/gnu arm embedded toolchain/9 2020-q2-update/bin/../lib/gcc/arm-none-eabi/9.3.1/../../../../arm-none-eabi/lib/thumb/v7e-m+fp/hard\libnosys.a(_exit.o)
 .ARM.attributes
                0x00000ef5       0x32 c:/program files (x86)/gnu arm embedded toolchain/9 2020-q2-update/bin/../lib/gcc/arm-none-eabi/9.3.1/thumb/v7e-m+fp/hard/crtend.o
 .ARM.attributes
                0x00000f27       0x1e c:/program files (x86)/gnu arm embedded toolchain/9 2020-q2-update/bin/../lib/gcc/arm-none-eabi/9.3.1/thumb/v7e-m+fp/hard/crtn.o

.comment        0x00000000       0x4c
 .comment       0x00000000       0x4c _build/nrf52832_xxaa/nrf_log_backend_serial.c.o
                                 0x4d (size before relaxing)
 .comment       0x0000004c       0x4d _build/nrf52832_xxaa/nrf_log_backend_uart.c.o
 .comment       0x0000004c       0x4d _build/nrf52832_xxaa/nrf_log_default_backends.c.o
 .comment       0x0000004c       0x4d _build/nrf52832_xxaa/nrf_log_frontend.c.o
 .comment       0x0000004c       0x4d _build/nrf52832_xxaa/nrf_log_str_formatter.c.o
 .comment       0x0000004c       0x4d _build/nrf52832_xxaa/boards.c.o
 .comment       0x0000004c       0x4d _build/nrf52832_xxaa/app_error.c.o
 .comment       0x0000004c       0x4d _build/nrf52832_xxaa/app_error_weak.c.o
 .comment       0x0000004c       0x4d _build/nrf52832_xxaa/app_util_platform.c.o
 .comment       0x0000004c       0x4d _build/nrf52832_xxaa/nrf_atomic.c.o
 .comment       0x0000004c       0x4d _build/nrf52832_xxaa/nrf_balloc.c.o
 .comment       0x0000004c       0x4d _build/nrf52832_xxaa/app_timer.c.o
 .comment       0x0000004c       0x4d _build/nrf52832_xxaa/nrf_fprintf.c.o
 .comment       0x0000004c       0x4d _build/nrf52832_xxaa/nrf_fprintf_format.c.o
 .comment       0x0000004c       0x4d _build/nrf52832_xxaa/cJSON.c.o
 .comment       0x0000004c       0x4d _build/nrf52832_xxaa/nrf_libuarte_async.c.o
 .comment       0x0000004c       0x4d _build/nrf52832_xxaa/nrf_libuarte_drv.c.o
 .comment       0x0000004c       0x4d _build/nrf52832_xxaa/nrf_memobj.c.o
 .comment       0x0000004c       0x4d _build/nrf52832_xxaa/nrf_ringbuf.c.o
 .comment       0x0000004c       0x4d _build/nrf52832_xxaa/nrf_drv_uart.c.o
 .comment       0x0000004c       0x4d _build/nrf52832_xxaa/nrf_drv_clock.c.o
 .comment       0x0000004c       0x4d _build/nrf52832_xxaa/nrfx_clock.c.o
 .comment       0x0000004c       0x4d _build/nrf52832_xxaa/nrfx_rtc.c.o
 .comment       0x0000004c       0x4d _build/nrf52832_xxaa/nrfx_gpiote.c.o
 .comment       0x0000004c       0x4d _build/nrf52832_xxaa/nrfx_ppi.c.o
 .comment       0x0000004c       0x4d _build/nrf52832_xxaa/nrfx_timer.c.o
 .comment       0x0000004c       0x4d _build/nrf52832_xxaa/nrfx_prs.c.o
 .comment       0x0000004c       0x4d _build/nrf52832_xxaa/nrfx_uart.c.o
 .comment       0x0000004c       0x4d _build/nrf52832_xxaa/nrfx_uarte.c.o
 .comment       0x0000004c       0x4d _build/nrf52832_xxaa/main.c.o
 .comment       0x0000004c       0x4d _build/nrf52832_xxaa/lib_uarte.c.o
 .comment       0x0000004c       0x4d _build/nrf52832_xxaa/system_nrf52.c.o

.debug_line     0x00000000    0x24b7d
 .debug_line    0x00000000       0x8a _build/nrf52832_xxaa/gcc_startup_nrf52.S.o
 .debug_line    0x0000008a      0x909 _build/nrf52832_xxaa/nrf_log_backend_serial.c.o
 .debug_line    0x00000993      0xc42 _build/nrf52832_xxaa/nrf_log_backend_uart.c.o
 .debug_line    0x000015d5      0x7e0 _build/nrf52832_xxaa/nrf_log_default_backends.c.o
 .debug_line    0x00001db5     0x2c57 _build/nrf52832_xxaa/nrf_log_frontend.c.o
 .debug_line    0x00004a0c      0xa40 _build/nrf52832_xxaa/nrf_log_str_formatter.c.o
 .debug_line    0x0000544c      0xd9a _build/nrf52832_xxaa/boards.c.o
 .debug_line    0x000061e6      0x600 _build/nrf52832_xxaa/app_error.c.o
 .debug_line    0x000067e6      0x8cc _build/nrf52832_xxaa/app_error_weak.c.o
 .debug_line    0x000070b2      0x6c0 _build/nrf52832_xxaa/app_util_platform.c.o
 .debug_line    0x00007772      0x91a _build/nrf52832_xxaa/nrf_atomic.c.o
 .debug_line    0x0000808c      0x935 _build/nrf52832_xxaa/nrf_balloc.c.o
 .debug_line    0x000089c1     0x175e _build/nrf52832_xxaa/app_timer.c.o
 .debug_line    0x0000a11f      0x5d6 _build/nrf52832_xxaa/nrf_fprintf.c.o
 .debug_line    0x0000a6f5      0xfb0 _build/nrf52832_xxaa/nrf_fprintf_format.c.o
 .debug_line    0x0000b6a5     0x4803 _build/nrf52832_xxaa/cJSON.c.o
 .debug_line    0x0000fea8     0x1867 _build/nrf52832_xxaa/nrf_libuarte_async.c.o
 .debug_line    0x0001170f     0x2677 _build/nrf52832_xxaa/nrf_libuarte_drv.c.o
 .debug_line    0x00013d86      0xbc7 _build/nrf52832_xxaa/nrf_memobj.c.o
 .debug_line    0x0001494d      0xa1b _build/nrf52832_xxaa/nrf_ringbuf.c.o
 .debug_line    0x00015368      0x8ba _build/nrf52832_xxaa/nrf_drv_uart.c.o
 .debug_line    0x00015c22      0xe13 _build/nrf52832_xxaa/nrf_drv_clock.c.o
 .debug_line    0x00016a35     0x1006 _build/nrf52832_xxaa/nrfx_clock.c.o
 .debug_line    0x00017a3b     0x12a9 _build/nrf52832_xxaa/nrfx_rtc.c.o
 .debug_line    0x00018ce4     0x2ab7 _build/nrf52832_xxaa/nrfx_gpiote.c.o
 .debug_line    0x0001b79b     0x12d2 _build/nrf52832_xxaa/nrfx_ppi.c.o
 .debug_line    0x0001ca6d     0x1609 _build/nrf52832_xxaa/nrfx_timer.c.o
 .debug_line    0x0001e076      0x9a4 _build/nrf52832_xxaa/nrfx_prs.c.o
 .debug_line    0x0001ea1a     0x1e96 _build/nrf52832_xxaa/nrfx_uart.c.o
 .debug_line    0x000208b0     0x1d72 _build/nrf52832_xxaa/nrfx_uarte.c.o
 .debug_line    0x00022622     0x10b6 _build/nrf52832_xxaa/main.c.o
 .debug_line    0x000236d8      0xb3b _build/nrf52832_xxaa/lib_uarte.c.o
 .debug_line    0x00024213      0x96a _build/nrf52832_xxaa/system_nrf52.c.o

.debug_info     0x00000000    0x43822
 .debug_info    0x00000000       0x26 _build/nrf52832_xxaa/gcc_startup_nrf52.S.o
 .debug_info    0x00000026     0x11f6 _build/nrf52832_xxaa/nrf_log_backend_serial.c.o
 .debug_info    0x0000121c     0x1c4c _build/nrf52832_xxaa/nrf_log_backend_uart.c.o
 .debug_info    0x00002e68      0xd48 _build/nrf52832_xxaa/nrf_log_default_backends.c.o
 .debug_info    0x00003bb0     0x45d7 _build/nrf52832_xxaa/nrf_log_frontend.c.o
 .debug_info    0x00008187     0x13db _build/nrf52832_xxaa/nrf_log_str_formatter.c.o
 .debug_info    0x00009562     0x16f2 _build/nrf52832_xxaa/boards.c.o
 .debug_info    0x0000ac54      0xbac _build/nrf52832_xxaa/app_error.c.o
 .debug_info    0x0000b800      0xfd5 _build/nrf52832_xxaa/app_error_weak.c.o
 .debug_info    0x0000c7d5     0x10bb _build/nrf52832_xxaa/app_util_platform.c.o
 .debug_info    0x0000d890     0x13e4 _build/nrf52832_xxaa/nrf_atomic.c.o
 .debug_info    0x0000ec74      0xe40 _build/nrf52832_xxaa/nrf_balloc.c.o
 .debug_info    0x0000fab4     0x2976 _build/nrf52832_xxaa/app_timer.c.o
 .debug_info    0x0001242a      0xb51 _build/nrf52832_xxaa/nrf_fprintf.c.o
 .debug_info    0x00012f7b     0x157d _build/nrf52832_xxaa/nrf_fprintf_format.c.o
 .debug_info    0x000144f8     0x53da _build/nrf52832_xxaa/cJSON.c.o
 .debug_info    0x000198d2     0x3b1c _build/nrf52832_xxaa/nrf_libuarte_async.c.o
 .debug_info    0x0001d3ee     0x53ae _build/nrf52832_xxaa/nrf_libuarte_drv.c.o
 .debug_info    0x0002279c     0x15ca _build/nrf52832_xxaa/nrf_memobj.c.o
 .debug_info    0x00023d66      0xf3a _build/nrf52832_xxaa/nrf_ringbuf.c.o
 .debug_info    0x00024ca0     0x1a96 _build/nrf52832_xxaa/nrf_drv_uart.c.o
 .debug_info    0x00026736     0x16ac _build/nrf52832_xxaa/nrf_drv_clock.c.o
 .debug_info    0x00027de2     0x1df8 _build/nrf52832_xxaa/nrfx_clock.c.o
 .debug_info    0x00029bda     0x2465 _build/nrf52832_xxaa/nrfx_rtc.c.o
 .debug_info    0x0002c03f     0x436d _build/nrf52832_xxaa/nrfx_gpiote.c.o
 .debug_info    0x000303ac     0x1e8a _build/nrf52832_xxaa/nrfx_ppi.c.o
 .debug_info    0x00032236     0x2969 _build/nrf52832_xxaa/nrfx_timer.c.o
 .debug_info    0x00034b9f     0x11aa _build/nrf52832_xxaa/nrfx_prs.c.o
 .debug_info    0x00035d49     0x40b0 _build/nrf52832_xxaa/nrfx_uart.c.o
 .debug_info    0x00039df9     0x3fe2 _build/nrf52832_xxaa/nrfx_uarte.c.o
 .debug_info    0x0003dddb     0x21dd _build/nrf52832_xxaa/main.c.o
 .debug_info    0x0003ffb8     0x25f3 _build/nrf52832_xxaa/lib_uarte.c.o
 .debug_info    0x000425ab     0x1277 _build/nrf52832_xxaa/system_nrf52.c.o

.debug_abbrev   0x00000000     0x857b
 .debug_abbrev  0x00000000       0x14 _build/nrf52832_xxaa/gcc_startup_nrf52.S.o
 .debug_abbrev  0x00000014      0x2cc _build/nrf52832_xxaa/nrf_log_backend_serial.c.o
 .debug_abbrev  0x000002e0      0x41d _build/nrf52832_xxaa/nrf_log_backend_uart.c.o
 .debug_abbrev  0x000006fd      0x294 _build/nrf52832_xxaa/nrf_log_default_backends.c.o
 .debug_abbrev  0x00000991      0x615 _build/nrf52832_xxaa/nrf_log_frontend.c.o
 .debug_abbrev  0x00000fa6      0x320 _build/nrf52832_xxaa/nrf_log_str_formatter.c.o
 .debug_abbrev  0x000012c6      0x440 _build/nrf52832_xxaa/boards.c.o
 .debug_abbrev  0x00001706      0x276 _build/nrf52832_xxaa/app_error.c.o
 .debug_abbrev  0x0000197c      0x2e9 _build/nrf52832_xxaa/app_error_weak.c.o
 .debug_abbrev  0x00001c65      0x37f _build/nrf52832_xxaa/app_util_platform.c.o
 .debug_abbrev  0x00001fe4      0x378 _build/nrf52832_xxaa/nrf_atomic.c.o
 .debug_abbrev  0x0000235c      0x343 _build/nrf52832_xxaa/nrf_balloc.c.o
 .debug_abbrev  0x0000269f      0x528 _build/nrf52832_xxaa/app_timer.c.o
 .debug_abbrev  0x00002bc7      0x27d _build/nrf52832_xxaa/nrf_fprintf.c.o
 .debug_abbrev  0x00002e44      0x3fa _build/nrf52832_xxaa/nrf_fprintf_format.c.o
 .debug_abbrev  0x0000323e      0x65d _build/nrf52832_xxaa/cJSON.c.o
 .debug_abbrev  0x0000389b      0x5dc _build/nrf52832_xxaa/nrf_libuarte_async.c.o
 .debug_abbrev  0x00003e77      0x5d5 _build/nrf52832_xxaa/nrf_libuarte_drv.c.o
 .debug_abbrev  0x0000444c      0x397 _build/nrf52832_xxaa/nrf_memobj.c.o
 .debug_abbrev  0x000047e3      0x2b2 _build/nrf52832_xxaa/nrf_ringbuf.c.o
 .debug_abbrev  0x00004a95      0x2da _build/nrf52832_xxaa/nrf_drv_uart.c.o
 .debug_abbrev  0x00004d6f      0x535 _build/nrf52832_xxaa/nrf_drv_clock.c.o
 .debug_abbrev  0x000052a4      0x543 _build/nrf52832_xxaa/nrfx_clock.c.o
 .debug_abbrev  0x000057e7      0x565 _build/nrf52832_xxaa/nrfx_rtc.c.o
 .debug_abbrev  0x00005d4c      0x5c8 _build/nrf52832_xxaa/nrfx_gpiote.c.o
 .debug_abbrev  0x00006314      0x47d _build/nrf52832_xxaa/nrfx_ppi.c.o
 .debug_abbrev  0x00006791      0x502 _build/nrf52832_xxaa/nrfx_timer.c.o
 .debug_abbrev  0x00006c93      0x35b _build/nrf52832_xxaa/nrfx_prs.c.o
 .debug_abbrev  0x00006fee      0x576 _build/nrf52832_xxaa/nrfx_uart.c.o
 .debug_abbrev  0x00007564      0x54a _build/nrf52832_xxaa/nrfx_uarte.c.o
 .debug_abbrev  0x00007aae      0x49c _build/nrf52832_xxaa/main.c.o
 .debug_abbrev  0x00007f4a      0x40b _build/nrf52832_xxaa/lib_uarte.c.o
 .debug_abbrev  0x00008355      0x226 _build/nrf52832_xxaa/system_nrf52.c.o

.debug_aranges  0x00000000      0xc80
 .debug_aranges
                0x00000000       0x20 _build/nrf52832_xxaa/gcc_startup_nrf52.S.o
 .debug_aranges
                0x00000020       0x20 _build/nrf52832_xxaa/nrf_log_backend_serial.c.o
 .debug_aranges
                0x00000040       0x48 _build/nrf52832_xxaa/nrf_log_backend_uart.c.o
 .debug_aranges
                0x00000088       0x20 _build/nrf52832_xxaa/nrf_log_default_backends.c.o
 .debug_aranges
                0x000000a8       0xb8 _build/nrf52832_xxaa/nrf_log_frontend.c.o
 .debug_aranges
                0x00000160       0x38 _build/nrf52832_xxaa/nrf_log_str_formatter.c.o
 .debug_aranges
                0x00000198       0x78 _build/nrf52832_xxaa/boards.c.o
 .debug_aranges
                0x00000210       0x28 _build/nrf52832_xxaa/app_error.c.o
 .debug_aranges
                0x00000238       0x20 _build/nrf52832_xxaa/app_error_weak.c.o
 .debug_aranges
                0x00000258       0x48 _build/nrf52832_xxaa/app_util_platform.c.o
 .debug_aranges
                0x000002a0       0xb0 _build/nrf52832_xxaa/nrf_atomic.c.o
 .debug_aranges
                0x00000350       0x30 _build/nrf52832_xxaa/nrf_balloc.c.o
 .debug_aranges
                0x00000380       0x70 _build/nrf52832_xxaa/app_timer.c.o
 .debug_aranges
                0x000003f0       0x28 _build/nrf52832_xxaa/nrf_fprintf.c.o
 .debug_aranges
                0x00000418       0x28 _build/nrf52832_xxaa/nrf_fprintf_format.c.o
 .debug_aranges
                0x00000440      0x190 _build/nrf52832_xxaa/cJSON.c.o
 .debug_aranges
                0x000005d0       0x70 _build/nrf52832_xxaa/nrf_libuarte_async.c.o
 .debug_aranges
                0x00000640       0x60 _build/nrf52832_xxaa/nrf_libuarte_drv.c.o
 .debug_aranges
                0x000006a0       0x50 _build/nrf52832_xxaa/nrf_memobj.c.o
 .debug_aranges
                0x000006f0       0x50 _build/nrf52832_xxaa/nrf_ringbuf.c.o
 .debug_aranges
                0x00000740       0x30 _build/nrf52832_xxaa/nrf_drv_uart.c.o
 .debug_aranges
                0x00000770       0x80 _build/nrf52832_xxaa/nrf_drv_clock.c.o
 .debug_aranges
                0x000007f0       0x78 _build/nrf52832_xxaa/nrfx_clock.c.o
 .debug_aranges
                0x00000868       0x78 _build/nrf52832_xxaa/nrfx_rtc.c.o
 .debug_aranges
                0x000008e0       0xd8 _build/nrf52832_xxaa/nrfx_gpiote.c.o
 .debug_aranges
                0x000009b8       0x80 _build/nrf52832_xxaa/nrfx_ppi.c.o
 .debug_aranges
                0x00000a38       0xa0 _build/nrf52832_xxaa/nrfx_timer.c.o
 .debug_aranges
                0x00000ad8       0x30 _build/nrf52832_xxaa/nrfx_prs.c.o
 .debug_aranges
                0x00000b08       0x78 _build/nrf52832_xxaa/nrfx_uart.c.o
 .debug_aranges
                0x00000b80       0x68 _build/nrf52832_xxaa/nrfx_uarte.c.o
 .debug_aranges
                0x00000be8       0x40 _build/nrf52832_xxaa/main.c.o
 .debug_aranges
                0x00000c28       0x30 _build/nrf52832_xxaa/lib_uarte.c.o
 .debug_aranges
                0x00000c58       0x28 _build/nrf52832_xxaa/system_nrf52.c.o

.debug_str      0x00000000    0x84ef2
 .debug_str     0x00000000       0x6b _build/nrf52832_xxaa/gcc_startup_nrf52.S.o
 .debug_str     0x0000006b    0x6e08d _build/nrf52832_xxaa/nrf_log_backend_serial.c.o
                              0x6f2d5 (size before relaxing)
 .debug_str     0x0006e0f8     0x4958 _build/nrf52832_xxaa/nrf_log_backend_uart.c.o
                              0x736f7 (size before relaxing)
 .debug_str     0x00072a50      0x120 _build/nrf52832_xxaa/nrf_log_default_backends.c.o
                              0x6f08c (size before relaxing)
 .debug_str     0x00072b70     0x136a _build/nrf52832_xxaa/nrf_log_frontend.c.o
                              0x70537 (size before relaxing)
 .debug_str     0x00073eda      0x6aa _build/nrf52832_xxaa/nrf_log_str_formatter.c.o
                              0x6f7f7 (size before relaxing)
 .debug_str     0x00074584     0x11c7 _build/nrf52832_xxaa/boards.c.o
                              0x6fc57 (size before relaxing)
 .debug_str     0x0007574b       0xf8 _build/nrf52832_xxaa/app_error.c.o
                              0x60a4c (size before relaxing)
 .debug_str     0x00075843       0xdd _build/nrf52832_xxaa/app_error_weak.c.o
                              0x6f755 (size before relaxing)
 .debug_str     0x00075920      0x3c4 _build/nrf52832_xxaa/app_util_platform.c.o
                              0x61259 (size before relaxing)
 .debug_str     0x00075ce4      0x6bd _build/nrf52832_xxaa/nrf_atomic.c.o
                              0x6b129 (size before relaxing)
 .debug_str     0x000763a1      0x168 _build/nrf52832_xxaa/nrf_balloc.c.o
                              0x6f07a (size before relaxing)
 .debug_str     0x00076509      0xbfd _build/nrf52832_xxaa/app_timer.c.o
                              0x7003f (size before relaxing)
 .debug_str     0x00077106      0x148 _build/nrf52832_xxaa/nrf_fprintf.c.o
                              0x6ad82 (size before relaxing)
 .debug_str     0x0007724e      0x50e _build/nrf52832_xxaa/nrf_fprintf_format.c.o
                              0x6b26b (size before relaxing)
 .debug_str     0x0007775c     0x15c9 _build/nrf52832_xxaa/cJSON.c.o
                               0x84dc (size before relaxing)
 .debug_str     0x00078d25     0x4df0 _build/nrf52832_xxaa/nrf_libuarte_async.c.o
                              0x7810f (size before relaxing)
 .debug_str     0x0007db15     0x138e _build/nrf52832_xxaa/nrf_libuarte_drv.c.o
                              0x75300 (size before relaxing)
 .debug_str     0x0007eea3      0x190 _build/nrf52832_xxaa/nrf_memobj.c.o
                              0x6d43e (size before relaxing)
 .debug_str     0x0007f033       0xe0 _build/nrf52832_xxaa/nrf_ringbuf.c.o
                              0x6bb30 (size before relaxing)
 .debug_str     0x0007f113      0x20a _build/nrf52832_xxaa/nrf_drv_uart.c.o
                              0x6fec0 (size before relaxing)
 .debug_str     0x0007f31d      0x953 _build/nrf52832_xxaa/nrf_drv_clock.c.o
                              0x722c8 (size before relaxing)
 .debug_str     0x0007fc70      0x84e _build/nrf52832_xxaa/nrfx_clock.c.o
                              0x72a27 (size before relaxing)
 .debug_str     0x000804be      0x433 _build/nrf52832_xxaa/nrfx_rtc.c.o
                              0x72b95 (size before relaxing)
 .debug_str     0x000808f1      0xcb4 _build/nrf52832_xxaa/nrfx_gpiote.c.o
                              0x73c29 (size before relaxing)
 .debug_str     0x000815a5      0x2fe _build/nrf52832_xxaa/nrfx_ppi.c.o
                              0x724a4 (size before relaxing)
 .debug_str     0x000818a3      0x4f9 _build/nrf52832_xxaa/nrfx_timer.c.o
                              0x73273 (size before relaxing)
 .debug_str     0x00081d9c      0x284 _build/nrf52832_xxaa/nrfx_prs.c.o
                              0x7212d (size before relaxing)
 .debug_str     0x00082020      0x69f _build/nrf52832_xxaa/nrfx_uart.c.o
                              0x732c3 (size before relaxing)
 .debug_str     0x000826bf      0x57d _build/nrf52832_xxaa/nrfx_uarte.c.o
                              0x7374b (size before relaxing)
 .debug_str     0x00082c3c     0x1d5a _build/nrf52832_xxaa/main.c.o
                              0x7a8e9 (size before relaxing)
 .debug_str     0x00084996      0x21d _build/nrf52832_xxaa/lib_uarte.c.o
                              0x74f74 (size before relaxing)
 .debug_str     0x00084bb3      0x33f _build/nrf52832_xxaa/system_nrf52.c.o
                              0x5c53c (size before relaxing)

.debug_loc      0x00000000    0x208aa
 .debug_loc     0x00000000      0x186 _build/nrf52832_xxaa/nrf_log_backend_serial.c.o
 .debug_loc     0x00000186      0x334 _build/nrf52832_xxaa/nrf_log_backend_uart.c.o
 .debug_loc     0x000004ba       0x17 _build/nrf52832_xxaa/nrf_log_default_backends.c.o
 .debug_loc     0x000004d1     0x4d6c _build/nrf52832_xxaa/nrf_log_frontend.c.o
 .debug_loc     0x0000523d      0x486 _build/nrf52832_xxaa/nrf_log_str_formatter.c.o
 .debug_loc     0x000056c3      0x903 _build/nrf52832_xxaa/boards.c.o
 .debug_loc     0x00005fc6       0xc8 _build/nrf52832_xxaa/app_error.c.o
 .debug_loc     0x0000608e       0x6f _build/nrf52832_xxaa/app_error_weak.c.o
 .debug_loc     0x000060fd      0x11a _build/nrf52832_xxaa/app_util_platform.c.o
 .debug_loc     0x00006217      0x587 _build/nrf52832_xxaa/nrf_atomic.c.o
 .debug_loc     0x0000679e      0x285 _build/nrf52832_xxaa/nrf_balloc.c.o
 .debug_loc     0x00006a23     0x145a _build/nrf52832_xxaa/app_timer.c.o
 .debug_loc     0x00007e7d       0x54 _build/nrf52832_xxaa/nrf_fprintf.c.o
 .debug_loc     0x00007ed1     0x104a _build/nrf52832_xxaa/nrf_fprintf_format.c.o
 .debug_loc     0x00008f1b     0x80f3 _build/nrf52832_xxaa/cJSON.c.o
 .debug_loc     0x0001100e     0x10f5 _build/nrf52832_xxaa/nrf_libuarte_async.c.o
 .debug_loc     0x00012103     0x26f6 _build/nrf52832_xxaa/nrf_libuarte_drv.c.o
 .debug_loc     0x000147f9     0x100c _build/nrf52832_xxaa/nrf_memobj.c.o